Verified 157 release archive members

added 91 packages, and audited 92 packages in 674ms

29 packages are looking for funding
  run `npm fund` for details

found 0 vulnerabilities

> siderail@0.1.1 artifact:verify
> node scripts/verify-artifact.mjs

Verified 5 manifest runtime files and 58 archive runtime dependencies, all in the npm files allowlist

> siderail@0.1.1 check
> npm run lint && npm run test:coverage


> siderail@0.1.1 lint
> node scripts/lint.mjs && eslint . && knip --include exports


> siderail@0.1.1 test:coverage
> node --test --test-concurrency=1 --experimental-test-coverage --test-coverage-include='src/**/*.mjs' --test-coverage-lines=95 --test-coverage-branches=86 --test-coverage-functions=95 test/*.test.mjs

✔ tab creation uses the event tab instead of the globally focused tab (0.910458ms)
✔ startup reconciliation chooses one non-SideRail pane per tab (0.287584ms)
✔ event reconciliation filters to the created tab (0.070542ms)
✔ legacy layout-staging tabs never trigger auto-open (0.048292ms)
✔ bounded sweep caps workers and preserves mixed partial results (0.772458ms)
✔ bounded sweep does not dequeue work after its global deadline (0.099041ms)
✔ bounded sweep cancels every target when the deadline has already expired (0.085459ms)
✔ bounded sweep reports both active and queued jobs as deadline-cancelled (0.138625ms)
✔ auto-open target gives its process group the remaining deadline and recovery grace (1.709916ms)
✔ the global auto-open deadline starts before Herdr discovery (3.656375ms)
✔ only user configuration can disable automatic Herdr opening (2.102667ms)
✔ non-Git legacy labels never authorize closing a user pane (214.271375ms)
✔ Herdr launch keeps plugin code rooted while passing the selected repository explicitly (468.800875ms)
✔ help and version need no host (5.927416ms)
✔ unknown commands and hosts fail with usage (1.733833ms)
✔ setup with no host registers every detected host (3.216583ms)
✔ setup skips missing hosts, and fails when none is found (3.549375ms)
✔ cmux is detected from PATH or the macOS application (3.386583ms)
✔ setup reports a moved Herdr link and an updated Dock control (1.539125ms)
✔ status reports each host, including stale and missing registrations (5.381208ms)
✔ uninstall removes only registrations that belong to this install (3.807834ms)
✔ explicit cmux uninstall removes a control from another install (1.39525ms)
✔ Herdr failures other than a missing executable propagate (0.832041ms)
✔ the installed bin runs through a symlink and reports errors on stderr (118.688125ms)
✔ the bin exits cleanly when its reader closes the pipe early (211.006541ms)
✔ uninstall unlinks only the plugin id it verified, whatever HERDR_PLUGIN_ID says (1.375959ms)
✔ default uninstall recognizes this install's control at a quoted path and leaves a quoted foreign one (3.404333ms)
✔ cmux context events are scoped to the Dock owner window (0.535542ms)
✔ cmux context watcher decodes chunked events and closes its child (1.383833ms)
✔ cmux context watcher tolerates an unavailable stream without an error observer (0.357375ms)
✔ an unscoped watcher accepts every window while events without a window are never dropped (0.056875ms)
✔ an event payload window overrides nothing when the frame already names another window (0.051291ms)
✔ closing a cmux context watcher twice kills its child exactly once (0.271584ms)
✔ a clean cmux event stream exit is not an error but still reports the lost stream (0.678291ms)
✔ an unrequested cmux event stream failure reports both the error and the lost stream (0.286458ms)
✔ closing a cmux context watcher deliberately reports neither an error nor a lost stream (0.262541ms)
✔ a cmux context watcher without a close observer still tolerates an exit (0.23975ms)
✔ cmux executable selection prefers an explicit override and then the bundled CLI (0.6095ms)
✔ cmux Dock control ownership is keyed by its own surface, not the workspace it follows (7.40375ms)
✔ cmux Dock control registration rejects incomplete, missing, malformed, and mismatched ownership (4.173834ms)
✔ cmux Dock control registration follows a live surface across workspace changes (1.300292ms)
✔ cmux Dock registration liveness requires the recorded process (0.108084ms)
✔ a reused process id cannot revive a version 3 registration (0.08075ms)
✔ a markerless version 3 record is invalid rather than silently process-id only (1.353125ms)
✔ registration fails rather than writing a version 3 record without a start marker (0.594209ms)
✔ the process start marker is read in a fixed locale and zone (0.162375ms)
✔ the process start marker rejects a row that belongs to another process (0.319709ms)
✔ main workspace selection never treats the SideRail Dock surface as its source surface (0.075709ms)
✔ cmux context resolves live main-area cwd while preserving every Dock identity (0.810167ms)
✔ cmux context falls back to the configured project cwd when discovery fails (0.157375ms)
✔ cmux context can resolve an older caller-scoped workspace without a window id (0.706041ms)
✔ cmux context remains anchored to its owner window when global focus moves (0.242625ms)
✔ cmux context recovers the selected project from the focused surface when workspace cwd is stale (0.329916ms)
✔ cmux context pins a valid main-surface launch folder when Dock activity contaminates workspace cwd (0.271083ms)
✔ cmux context never substitutes the SideRail Dock cwd for a missing selected project (0.120833ms)
✔ Dock owner window is discovered from the Dock's own surface when cmux reports no caller (0.10825ms)
✔ Dock owner window discovery is skipped without a surface of its own (0.035666ms)
✔ Dock owner window falls back to a live window hint before the global-Dock workspace convention (0.085166ms)
✔ cmux context resolves the Dock-owning window when identify has no caller and focus is elsewhere (0.56125ms)
✔ cmux context never resolves the focused window's project for a Dock owned by another window (0.254375ms)
✔ cmux context reuses a cached owner window without repeating Dock discovery (0.228083ms)
✔ cmux context still resolves a project when Dock owner discovery fails outright (0.266375ms)
✔ a checked-out candidate outranks an existing but unversioned directory (0.188292ms)
✔ no checked-out candidate keeps the first existing directory rather than an unusable path (0.105542ms)
✔ repository detection accepts a linked worktree whose .git is a file (1.723667ms)
✔ cmux Dock control state paths cannot escape the SideRail cache directory (1.263125ms)
✔ cmux Dock control lookup ignores another control's record for the same surface (2.2455ms)
✔ cmux Dock control lookup prefers the current workspace and then the newest record (2.03375ms)
✔ a main surface launched from home does not outrank the workspace's checked-out project (0.180291ms)
✔ a legacy record is migrated forward and its duplicates for the same surface are removed (3.531875ms)
✔ a version 3 record is preferred without ever scanning legacy records (1.379125ms)
✔ a failed migration still returns the legacy record rather than losing the control (1.142833ms)
✔ legacy selection prefers the current workspace and then the newest record (8.305875ms)
✔ a dead process never causes a record to be pruned, so relaunch can still find its Dock (1.319875ms)
✔ a registration landing mid-migration is never clobbered by the legacy record (2.206209ms)
✔ concurrent migrations of one legacy record agree on a single canonical winner (5.364291ms)
✔ manual launch creates one unfocused Dock terminal and reveals Dock without stealing focus (2.864083ms)
✔ manual launch adopts an existing SideRail Dock surface instead of duplicating it (0.838208ms)
✔ manual launch recognizes its configured Dock caller identity even with cmux's startup wrapper (0.391708ms)
✔ manual launch can coexist with an unrelated configured Dock control (0.34025ms)
✔ manual launch adopts a registered configured SideRail control (0.364958ms)
✔ manual launch finds an active configured control after the main workspace changes (0.286709ms)
✔ manual launch reuses a registered post-q login shell (0.39325ms)
✔ manual launch waits for a starting configured control to register (0.296ms)
✔ manual launch adopts a Dock surface with an exposed SideRail control id (0.285584ms)
✔ manual launch fails closed without a selected main workspace or Dock response (0.510584ms)
✔ Dock relaunch command restates variables and quotes shell metacharacters (0.086958ms)
✔ relaunching an existing Dock surface restores the owner window and project directory (0.915625ms)
✔ a relaunched Dock surface receives exactly the environment a created one does (0.541708ms)
✔ a Dock launch without a resolvable owner window omits the window variable rather than guessing (0.384458ms)
✔ a relaunch decision awaits an asynchronous liveness verdict (0.293083ms)
✔ an active registration is still adopted rather than relaunched (0.259292ms)
✔ clean rows open an exact read-only materialization in cmux's native file viewer (7.624125ms)
✔ changed rows open their exact selected revision in cmux's native file viewer (2.083292ms)
✔ missing main surface falls back within the explicit workspace without inheriting the Dock surface (2.033625ms)
✔ Dock surface is never closed from stale cmux native-preview state (1.7315ms)
✔ foreign type is never closed from stale cmux native-preview state (1.749333ms)
✔ foreign id is never closed from stale cmux native-preview state (1.8915ms)
✔ a missing stale surface releases its retained native-file materialization (2.543334ms)
✔ each open adds a new native tab and stable ownership survives Dock surface rotation (2.991542ms)
✔ stable control ownership migrates legacy surface-keyed preview state (2.184167ms)
✔ replacement-era ownership migrates without closing its native tabs (1.990625ms)
✔ unreadable legacy ownership is reported without blocking a new preview (1.665291ms)
▶ native identity names the actual bytes for clean and deletion fallbacks
  ✔ clean Files row (1.52625ms)
  ✔ staged deletion (1.575208ms)
  ✔ commit deletion (1.790625ms)
  ✔ unstaged worktree (1.367375ms)
  ✔ untracked worktree (1.368958ms)
  ✔ against-base revision (1.302666ms)
  ✔ against-base worktree fallback (1.331ms)
  ✔ selected commit revision (1.5005ms)
  ✔ filesystem worktree (1.277ms)
✔ native identity names the actual bytes for clean and deletion fallbacks (13.598708ms)
✔ transient discovery failures retain open tabs and later prune only closed tabs (3.986542ms)
✔ malformed ownership is ignored while an unreadable ownership path fails before cmux mutation (1.876917ms)
✔ ownership write failure closes the new native surface and removes its materialization (1.237208ms)
✔ ownership failure reports failed compensation without hiding either error (1.251084ms)
✔ malformed native open responses fail and remove prepared files (1.222208ms)
✔ partial native open reports failed close compensation (1.100291ms)
✔ a failed native file-open command removes the prepared materialization (1.110333ms)
✔ direct file-open payloads and fallback filenames remain supported (1.801666ms)
✔ stale preview inspection failures are warnings and retain the old materialization (1.682291ms)
✔ a cleanup-state rewrite failure remains a warning after verified cleanup (1.392042ms)
✔ stale state can never remove a materialization outside SideRail's cache (1.830292ms)
✔ cmux preview requires a resolved main workspace (0.441292ms)
✔ surface ownership requires exact id, native panel type, and main-area scope (0.159041ms)
✔ a native open that returns no surface identity removes its materialization and fails (1.289166ms)
✔ an unreadable materialization target is cleaned up rather than left half written (0.658791ms)
✔ preview ownership survives a cache directory that does not exist yet (1.494958ms)
✔ a preview state path is confined to the SideRail cache for hostile identities (0.369375ms)
✔ cmux Dock restart command preserves absolute paths with shell metacharacters (0.504916ms)
✔ cmux Dock restart command restates the host environment a resume binding cannot store (0.097416ms)
✔ cmux Dock resume registration is scoped to its window and surface (0.598917ms)
✔ cmux Dock resume registration ignores foreign and incomplete controls (0.07625ms)
✔ cmux Dock resume registration survives a restore that dropped the owner window id (0.143458ms)
✔ cmux Dock resume registration reports a retained manual approval (0.080625ms)
✔ live pane owns the single product title (2.929541ms)
✔ Herdr opens SideRail for restored and newly created tabs (0.472417ms)
✔ Herdr exposes a current-tab SideRail toggle action (0.303958ms)
✔ file previews open in a dedicated Herdr tab (0.598292ms)
✔ cmux previews use native file tabs without changing the Herdr preview (0.615792ms)
✔ preview scrolling repaints in place without clearing the screen (0.496875ms)
✔ manual refresh confirmation is transient (0.324709ms)
✔ configuration validates version, launch mode, and refresh bounds (0.725125ms)
✔ the shipped example is governed by runtime validation alone (0.418208ms)
✔ configuration requires a version and rejects nested unknown keys (0.267292ms)
✔ viewer actions resolve conditionally by selected filename (0.497291ms)
✔ viewer executable preflight detects commands without invoking them (2.050959ms)
✔ installed Markdown rules bypass the generic preview only when system open is directly usable (0.835792ms)
✔ configuration rejects mistyped structured values (0.086042ms)
✔ user configuration merges by key and environment wins (1.524458ms)
✔ an explicit Glow TUI rule is preserved (1.276583ms)
✔ environment overrides do not mutate built-in defaults (1.163292ms)
✔ editor integration is optional and EDITOR remains a fallback (0.8845ms)
✔ invalid environment overrides report errors without replacing valid defaults (0.82875ms)
✔ out-of-range polling overrides preserve a user interval (1.554042ms)
✔ structured file diff removes Git plumbing and tracks both line numbers (1.342958ms)
✔ structured file diff preserves meaningful file metadata (0.089541ms)
✔ structured file diff parses combined conflict hunks (0.2135ms)
✔ diff rows neutralize repository-controlled terminal sequences (0.259708ms)
✔ structured diff parsing strips Git color without losing hunk semantics (0.077333ms)
✔ clean Markdown opens its worktree path directly with the system application (3.856167ms)
✔ historical Markdown opens an exact read-only copy and schedules its cleanup (108.836208ms)
✔ a failed system open removes its temporary copy (2.062916ms)
✔ security policy directs reports to the repository's private reporting channel (2.874125ms)
✔ documentation states the eventual refresh and user-only configuration contracts (1.092ms)
✔ public installation and release evidence instructions enforce the candidate gates (0.699375ms)
✔ the default local check enforces coverage (0.23925ms)
✔ cmux documentation and project Dock config describe the supported right-sidebar host (1.628042ms)
✔ live release cleanup is isolated from the operator's Herdr installation (0.247083ms)
✔ sealed release logs are not hidden by the general log ignore (0.289166ms)
✔ sealed evidence is excluded from later archives and preserves terminal bytes (0.276542ms)
✔ the Docker Linux worker pins a checksummed Herdr and is part of the release runbook (0.55925ms)
✔ search folder state uses one bounded scope and row signatures reflect content (1.067958ms)
✔ folder collapse keys cover every tree ancestor and grouped folder (0.566958ms)
✔ folder expansion survives an ancestor collapse while newly discovered descendants start collapsed (0.095375ms)
✔ tree rows retain enough ancestry to distinguish siblings from nested children (7.091916ms)
✔ 20k-path files model materializes only the viewport at supported widths (153.727083ms)
✔ metadata filtering is dependency-specific and conservative when unhealthy (0.676209ms)
✔ ignored noise uses one NUL-safe batch and caches exact paths (3.19625ms)
✔ tracked paths, tracked directory renames, and submodule children bypass ignores (0.348083ms)
✔ own and sibling indexes are distinct for primary and linked worktrees (0.214375ms)
✔ ignore/index/config changes invalidate classification without discarding tracked ignores (0.676667ms)
✔ unknown names, external paths, directory mode, and provider errors recover conservatively (0.3015ms)
✔ classification failure and a generation change during classification never drop work (0.320208ms)
✔ close cancels pending work and drops in-flight classifier completions (0.381542ms)
✔ bounded ignore LRU promotes true and false hits and conservatively reclassifies evicted paths (0.468834ms)
✔ ignore cache rejects invalid capacities and bounds a batch larger than its capacity (0.818166ms)
✔ ls-files stage parser retains hidden worktree-presence flags (1.279041ms)
✔ commit machine formats preserve control characters and unambiguous paths (0.281542ms)
✔ porcelain v2 parser preserves spaces, tabs, unicode, renames, and conflicts (0.136875ms)
✔ combined raw and numstat output preserves metadata, stats, and unusual paths (0.225375ms)
✔ a silent handshake expires and close settles without an abandoned connection (50.947ms)
✔ initial connection sends exactly one repository subscription (1.794666ms)
✔ blocked client controls wait for drain and then flush in order (7.537375ms)
✔ blocked client controls enforce the count bound and release pending requests (12.0155ms)
✔ blocked client controls enforce the bytes bound and release pending requests (12.868792ms)
✔ disconnect retains stale state and retries beyond a failed connection window (109.478958ms)
✔ a coordinator that never drains is disconnected at the blocked-write deadline (22.25875ms)
✔ unanswered requests time out and do not make unsubscribe or client close hang (43.286333ms)
✔ closing before connect finishes destroys the arriving socket and suppresses state (0.502875ms)
✔ an initial retry keeps a standalone process alive until ready settles (111.90775ms)
✔ an independent Node client connects successfully after its initial refusal (75.169959ms)
✔ coordinator transport drains controls in order and enforces blocked-write bounds (7.320625ms)
✔ eight socket clients share one engine build and one edit build (30.295291ms)
✔ a disconnected client resubscribes and maps a restarted engine to a fresh local generation (35.23725ms)
✔ host refresh suppresses unchanged context and reconnect follows a moved rail terminal (45.8005ms)
✔ a non-repository engine migrates to the Git identity when a late client joins (219.829708ms)
✔ relocated Git metadata gets a distinct engine instead of relabeling an active context (536.042083ms)
✔ an unencodable snapshot is typed and remains non-shareable for that engine key (1.911958ms)
✔ atomic launch claims allow one child and reclaim a dead owner (31.745125ms)
✔ the thin launcher starts one real daemon and records its complete lifecycle (2924.703625ms)
✔ a client that disconnects while its repository identity resolves leaves the coordinator idle (11.883541ms)
✔ effective Git environment is deterministic, conservative, and excludes resolved SideRail inputs (0.979125ms)
✔ Git executable identity resolves PATH to canonical file identity (3.928208ms)
✔ code fingerprint covers canonical checkout path, runtime paths, and bytes (9.769167ms)
✔ coordinator namespace separates user, host session, code, and Git-impact environment (1.228333ms)
✔ effective runtime semantics include immutable environment overrides only (0.189959ms)
✔ private runtime paths are mode 0700, short, stable, and do not claim the lease (2.358583ms)
✔ unsafe configured runtime directories and symlinks are never used (1.285708ms)
✔ repository identity shares subdirectories and resolves a relative alternate index from worktree root (129.848417ms)
✔ linked worktrees have distinct per-worktree Git dirs and one common Git dir (136.798333ms)
✔ ordinary non-repositories use canonical filesystem identity (26.061541ms)
✔ missing executables and ambiguous environment values fail explicitly (0.2915ms)
✔ malformed namespace inputs cannot collapse incompatible coordinators (0.373083ms)
✔ runtime paths reject wrong ownership, inaccessible filesystems, and excessive socket lengths (0.225458ms)
✔ executable and code identity failures are typed instead of borrowing another context (0.284ms)
✔ ambiguous repository responses fail before a potentially incorrect shared snapshot (0.282208ms)
✔ snapshot codec preserves only the schema-declared Map and own-property presence (1.622292ms)
✔ snapshot codec preserves an empty commit path Map (0.097958ms)
✔ snapshot codec rejects arbitrary Maps, cycles, tags, and forged undefined paths (0.390625ms)
✔ four-byte framing handles split headers, split payloads, and multiple frames (0.318417ms)
✔ frame decoder rejects oversize, malformed, and truncated frames and can reset (0.155292ms)
✔ frame encoder enforces the caller-selected bound (0.085084ms)
✔ client validator accepts typed repository and host requests (0.243125ms)
✔ validators reject unknown fields and command or environment injection (0.127625ms)
✔ server validator accepts encoded repository and exact host deliveries (0.238875ms)
✔ typed wire messages reject malformed scalar fields and contradictory responses (0.734458ms)
✔ snapshot schema rejects forged Maps and restores nested undefined without prototype mutation (0.495542ms)
✔ framing rejects invalid limits, unserializable messages, and zero-length frames (0.292417ms)
✔ runtime namespace follows immutable env overrides while config-file edits stay in one namespace (28.934125ms)
✔ process start identity uses an absolute system command independent of PATH (0.590917ms)
✔ runtime rejects mismatched identity and lost launch leases before binding (0.928ms)
✔ runtime owns signal, coordinator, socket, owner, and lease cleanup (6.209292ms)
✔ process identity rejects unsupported and empty results (0.12575ms)
✔ idle shutdown rechecks new clients, and listen failures release owned resources (6.756292ms)
✔ shutdown errors reject completion and a changed lease is never removed (7.045333ms)
✔ cwd-dependent executable and config environments explicitly remain in process (0.241334ms)
✔ an asynchronous watcher error closes only that watcher and reaches recovery (0.491625ms)
✔ the release witness can isolate the recovery poll from filesystem watchers (0.094167ms)
✔ git watcher resolves and deduplicates per-worktree and common git directories (1.970958ms)
✔ git watcher never runs Git for an empty repository root (0.087291ms)
✔ session snapshot uses one documented socket request (0.965167ms)
✔ one source shares its initial snapshot and publishes semantic changes only (0.603375ms)
✔ concurrent refresh requests queue one follow-up without overlapping snapshots (2.144917ms)
✔ fallback cadence is one snapshot per completed interval and stops without subscribers (0.394917ms)
✔ snapshot failure is explicit, retains no false context, and schedules retry (0.176167ms)
✔ a listener failure is isolated from other subscribers and future polling (0.135875ms)
✔ default host source uses the socket and its timer without launching a CLI (53.811083ms)
✔ host response validation fails explicitly and inactive queued refreshes settle (0.299042ms)
✔ content selection follows each tab's focused pane and ignores SideRail panes (0.83075ms)
✔ live cwd resolution is scoped to the rail's own tab (0.6205ms)
✔ a focused SideRail Demo never becomes the main rail's content source (0.059417ms)
✔ a stored SideRail Demo source is discarded in favor of real tab content (0.104292ms)
✔ a moved rail resolves cwd from its current workspace instead of its launch workspace (0.144584ms)
✔ snapshot context follows a moved rail by terminal identity and reports visibility (0.140875ms)
✔ snapshot context distinguishes hidden and no-content rails (0.0905ms)
✔ configured sidebar width shrinks a new right split to exact columns (0.56475ms)
✔ configured width never takes more than half a narrow split (0.07875ms)
✔ configured width respects Herdr's minimum split ratio (0.049625ms)
✔ sidebar resize uses Herdr layout and pane APIs without changing focus (0.525333ms)
✔ orphaned pane locks are recovered instead of suppressing auto-open (6.634792ms)
✔ a live lock cannot be age-evicted or released by an earlier owner (104.527208ms)
✔ an orphaned reclaimer cannot permanently wedge a pane lock (4.424583ms)
✔ current and older-spelling rails are adopted, deduplicated, and never reopened from themselves (4.954708ms)
✔ toggle closes only the verified SideRail rail and clears its tab state (2.143917ms)
✔ toggle opens a rail when the current tab has none (2.072958ms)
✔ automatic ensure uses a safe outer-right split without layout staging (2.620583ms)
✔ legacy rails are replaced at the right edge using the tab-focused source cwd (1.949875ms)
✔ legacy migration open failure retains the verified legacy rail (1.480042ms)
✔ automatic ensure adopts a middle rail without rearranging user panes (1.827583ms)
✔ rightmost placement is independent of pane listing order (0.079125ms)
SideRail open skipped tab w1:t1 because an outer-right split is not safe
✔ automatic ensure skips an unsafe vertical layout without staging or opening (1.846625ms)
SideRail open skipped tab w1:t1 because an outer-right split is not safe
✔ manual open also skips an unsafe vertical layout without rearranging user panes (1.513041ms)
SideRail open skipped tab w1:t1 because an outer-right split is not safe
✔ manual open retains an existing verified rail when replacement is unsafe (1.341458ms)
✔ manual replace retargets an existing rail while ensure adopts it (2.131958ms)
✔ replacement open failure retains the existing verified rail (1.39425ms)
✔ replace compensates the new pane when the owned rail cannot close (1.523833ms)
✔ zoomed tabs are unzoomed for replacement and restored afterward (1.785666ms)
✔ SideRail Demo panes use entrypoint-specific identity instead of accumulating (2.434708ms)
✔ a SideRail Demo pane cannot become the main rail's content source (1.532042ms)
✔ a user pane renamed like SideRail is never treated as plugin-owned (2.259333ms)
✔ ownership inspection failure aborts instead of opening a duplicate rail (1.408ms)
✔ an invalid plugin-open pane id is never moved into the target tab (1.550084ms)
✔ closed-tab cleanup removes state and orphan locks only for that tab (1.759666ms)
✔ verified orphan plugin panes fall back to generic close only for plugin_pane_not_found (0.913375ms)
✔ other plugin close failures never broaden into generic pane closure (0.607791ms)
✔ requestHerdr sends NDJSON and returns the matching result (4.420209ms)
✔ subscribeHerdr preserves pushed event order after its acknowledgement (1.440292ms)
✔ event names normalize from emitted snake_case to subscription dot notation (0.082833ms)
✔ requestHerdr surfaces structured server errors (1.018291ms)
✔ a timed-out event wait does not consume the next event (12.025458ms)
▶ invalid and oversized response lines reject without crashing the process
  ✔ invalid JSON (0.940875ms)
  ✔ oversized complete line (0.702083ms)
✔ invalid and oversized response lines reject without crashing the process (1.86375ms)
✔ a cmux Dock never inherits Herdr workspace, pane, or tab identity (1.34075ms)
✔ a cmux Dock without a project cwd falls back to its own directory, never a Herdr one (0.087084ms)
✔ a Herdr pane never inherits cmux Dock identity (0.115542ms)
✔ Herdr identity prefers explicit overrides, then plugin context, then ambient variables (0.071209ms)
✔ an explicit repo root still overrides a cmux Dock project directory (0.0495ms)
✔ a malformed or non-object Herdr plugin context degrades to no context (0.085917ms)
✔ blank and whitespace-only host variables are treated as absent (0.061916ms)
✔ an unknown host is treated as Herdr rather than granting Dock identity (0.051959ms)
✔ package info comes from the install's own package.json (0.782584ms)
✔ Herdr setup links once, is idempotent, and moves a stale local link (0.703542ms)
✔ Herdr setup refuses to replace a GitHub-managed install and rejects malformed listings (0.372084ms)
✔ Herdr plugin lookup normalizes unexpected field types (0.086792ms)
✔ Herdr ownership check only accepts a local link at this install (0.165333ms)
✔ the Dock control quotes install paths for cmux's login shell (0.211625ms)
✔ the global Dock config lives under HOME (0.545791ms)
✔ cmux setup creates, preserves, updates, and removes only its own control (2.816584ms)
✔ cmux setup never overwrites an unrelated control or malformed config (2.007583ms)
✔ cmux config read errors other than a missing file surface (1.269834ms)
✔ only the exact generated command is recognized as a SideRail control (1.896917ms)
✔ an install path containing a quote round-trips through setup and uninstall (1.826834ms)
✔ a swapped install is reported only after its tree settles across two ticks (4.197042ms)
✔ the cmux launch waits for its own bootstrap, not only the rail it imports (2.936917ms)
✔ an empty source tree or a directory in place of an entrypoint is not ready (3.251ms)
✔ files changing inside a stable checkout never trigger a restart (1.469125ms)
✔ a rail whose launcher died is reported orphaned instead of lingering (1.356792ms)
✔ an explicit launch identity is the baseline, so an early swap is still detected (1.4745ms)
✔ launch entrypoints include the launched script inside the install and always the rail (0.515625ms)
✔ the launch context is captured from this package when the module loads (0.111042ms)
✔ the default timer is real and unreferenced (1.244917ms)
✔ worktree presence validation checks only candidates and stops at its budget (1.313292ms)
✔ fixture state is derived by the production provider (342.316625ms)
✔ linked worktrees report the common repository name separately from the branch (253.347125ms)
✔ provider resolves branch Git config after explicit bases and validates it as a commit (1544.861625ms)
✔ live branch switches reload configured bases and keep stale local main clean (2001.998417ms)
✔ Files projection follows real committed, staged, unstaged, untracked, and recreated paths (595.19525ms)
✔ inspection leaves HEAD, refs, index, status, and worktree bytes unchanged (419.680584ms)
✔ refresh and commit details use one exact-copy diff scan per comparison (337.415917ms)
✔ non-repository directories provide a bounded filesystem Files state (75.338875ms)
✔ configured bases must resolve to commits and never silently fall back (297.892125ms)
✔ a configured base with unrelated history never masquerades as a merge base (239.201625ms)
✔ invalid UTF-8 in display-only commit metadata does not hide repository state (288.756625ms)
﹣ non-UTF-8 Git paths fail visibly instead of collapsing identities (0.094208ms) # SKIP
✔ Against Raw uses the same merge base as its diff after branches diverge (392.263875ms)
✔ staged copy identity and colon-prefixed index paths remain exact (257.627833ms)
✔ exact-revision materialization preserves bounded binary bytes for viewers (69.330917ms)
✔ staged, unstaged, against, commit, untracked, and clean descriptors are independent (409.974959ms)
✔ raw preview identifies revisions and rejects escaping symlinks (169.3025ms)
✔ missing worktree content never falls back unless the selected state is deleted (74.243208ms)
✔ provider handles unborn and detached repositories plus unusual renamed paths (725.712041ms)
✔ rename pathspecs preserve identity in every diff scope (0.199ms)
✔ rename and copy previews retain Git identity across against, workspace, commit, and staged views (411.8295ms)
✔ commit history and file details use one explicit first-parent comparison (484.476708ms)
✔ untracked text line counts match Git numstat semantics (252.818375ms)
✔ untracked statistics stop at an aggregate inspection budget (267.934833ms)
✔ clean tracked files retain symlink and executable metadata (238.369917ms)
✔ unstaged type changes use worktree mode rather than index mode (232.896792ms)
✔ against-base model retains deletion, rename, copy, executable, and symlink metadata (299.400875ms)
✔ unmerged porcelain state remains an explicit conflict in both scopes (332.2635ms)
✔ raw content limits fail safely before reading unbounded data (132.223042ms)
✔ historical and index blobs receive bounded binary and UTF-8 validation without fallback (404.60175ms)
✔ non-regular worktree entries are rejected without opening a blocking stream (24.259417ms)
✔ commit history is bounded while retaining an exact total (4874.581209ms)
✔ submodule gitlinks remain first-class canonical metadata (861.341833ms)
✔ selection follows the same path when a refresh changes its descriptor (0.89775ms)
✔ Files view combines base-branch diffs with grey unchanged files (7.32325ms)
✔ Files view omits deleted paths but keeps files recreated at the same path (0.135ms)
✔ Files view omits deleted paths when no base comparison is available (0.067625ms)
✔ Files view omits an indexed addition deleted before its first commit (0.0595ms)
✔ canonical clean files preserve tracked mode metadata (0.105459ms)
✔ manifest routes every runtime entrypoint through an absolute shell and launcher (2.802375ms)
✔ launcher accepts an absolute Node executable whose path contains spaces (79.526667ms)
✔ cmux bootstrap preserves an explicit Node executable through a restricted Dock PATH (177.627709ms)
✔ direct cmux bootstrap enters a login shell after SideRail exits (306.218583ms)
✔ launcher rejects missing and unsupported Node before running the target (184.586542ms)
✔ in-process Node version guard rejects unsupported majors (0.22475ms)
✔ launcher reruns a rail from its launch directory after an install-swap restart (191.189584ms)
✔ a restart that fails while the new install settles is retried until it starts (2269.049333ms)
✔ a restart that keeps failing stops after five restarted launches with its own status (4371.576792ms)
✔ a first-run failure and a signal after a restart are never retried (212.621792ms)
✔ launcher does not rerun non-rail entrypoints that exit with the restart status (83.036833ms)
✔ preview state is scoped by workspace, source tab, and entrypoint (2.636833ms)
✔ opening a preview records it, renames its tab, and closes only a verified stale preview (3.93875ms)
✔ reused user pane id is never closed from stale preview state (1.642125ms)
✔ wrong workspace is never closed from stale preview state (1.389166ms)
✔ unrelated process is never closed from stale preview state (1.484792ms)
✔ same-named script from another checkout is never closed from stale preview state (1.83625ms)
✔ inspection failure leaves the old pane open without hiding the successful new preview (1.50425ms)
✔ malformed open response does not overwrite existing preview ownership (1.410917ms)
✔ missing stale panes are discarded without a destructive close (1.405333ms)
✔ open failure preserves stale ownership and rename failure is only a warning (1.641833ms)
✔ post-open state failure closes the new pane and preserves old ownership (1.216ms)
✔ post-open state failure never closes a foreign pane from a malformed open response (1.273666ms)
✔ an unwritable preview state root fails inside the guarded lifecycle before opening a pane (0.924125ms)
✔ preview search normalizes content once and narrows prior candidates (1.25925ms)
✔ cached search results retain display columns without another position pass (0.301125ms)
✔ preview search restores cached prefixes, handles Unicode, and resets by content (0.132833ms)
✔ preview search bounds query and retained candidate memory (951.242667ms)
✔ Git status never refreshes the index even when caller options enable optional locks (72.897542ms)
✔ concurrent Git process contexts keep config and index environments isolated (44.477125ms)
✔ process stdout remains text by default and can preserve exact bytes (67.159167ms)
✔ strict process decoding rejects invalid UTF-8 instead of merging byte identities (33.802334ms)
✔ process input can be supplied as exact bytes (33.522792ms)
✔ timeouts settle without waiting for descendants that inherited output pipes (51.113ms)
✔ timeouts terminate descendants in the command process group (553.334709ms)
✔ abort signals terminate and await the command process group (555.045583ms)
✔ hidden rails retain new snapshots without redraw; showing uses cached state without Git (1.194042ms)
✔ context switches drop late results and no-content state releases the subscription (0.610917ms)
✔ visible age timer is local only and hidden/closed rails cancel it (0.147667ms)
✔ startup failure is visible and closing a pending subscription discards completion (0.117875ms)
✔ commit ages advance from absolute author times without another provider read (0.20625ms)
✔ optional UI hooks can be omitted without breaking the subscription lifecycle (0.200458ms)
✔ dirty bursts coalesce and retain the two-second start cadence (1.582875ms)
✔ a dirty event during a read queues exactly one throttled follow-up (0.288292ms)
✔ a manual request during a read receives one immediate follow-up (0.18175ms)
✔ a due reconciliation covers an already pending dirty event without another read (0.648917ms)
✔ healthy reconciliation and degraded fallback honor maximum jitter bounds (0.308125ms)
✔ runtime interval updates reschedule only when a value changes (0.17825ms)
✔ provider failure retains bounded retry and close aborts owned work (0.482958ms)
✔ a 200,000-event dirty burst retains one deferred, deadline, timer and status update (20.921583ms)
✔ a large mid-read burst captures a newer generation and settles against the follow-up, never the active dirty read (15.3905ms)
✔ coalesced dirty callers share rejection on provider failure and pending close (0.151208ms)
✔ archive member verification rejects local-only and removed artifacts (1.123584ms)
✔ release evidence binds nine hashed local logs to one candidate (10.883125ms)
✔ release evidence rejects failed, stale, mismatched, and malformed local records (8.051042ms)
✔ repository client stamps immutable tokens and drops closed-context deliveries (1.0445ms)
✔ in-process subscription preserves one engine owner and closes it only when requested (1.601125ms)
✔ client close invalidates a subscription whose ready result arrives later (0.64725ms)
✔ real ignored noise and a sibling index do not rebuild the primary worktree (2511.547209ms)
✔ real worktree, index, ref, and configuration mutations match the full provider oracle (16425.31575ms)
✔ real merge, rebase, cherry-pick, revert, bisect, and sibling-ref transitions stay on the oracle (10313.649709ms)
✔ quiet reads preserve index bytes and reconciliation repairs failed or replaced watch roots (434.180791ms)
✔ an unborn repository becomes a committed repository through native invalidation (1235.715166ms)
✔ a missing-object provider error retains state and bounded fallback recovers it (2111.291291ms)
✔ reconciliation repairs a silently lost event and a replaced real watch root (2665.35475ms)
✔ an eligible native event meets the production 125 ms / 2 second latency contract (2727.485792ms)
✔ repository engine owns startup, subscriptions, manual refresh, and watcher snapshots (2.447333ms)
✔ watcher-reported degraded health is preserved and reconciliation checks roots first (0.630417ms)
✔ refresh failure retains the last snapshot and later success clears the error (0.611167ms)
✔ provider config changes update the engine reconciliation interval (0.30825ms)
✔ watch invalidation refreshes once and a watcher update failure degrades the delivery (0.255167ms)
✔ watch factory failure degrades state and an initial provider failure rejects ready (0.274959ms)
✔ late subscribers replay current state and close disposes a watcher still starting (0.354333ms)
✔ opt-in engine evidence counts provider builds without logging context paths (5.175417ms)
✔ real provider engines keep simultaneous alternate-index environments isolated (215.4035ms)
✔ watcher bursts attach one rejection handler per dirty batch, including an active-read follow-up (124.971833ms)
✔ release screenshots have the declared dimensions and resolvable source commits (1.343875ms)
✔ state mode is explicit and rejects unknown rollback values (0.723584ms)
✔ only typed identity and snapshot-size failures select explicit fallback (0.067792ms)
✔ namespace semantics follow immutable environment overrides, not mutable config contents (0.510959ms)
✔ delivery localization preserves provider errors and never mutates a shared snapshot (0.538041ms)
✔ bootstrap stays dormant and exposes repository and host subscription seams (1.172042ms)
✔ local config is reloaded for every shared delivery (0.279333ms)
✔ different immutable semantics cannot borrow the first runtime (0.215792ms)
✔ typed identity failure switches one subscription to explicit in-process fallback (0.426416ms)
✔ post-initial oversize signal switches automatically and ignores the old epoch (2.782875ms)
✔ normal shared connection errors remain visible and do not silently fall back (0.264333ms)
✔ close does not wait on a blocked ready or unbounded remote close (10.402875ms)
✔ explicit in-process mode is selected before shared runtime construction (0.0925ms)
✔ real facade and daemon derive one namespace and deliver repository state (1341.568834ms)
✔ real in-process fallback remains refreshable and closes its engine (86.019833ms)
✔ manual refresh switches on a typed size failure but preserves ordinary errors (0.513166ms)
✔ facade rejects malformed identities and invalid subscription contracts (0.286542ms)
✔ a wide-ambiguous terminal keeps every row inside the rail width (843.475583ms)
✔ demo snapshot is coherent at 25 columns (405.605375ms)
✔ demo snapshot is coherent at 36 columns (412.453875ms)
✔ demo snapshot is coherent at 52 columns (412.697458ms)
✔ demo snapshot is coherent at 100 columns (414.424833ms)
✔ demo snapshot ignores ambient user configuration and SideRail overrides (423.263417ms)
✔ Files view starts with folders collapsed at 25 columns (410.888209ms)
✔ Files view starts with folders collapsed at 100 columns (416.069916ms)
✔ production Files repaint materializes only the 20k-path viewport (1395.904291ms)
✔ Files search expands matching paths from collapsed folders for keyboard access (475.864333ms)
✔ a selected folder row is legible instead of muted against the selection (411.000167ms)
✔ keyboard navigation expands an initially collapsed Files folder (410.770416ms)
✔ Changes search includes commit history summaries (415.345875ms)
✔ commit-history search filters expanded commit children (410.41175ms)
✔ loaded commit search rows replace preview glyphs with real status and stats (431.17ms)
✔ Changes and Files default to Tree at narrow and wide widths (1652.366916ms)
✔ Tree and Folders layouts render identical file status and stats (845.584209ms)
✔ rendered status matrix includes Git glyphs, numeric stats, and binary labels (642.038125ms)
✔ conflicted files render their dedicated on-screen glyph (421.402666ms)
✔ large repositories fully render Changes and Files without continuation controls (698.028209ms)
✔ Files render includes current untracked paths and excludes every deleted path (359.601917ms)
✔ sidebar rows stay within terminal width for wide filenames (333.986542ms)
✔ clean Changes view states that the worktree is clean (314.392708ms)
✔ non-repository Files stays browsable with one neutral file icon (269.094583ms)
✔ keyboard can expand a commit-summary search result (431.556833ms)
✔ help overlay explains keys and icons, scrolls, and returns to a highlighted selection (642.870084ms)
✔ Escape clears a keyboard selection before a second press closes the rail (468.419792ms)
✔ fatal rail errors restore terminal modes before exiting nonzero (378.065958ms)
✔ selection survives edit, stage, and commit refreshes while Files drops a later deletion (6276.91475ms)
✔ the live rail clears main history when branches change (4431.709333ms)
✔ terminal editor return and manual reload both re-read preview content (364.430083ms)
✔ preview processes coalesced search input, advances matches, and exposes horizontal navigation (214.994541ms)
✔ embedded Markdown rendering stays inside the pageable preview viewport (405.076833ms)
✔ a hostile repository config cannot auto-launch a preview executable (199.867041ms)
✔ embedded Glow renders the selected Markdown bytes through stdin (324.454958ms)
✔ a configured Markdown action auto-opens embedded Glow and action 3 renders it again (321.419083ms)
✔ preview reports repaint latency for a large allowed line count (1631.531417ms)
ℹ 75,000-line preview repaint: 20ms
✔ preview avoids wrapped-row amplification for a pathological single line (136.966958ms)
✔ preview rejects pathological line counts before rendered-memory amplification (183.069792ms)
✔ one shared worker retains then removes many owner-only preview directories (1065.563333ms)
✔ shared cleanup refuses arbitrary temporary directories (2.467417ms)
✔ cleanup-worker spawn errors are contained and reported (2.454042ms)
✔ the shared worker directly expires markers and releases its ownership lock (27.3435ms)
✔ Files notices disclose independent scan and presence truncation (3.88775ms)
✔ cmux file clicks open one native preview while Herdr keeps double-click open (0.192834ms)
✔ selection reconciliation preserves errors and active transient status (0.096042ms)
✔ terminal text blocks OSC52 and every terminal control family (0.243875ms)
✔ clean Files metadata opens Raw even with a workspace descriptor (0.064292ms)
✔ successful asynchronous actions restore the pre-busy status (0.050416ms)
✔ commit preview context distinguishes first-parent and root comparisons (0.058792ms)
✔ preview tab names use a safe capped basename (0.613708ms)
✔ ambiguous-width characters follow the configured terminal setting (0.1295ms)
✔ terminal layout helpers measure, truncate, pad, and compact by display columns (0.376708ms)
✔ preview wrapping preserves gutters, ANSI styles, Unicode width, and source rows (0.519709ms)
✔ embedded renderer output keeps only SGR styling (0.109959ms)
✔ terminal input decoder preserves ordered coalesced keyboard, CSI, and mouse events (10.911542ms)
✔ pointer clicks recognize a cmux-paced double click and reset after opening (0.085625ms)
✔ an intervening non-file click cancels a pending file double click (0.065833ms)
✔ an intervening blank click cancels a pending file double click (0.064ms)
✔ wheel and keyboard input cancel a pending file double click without treating mouse release as input (0.062584ms)
✔ summary-only commit matches can expand to meaningful file content (0.080625ms)
✔ poll timers reject corrupted intervals independently of configuration (0.061708ms)
✔ filesystem invalidations coalesce and enforce a minimum refresh cadence (0.102875ms)
✔ a successful refresh clears only refresh failures (0.038667ms)
✔ SGR mouse reports can be removed without leaking bytes into search text (0.060083ms)
✔ startup provider failures become an actionable render state (0.07375ms)
✔ sidebar snapshots cannot emit OSC52 from repository and filename data (303.062166ms)
✔ preview requests serialize and skip superseded queued selections (0.32825ms)
✔ keyboard selection reveal uses rendered row position (0.078875ms)
✔ the fallback palette is indexed so it inherits the terminal theme (0.604417ms)
✔ color values accept every documented Herdr spelling (0.27825ms)
✔ token reading keeps hash colors and ignores unrelated sections (0.650708ms)
✔ scalar reading handles bare, escaped, and unterminated values (0.068584ms)
✔ [ui] accent applies only when [theme.custom] omits one (0.052583ms)
✔ only the four documented tokens override the fallback palette (0.111125ms)
✔ the config path honours HERDR_CONFIG_PATH ahead of XDG and HOME (0.094417ms)
✔ a missing, unreadable, or cmux-hosted config leaves the fallback palette (1.613ms)
✔ compact commit ages preserve value and unit (0.588958ms)
✔ root files sort after every folder group (7.169208ms)
✔ uninstall closes only live pane instances owned by this checkout before unlinking (1.2615ms)
✔ uninstall fails closed on a reused or spoofed SideRail pane (0.434958ms)
ℹ tests 548
ℹ suites 0
ℹ pass 547
ℹ fail 0
ℹ cancelled 0
ℹ skipped 1
ℹ todo 0
ℹ duration_ms 117599.348416
ℹ start of coverage report
ℹ --------------------------------------------------------------------------------------------------------------------------------------------------------------------------------------
ℹ file                          | line % | branch % | funcs % | uncovered lines
ℹ --------------------------------------------------------------------------------------------------------------------------------------------------------------------------------------
ℹ src                           |        |          |         | 
ℹ  cmux-context-watch.mjs       | 100.00 |    96.77 |  100.00 | 
ℹ  cmux-context.mjs             |  98.40 |    88.14 |   97.87 | 106-107 115-116 255-257 308-309
ℹ  cmux-preview-lifecycle.mjs   |  98.07 |    86.98 |  100.00 | 172-174 215-217 381-382
ℹ  cmux-resume.mjs              | 100.00 |    90.00 |  100.00 | 
ℹ  config.mjs                   |  97.24 |    92.86 |   96.67 | 65-66 69-70 144-145 159-160
ℹ  debug-log.mjs                |  86.67 |    83.33 |  100.00 | 13-14
ℹ  diff-view.mjs                |  86.67 |    82.35 |  100.00 | 45-48 67-72
ℹ  direct-file-open.mjs         | 100.00 |    73.33 |  100.00 | 
ℹ  files-view-model.mjs         |  98.36 |    91.76 |   95.65 | 145-147
ℹ  fixture.mjs                  | 100.00 |   100.00 |  100.00 | 
ℹ  git-invalidation.mjs         |  98.63 |    89.25 |   97.87 | 337-341
ℹ  git-parsers.mjs              | 100.00 |    95.06 |  100.00 | 
ℹ  git-provider.mjs             |  98.23 |    91.16 |  100.00 | 82-83 156-157 224-226 324-325 452-453
ℹ  git-state-client.mjs         |  92.26 |    80.97 |   92.21 | 57-60 96-97 107-108 154-157 184-186 246-250 263-269 342-343 405-409 428-431 468 528-533 617-620 662-665 689-690 698-699
ℹ  git-state-coordinator.mjs    |  93.10 |    78.23 |   90.38 | 156-157 215-217 277-279 285-288 302-304 316-317 326-327 329-332 356-357 359-362 395-397
ℹ  git-state-identity.mjs       |  99.61 |    93.15 |  100.00 | 146-147
ℹ  git-state-protocol.mjs       | 100.00 |    97.69 |  100.00 | 
ℹ  git-state-runtime.mjs        |  97.97 |    92.50 |   90.48 | 176-180
ℹ  git-watch.mjs                | 100.00 |    92.31 |  100.00 | 
ℹ  herdr-context-watch.mjs      | 100.00 |    92.31 |   96.00 | 
ℹ  herdr-context.mjs            |  89.26 |    68.52 |  100.00 | 35-45 119-120
ℹ  herdr-layout.mjs             | 100.00 |    71.43 |   83.33 | 
ℹ  herdr-pane-state.mjs         |  89.19 |    70.37 |   95.00 | 47-48 72-73 81-82 113 115 168-174 180-184
ℹ  herdr-plugin-pane.mjs        | 100.00 |   100.00 |  100.00 | 
ℹ  herdr-socket.mjs             |  94.15 |    85.11 |   92.31 | 37-41 115-116 150-152
ℹ  host-identity.mjs            | 100.00 |   100.00 |  100.00 | 
ℹ  host-setup.mjs               | 100.00 |    99.15 |  100.00 | 
ℹ  install-watch.mjs            | 100.00 |    92.50 |   90.91 | 
ℹ  model.mjs                    |  84.44 |    90.48 |   82.35 | 64-74 85-87
ℹ  node-version.mjs             | 100.00 |   100.00 |  100.00 | 
ℹ  preview-pane-lifecycle.mjs   |  89.82 |    76.56 |  100.00 | 86-97 123-127
ℹ  preview-provider.mjs         |  98.31 |    85.81 |  100.00 | 62 94 160 223
ℹ  preview-search.mjs           | 100.00 |    87.50 |  100.00 | 
ℹ  process.mjs                  |  92.31 |    87.88 |   85.00 | 32-34 81 91-94 119-120 156 184-185 187-188
ℹ  rail-state-client.mjs        | 100.00 |   100.00 |   88.89 | 
ℹ  refresh-scheduler.mjs        |  98.98 |    86.73 |   93.94 | 234-235 264
ℹ  repository-client.mjs        |  94.02 |    61.11 |   93.75 | 58-59 84-88
ℹ  repository-engine.mjs        | 100.00 |    84.25 |  100.00 | 
ℹ  shared-rail-runtime.mjs      |  97.94 |    86.55 |   86.67 | 198-200 223-225 254-255
ℹ  temporary-copy-retention.mjs |  94.81 |    75.44 |  100.00 | 65-66 68-69 72 151-153
ℹ  terminal-ui.mjs              |  98.54 |    90.84 |   94.34 | 194-196 247-249 362-363
ℹ  theme.mjs                    | 100.00 |    97.14 |  100.00 | 
ℹ  tui-format.mjs               | 100.00 |    77.78 |  100.00 | 
ℹ --------------------------------------------------------------------------------------------------------------------------------------------------------------------------------------
ℹ all files                     |  97.04 |    88.30 |   95.32 | 
ℹ --------------------------------------------------------------------------------------------------------------------------------------------------------------------------------------
ℹ end of coverage report
