
> siderail@0.1.1 check
> npm run lint && npm run test:coverage


> siderail@0.1.1 lint
> node scripts/lint.mjs && eslint . && knip --include exports


> siderail@0.1.1 test:coverage
> node --test --test-concurrency=1 --experimental-test-coverage --test-coverage-include='src/**/*.mjs' --test-coverage-lines=95 --test-coverage-branches=86 --test-coverage-functions=95 test/*.test.mjs

✔ tab creation uses the event tab instead of the globally focused tab (0.902459ms)
✔ startup reconciliation chooses one non-SideRail pane per tab (0.289292ms)
✔ event reconciliation filters to the created tab (0.074667ms)
✔ legacy layout-staging tabs never trigger auto-open (0.052541ms)
✔ bounded sweep caps workers and preserves mixed partial results (0.775916ms)
✔ bounded sweep does not dequeue work after its global deadline (0.108458ms)
✔ bounded sweep cancels every target when the deadline has already expired (0.089208ms)
✔ bounded sweep reports both active and queued jobs as deadline-cancelled (0.157583ms)
✔ auto-open target gives its process group the remaining deadline and recovery grace (6.435625ms)
✔ the global auto-open deadline starts before Herdr discovery (4.055917ms)
✔ only user configuration can disable automatic Herdr opening (1.932542ms)
✔ non-Git legacy labels never authorize closing a user pane (196.782417ms)
✔ Herdr launch keeps plugin code rooted while passing the selected repository explicitly (292.302875ms)
✔ help and version need no host (8.055375ms)
✔ unknown commands and hosts fail with usage (2.437667ms)
✔ setup with no host registers every detected host (3.873792ms)
✔ setup skips missing hosts, and fails when none is found (3.840667ms)
✔ cmux is detected from PATH or the macOS application (4.018125ms)
✔ setup reports a moved Herdr link and an updated Dock control (1.91075ms)
✔ status reports each host, including stale and missing registrations (5.964916ms)
✔ uninstall removes only registrations that belong to this install (4.241625ms)
✔ explicit cmux uninstall removes a control from another install (2.099958ms)
✔ Herdr failures other than a missing executable propagate (0.801791ms)
✔ the installed bin runs through a symlink and reports errors on stderr (107.197292ms)
✔ the bin exits cleanly when its reader closes the pipe early (211.746084ms)
✔ uninstall unlinks only the plugin id it verified, whatever HERDR_PLUGIN_ID says (1.491292ms)
✔ default uninstall recognizes this install's control at a quoted path and leaves a quoted foreign one (2.819125ms)
✔ cmux context events are scoped to the Dock owner window (0.60575ms)
✔ cmux context watcher decodes chunked events and closes its child (1.512375ms)
✔ cmux context watcher tolerates an unavailable stream without an error observer (0.362542ms)
✔ an unscoped watcher accepts every window while events without a window are never dropped (0.071167ms)
✔ an event payload window overrides nothing when the frame already names another window (0.049917ms)
✔ closing a cmux context watcher twice kills its child exactly once (0.295833ms)
✔ a clean cmux event stream exit is not an error but still reports the lost stream (0.736583ms)
✔ an unrequested cmux event stream failure reports both the error and the lost stream (0.428584ms)
✔ closing a cmux context watcher deliberately reports neither an error nor a lost stream (0.292333ms)
✔ a cmux context watcher without a close observer still tolerates an exit (0.262167ms)
✔ cmux executable selection prefers an explicit override and then the bundled CLI (0.642208ms)
✔ cmux Dock control ownership is keyed by its own surface, not the workspace it follows (7.575ms)
✔ cmux Dock control registration rejects incomplete, missing, malformed, and mismatched ownership (4.866958ms)
✔ cmux Dock control registration follows a live surface across workspace changes (1.526417ms)
✔ cmux Dock registration liveness requires the recorded process (0.123917ms)
✔ a reused process id cannot revive a version 3 registration (0.086292ms)
✔ a markerless version 3 record is invalid rather than silently process-id only (1.467208ms)
✔ registration fails rather than writing a version 3 record without a start marker (0.658542ms)
✔ the process start marker is read in a fixed locale and zone (0.220583ms)
✔ the process start marker rejects a row that belongs to another process (0.371ms)
✔ main workspace selection never treats the SideRail Dock surface as its source surface (0.087ms)
✔ cmux context resolves live main-area cwd while preserving every Dock identity (0.894375ms)
✔ cmux context falls back to the configured project cwd when discovery fails (0.182666ms)
✔ cmux context can resolve an older caller-scoped workspace without a window id (0.291875ms)
✔ cmux context remains anchored to its owner window when global focus moves (0.679542ms)
✔ cmux context recovers the selected project from the focused surface when workspace cwd is stale (0.345292ms)
✔ cmux context pins a valid main-surface launch folder when Dock activity contaminates workspace cwd (0.331666ms)
✔ cmux context never substitutes the SideRail Dock cwd for a missing selected project (0.177375ms)
✔ Dock owner window is discovered from the Dock's own surface when cmux reports no caller (0.132333ms)
✔ Dock owner window discovery is skipped without a surface of its own (0.04225ms)
✔ Dock owner window falls back to a live window hint before the global-Dock workspace convention (0.093458ms)
✔ cmux context resolves the Dock-owning window when identify has no caller and focus is elsewhere (0.592417ms)
✔ cmux context never resolves the focused window's project for a Dock owned by another window (0.278333ms)
✔ cmux context reuses a cached owner window without repeating Dock discovery (0.242375ms)
✔ cmux context still resolves a project when Dock owner discovery fails outright (0.23275ms)
✔ a checked-out candidate outranks an existing but unversioned directory (0.125875ms)
✔ no checked-out candidate keeps the first existing directory rather than an unusable path (0.097541ms)
✔ repository detection accepts a linked worktree whose .git is a file (1.741042ms)
✔ cmux Dock control state paths cannot escape the SideRail cache directory (1.7675ms)
✔ cmux Dock control lookup ignores another control's record for the same surface (1.8935ms)
✔ cmux Dock control lookup prefers the current workspace and then the newest record (3.131917ms)
✔ a main surface launched from home does not outrank the workspace's checked-out project (0.280709ms)
✔ a legacy record is migrated forward and its duplicates for the same surface are removed (3.811542ms)
✔ a version 3 record is preferred without ever scanning legacy records (1.464958ms)
✔ a failed migration still returns the legacy record rather than losing the control (1.33ms)
✔ legacy selection prefers the current workspace and then the newest record (10.086459ms)
✔ a dead process never causes a record to be pruned, so relaunch can still find its Dock (1.497291ms)
✔ a registration landing mid-migration is never clobbered by the legacy record (2.344584ms)
✔ concurrent migrations of one legacy record agree on a single canonical winner (6.418084ms)
✔ manual launch creates one unfocused Dock terminal and reveals Dock without stealing focus (2.861917ms)
✔ manual launch adopts an existing SideRail Dock surface instead of duplicating it (0.885958ms)
✔ manual launch recognizes its configured Dock caller identity even with cmux's startup wrapper (0.39625ms)
✔ manual launch can coexist with an unrelated configured Dock control (0.30825ms)
✔ manual launch adopts a registered configured SideRail control (0.385292ms)
✔ manual launch finds an active configured control after the main workspace changes (0.294459ms)
✔ manual launch reuses a registered post-q login shell (0.374459ms)
✔ manual launch waits for a starting configured control to register (0.300667ms)
✔ manual launch adopts a Dock surface with an exposed SideRail control id (0.299708ms)
✔ manual launch fails closed without a selected main workspace or Dock response (0.509667ms)
✔ Dock relaunch command restates variables and quotes shell metacharacters (0.099292ms)
✔ relaunching an existing Dock surface restores the owner window and project directory (0.947625ms)
✔ a relaunched Dock surface receives exactly the environment a created one does (0.469375ms)
✔ a Dock launch without a resolvable owner window omits the window variable rather than guessing (0.36825ms)
✔ a relaunch decision awaits an asynchronous liveness verdict (0.278791ms)
✔ an active registration is still adopted rather than relaunched (0.246708ms)
✔ clean rows open an exact read-only materialization in cmux's native file viewer (8.706792ms)
✔ changed rows open their exact selected revision in cmux's native file viewer (2.4985ms)
✔ missing main surface falls back within the explicit workspace without inheriting the Dock surface (2.204417ms)
✔ Dock surface is never closed from stale cmux native-preview state (1.943417ms)
✔ foreign type is never closed from stale cmux native-preview state (1.814417ms)
✔ foreign id is never closed from stale cmux native-preview state (2.142125ms)
✔ a missing stale surface releases its retained native-file materialization (2.673166ms)
✔ each open adds a new native tab and stable ownership survives Dock surface rotation (3.091833ms)
✔ stable control ownership migrates legacy surface-keyed preview state (2.519125ms)
✔ replacement-era ownership migrates without closing its native tabs (2.052959ms)
✔ unreadable legacy ownership is reported without blocking a new preview (1.956583ms)
▶ native identity names the actual bytes for clean and deletion fallbacks
  ✔ clean Files row (1.695209ms)
  ✔ staged deletion (1.376ms)
  ✔ commit deletion (1.497708ms)
  ✔ unstaged worktree (1.961334ms)
  ✔ untracked worktree (1.516417ms)
  ✔ against-base revision (1.408291ms)
  ✔ against-base worktree fallback (1.487166ms)
  ✔ selected commit revision (1.35975ms)
  ✔ filesystem worktree (1.511292ms)
✔ native identity names the actual bytes for clean and deletion fallbacks (14.445125ms)
✔ transient discovery failures retain open tabs and later prune only closed tabs (4.299625ms)
✔ malformed ownership is ignored while an unreadable ownership path fails before cmux mutation (2.080083ms)
✔ ownership write failure closes the new native surface and removes its materialization (1.589709ms)
✔ ownership failure reports failed compensation without hiding either error (1.429416ms)
✔ malformed native open responses fail and remove prepared files (1.370584ms)
✔ partial native open reports failed close compensation (1.255125ms)
✔ a failed native file-open command removes the prepared materialization (1.179458ms)
✔ direct file-open payloads and fallback filenames remain supported (1.547333ms)
✔ stale preview inspection failures are warnings and retain the old materialization (2.386417ms)
✔ a cleanup-state rewrite failure remains a warning after verified cleanup (1.469ms)
✔ stale state can never remove a materialization outside SideRail's cache (2.383292ms)
✔ cmux preview requires a resolved main workspace (0.283ms)
✔ surface ownership requires exact id, native panel type, and main-area scope (0.172708ms)
✔ a native open that returns no surface identity removes its materialization and fails (1.581917ms)
✔ an unreadable materialization target is cleaned up rather than left half written (0.881875ms)
✔ preview ownership survives a cache directory that does not exist yet (1.728458ms)
✔ a preview state path is confined to the SideRail cache for hostile identities (0.378834ms)
✔ cmux Dock restart command preserves absolute paths with shell metacharacters (0.489ms)
✔ cmux Dock restart command restates the host environment a resume binding cannot store (0.098041ms)
✔ cmux Dock resume registration is scoped to its window and surface (0.619208ms)
✔ cmux Dock resume registration ignores foreign and incomplete controls (0.083083ms)
✔ cmux Dock resume registration survives a restore that dropped the owner window id (0.149917ms)
✔ cmux Dock resume registration reports a retained manual approval (0.085541ms)
✔ live pane owns the single product title (3.119375ms)
✔ Herdr opens SideRail for restored and newly created tabs (0.606417ms)
✔ Herdr exposes a current-tab SideRail toggle action (0.458958ms)
✔ file previews open in a dedicated Herdr tab (0.659583ms)
✔ cmux previews use native file tabs without changing the Herdr preview (0.619375ms)
✔ preview scrolling repaints in place without clearing the screen (0.542834ms)
✔ manual refresh confirmation is transient (0.349833ms)
✔ configuration validates version, launch mode, and refresh bounds (0.961792ms)
✔ the shipped example is governed by runtime validation alone (0.5015ms)
✔ configuration requires a version and rejects nested unknown keys (0.256209ms)
✔ viewer actions resolve conditionally by selected filename (0.523125ms)
✔ viewer executable preflight detects commands without invoking them (1.991208ms)
✔ installed Markdown rules bypass the generic preview only when system open is directly usable (1.136541ms)
✔ configuration rejects mistyped structured values (0.120375ms)
✔ user configuration merges by key and environment wins (1.728542ms)
✔ an explicit Glow TUI rule is preserved (1.290375ms)
✔ environment overrides do not mutate built-in defaults (0.863ms)
✔ editor integration is optional and EDITOR remains a fallback (0.812542ms)
✔ invalid environment overrides report errors without replacing valid defaults (0.836833ms)
✔ out-of-range polling overrides preserve a user interval (1.72575ms)
✔ structured file diff removes Git plumbing and tracks both line numbers (1.38475ms)
✔ structured file diff preserves meaningful file metadata (0.090833ms)
✔ structured file diff parses combined conflict hunks (0.2155ms)
✔ diff rows neutralize repository-controlled terminal sequences (0.247ms)
✔ structured diff parsing strips Git color without losing hunk semantics (0.089583ms)
✔ clean Markdown opens its worktree path directly with the system application (3.780791ms)
✔ historical Markdown opens an exact read-only copy and schedules its cleanup (101.513584ms)
✔ a failed system open removes its temporary copy (2.462291ms)
✔ security policy directs reports to the repository's private reporting channel (3.166167ms)
✔ documentation states the eventual refresh and user-only configuration contracts (1.303459ms)
✔ public installation and release evidence instructions enforce the candidate gates (0.911459ms)
✔ the default local check enforces coverage (0.373875ms)
✔ cmux documentation and project Dock config describe the supported right-sidebar host (1.799625ms)
✔ live release cleanup is isolated from the operator's Herdr installation (0.331792ms)
✔ sealed release logs are not hidden by the general log ignore (0.373458ms)
✔ sealed evidence is excluded from later archives and preserves terminal bytes (0.499ms)
✔ the Docker Linux worker pins a checksummed Herdr and is part of the release runbook (0.730125ms)
✔ search folder state uses one bounded scope and row signatures reflect content (0.96525ms)
✔ folder collapse keys cover every tree ancestor and grouped folder (0.517875ms)
✔ folder expansion survives an ancestor collapse while newly discovered descendants start collapsed (0.088416ms)
✔ tree rows retain enough ancestry to distinguish siblings from nested children (7.014083ms)
✔ 20k-path files model materializes only the viewport at supported widths (170.176917ms)
✔ metadata filtering is dependency-specific and conservative when unhealthy (0.714375ms)
✔ ignored noise uses one NUL-safe batch and caches exact paths (3.321625ms)
✔ tracked paths, tracked directory renames, and submodule children bypass ignores (0.381417ms)
✔ own and sibling indexes are distinct for primary and linked worktrees (0.268583ms)
✔ ignore/index/config changes invalidate classification without discarding tracked ignores (0.7495ms)
✔ unknown names, external paths, directory mode, and provider errors recover conservatively (0.48625ms)
✔ classification failure and a generation change during classification never drop work (0.481917ms)
✔ close cancels pending work and drops in-flight classifier completions (0.446542ms)
✔ bounded ignore LRU promotes true and false hits and conservatively reclassifies evicted paths (0.576625ms)
✔ ignore cache rejects invalid capacities and bounds a batch larger than its capacity (1.033083ms)
✔ ls-files stage parser retains hidden worktree-presence flags (1.393625ms)
✔ commit machine formats preserve control characters and unambiguous paths (0.357ms)
✔ porcelain v2 parser preserves spaces, tabs, unicode, renames, and conflicts (0.153792ms)
✔ combined raw and numstat output preserves metadata, stats, and unusual paths (0.252959ms)
✔ a silent handshake expires and close settles without an abandoned connection (52.445792ms)
✔ initial connection sends exactly one repository subscription (1.685917ms)
✔ blocked client controls wait for drain and then flush in order (7.568541ms)
✔ blocked client controls enforce the count bound and release pending requests (12.110375ms)
✔ blocked client controls enforce the bytes bound and release pending requests (13.142417ms)
✔ disconnect retains stale state and retries beyond a failed connection window (101.13675ms)
✔ a coordinator that never drains is disconnected at the blocked-write deadline (22.578084ms)
✔ unanswered requests time out and do not make unsubscribe or client close hang (42.42975ms)
✔ closing before connect finishes destroys the arriving socket and suppresses state (0.442834ms)
✔ an initial retry keeps a standalone process alive until ready settles (91.088583ms)
✔ an independent Node client connects successfully after its initial refusal (87.807209ms)
✔ coordinator transport drains controls in order and enforces blocked-write bounds (7.734208ms)
✔ eight socket clients share one engine build and one edit build (31.00375ms)
✔ a disconnected client resubscribes and maps a restarted engine to a fresh local generation (36.496333ms)
✔ host refresh suppresses unchanged context and reconnect follows a moved rail terminal (47.351333ms)
✔ a non-repository engine migrates to the Git identity when a late client joins (255.698542ms)
✔ relocated Git metadata gets a distinct engine instead of relabeling an active context (624.619792ms)
✔ an unencodable snapshot is typed and remains non-shareable for that engine key (2.251167ms)
✔ atomic launch claims allow one child and reclaim a dead owner (34.465875ms)
✔ the thin launcher starts one real daemon and records its complete lifecycle (2913.1535ms)
✔ a client that disconnects while its repository identity resolves leaves the coordinator idle (12.355ms)
✔ effective Git environment is deterministic, conservative, and excludes resolved SideRail inputs (0.997375ms)
✔ Git executable identity resolves PATH to canonical file identity (4.032333ms)
✔ code fingerprint covers canonical checkout path, runtime paths, and bytes (11.428792ms)
✔ coordinator namespace separates user, host session, code, and Git-impact environment (1.302875ms)
✔ effective runtime semantics include immutable environment overrides only (0.204209ms)
✔ private runtime paths are mode 0700, short, stable, and do not claim the lease (2.314625ms)
✔ unsafe configured runtime directories and symlinks are never used (1.336291ms)
✔ repository identity shares subdirectories and resolves a relative alternate index from worktree root (130.026667ms)
✔ linked worktrees have distinct per-worktree Git dirs and one common Git dir (123.977875ms)
✔ ordinary non-repositories use canonical filesystem identity (29.0145ms)
✔ missing executables and ambiguous environment values fail explicitly (0.333583ms)
✔ malformed namespace inputs cannot collapse incompatible coordinators (0.399541ms)
✔ runtime paths reject wrong ownership, inaccessible filesystems, and excessive socket lengths (0.216792ms)
✔ executable and code identity failures are typed instead of borrowing another context (0.289375ms)
✔ ambiguous repository responses fail before a potentially incorrect shared snapshot (0.276292ms)
✔ snapshot codec preserves only the schema-declared Map and own-property presence (1.727084ms)
✔ snapshot codec preserves an empty commit path Map (0.09875ms)
✔ snapshot codec rejects arbitrary Maps, cycles, tags, and forged undefined paths (0.386791ms)
✔ four-byte framing handles split headers, split payloads, and multiple frames (0.301208ms)
✔ frame decoder rejects oversize, malformed, and truncated frames and can reset (0.155834ms)
✔ frame encoder enforces the caller-selected bound (0.08575ms)
✔ client validator accepts typed repository and host requests (0.250583ms)
✔ validators reject unknown fields and command or environment injection (0.117ms)
✔ server validator accepts encoded repository and exact host deliveries (0.256958ms)
✔ typed wire messages reject malformed scalar fields and contradictory responses (0.697542ms)
✔ snapshot schema rejects forged Maps and restores nested undefined without prototype mutation (0.51825ms)
✔ framing rejects invalid limits, unserializable messages, and zero-length frames (0.286667ms)
✔ runtime namespace follows immutable env overrides while config-file edits stay in one namespace (27.098042ms)
✔ process start identity uses an absolute system command independent of PATH (0.632875ms)
✔ runtime rejects mismatched identity and lost launch leases before binding (0.873209ms)
✔ runtime owns signal, coordinator, socket, owner, and lease cleanup (5.55ms)
✔ process identity rejects unsupported and empty results (0.117041ms)
✔ idle shutdown rechecks new clients, and listen failures release owned resources (7.967375ms)
✔ shutdown errors reject completion and a changed lease is never removed (7.1375ms)
✔ cwd-dependent executable and config environments explicitly remain in process (0.235791ms)
✔ an asynchronous watcher error closes only that watcher and reaches recovery (0.496709ms)
✔ the release witness can isolate the recovery poll from filesystem watchers (0.082792ms)
✔ git watcher resolves and deduplicates per-worktree and common git directories (2.096166ms)
✔ git watcher never runs Git for an empty repository root (0.101541ms)
✔ session snapshot uses one documented socket request (0.995458ms)
✔ one source shares its initial snapshot and publishes semantic changes only (0.645416ms)
✔ concurrent refresh requests queue one follow-up without overlapping snapshots (2.150042ms)
✔ fallback cadence is one snapshot per completed interval and stops without subscribers (0.317125ms)
✔ snapshot failure is explicit, retains no false context, and schedules retry (0.162208ms)
✔ a listener failure is isolated from other subscribers and future polling (0.127083ms)
✔ default host source uses the socket and its timer without launching a CLI (55.496833ms)
✔ host response validation fails explicitly and inactive queued refreshes settle (0.302292ms)
✔ content selection follows each tab's focused pane and ignores SideRail panes (0.907959ms)
✔ live cwd resolution is scoped to the rail's own tab (0.622458ms)
✔ a focused SideRail Demo never becomes the main rail's content source (0.063833ms)
✔ a stored SideRail Demo source is discarded in favor of real tab content (0.11575ms)
✔ a moved rail resolves cwd from its current workspace instead of its launch workspace (0.148042ms)
✔ snapshot context follows a moved rail by terminal identity and reports visibility (0.149708ms)
✔ snapshot context distinguishes hidden and no-content rails (0.088958ms)
✔ configured sidebar width shrinks a new right split to exact columns (0.5785ms)
✔ configured width never takes more than half a narrow split (0.072625ms)
✔ configured width respects Herdr's minimum split ratio (0.048292ms)
✔ sidebar resize uses Herdr layout and pane APIs without changing focus (0.559458ms)
✔ orphaned pane locks are recovered instead of suppressing auto-open (7.290334ms)
✔ a live lock cannot be age-evicted or released by an earlier owner (103.992041ms)
✔ an orphaned reclaimer cannot permanently wedge a pane lock (3.798709ms)
✔ current and older-spelling rails are adopted, deduplicated, and never reopened from themselves (4.367667ms)
✔ toggle closes only the verified SideRail rail and clears its tab state (2.1405ms)
✔ toggle opens a rail when the current tab has none (2.148125ms)
✔ automatic ensure uses a safe outer-right split without layout staging (2.218375ms)
✔ legacy rails are replaced at the right edge using the tab-focused source cwd (1.795ms)
✔ legacy migration open failure retains the verified legacy rail (1.376875ms)
✔ automatic ensure adopts a middle rail without rearranging user panes (1.920416ms)
✔ rightmost placement is independent of pane listing order (0.079292ms)
SideRail open skipped tab w1:t1 because an outer-right split is not safe
✔ automatic ensure skips an unsafe vertical layout without staging or opening (1.84575ms)
SideRail open skipped tab w1:t1 because an outer-right split is not safe
✔ manual open also skips an unsafe vertical layout without rearranging user panes (1.425375ms)
SideRail open skipped tab w1:t1 because an outer-right split is not safe
✔ manual open retains an existing verified rail when replacement is unsafe (1.499042ms)
✔ manual replace retargets an existing rail while ensure adopts it (2.37275ms)
✔ replacement open failure retains the existing verified rail (1.447ms)
✔ replace compensates the new pane when the owned rail cannot close (1.5485ms)
✔ zoomed tabs are unzoomed for replacement and restored afterward (1.987459ms)
✔ SideRail Demo panes use entrypoint-specific identity instead of accumulating (1.6215ms)
✔ a SideRail Demo pane cannot become the main rail's content source (1.241875ms)
✔ a user pane renamed like SideRail is never treated as plugin-owned (2.616916ms)
✔ ownership inspection failure aborts instead of opening a duplicate rail (1.55ms)
✔ an invalid plugin-open pane id is never moved into the target tab (1.35175ms)
✔ closed-tab cleanup removes state and orphan locks only for that tab (1.723958ms)
✔ verified orphan plugin panes fall back to generic close only for plugin_pane_not_found (0.975334ms)
✔ other plugin close failures never broaden into generic pane closure (0.605542ms)
✔ requestHerdr sends NDJSON and returns the matching result (4.647625ms)
✔ subscribeHerdr preserves pushed event order after its acknowledgement (1.43075ms)
✔ event names normalize from emitted snake_case to subscription dot notation (0.080916ms)
✔ requestHerdr surfaces structured server errors (1.020084ms)
✔ a timed-out event wait does not consume the next event (12.190834ms)
▶ invalid and oversized response lines reject without crashing the process
  ✔ invalid JSON (1.042125ms)
  ✔ oversized complete line (1.095667ms)
✔ invalid and oversized response lines reject without crashing the process (2.389333ms)
✔ a cmux Dock never inherits Herdr workspace, pane, or tab identity (1.362041ms)
✔ a cmux Dock without a project cwd falls back to its own directory, never a Herdr one (0.089167ms)
✔ a Herdr pane never inherits cmux Dock identity (0.104458ms)
✔ Herdr identity prefers explicit overrides, then plugin context, then ambient variables (0.07175ms)
✔ an explicit repo root still overrides a cmux Dock project directory (0.048292ms)
✔ a malformed or non-object Herdr plugin context degrades to no context (0.081417ms)
✔ blank and whitespace-only host variables are treated as absent (0.058583ms)
✔ an unknown host is treated as Herdr rather than granting Dock identity (0.047792ms)
✔ package info comes from the install's own package.json (0.71975ms)
✔ Herdr setup links once, is idempotent, and moves a stale local link (0.684958ms)
✔ Herdr setup refuses to replace a GitHub-managed install and rejects malformed listings (0.343958ms)
✔ Herdr plugin lookup normalizes unexpected field types (0.08425ms)
✔ Herdr ownership check only accepts a local link at this install (0.161583ms)
✔ the Dock control quotes install paths for cmux's login shell (0.204417ms)
✔ the global Dock config lives under HOME (0.082375ms)
✔ cmux setup creates, preserves, updates, and removes only its own control (2.599167ms)
✔ cmux setup never overwrites an unrelated control or malformed config (2.045ms)
✔ cmux config read errors other than a missing file surface (1.092125ms)
✔ only the exact generated command is recognized as a SideRail control (1.873792ms)
✔ an install path containing a quote round-trips through setup and uninstall (1.797125ms)
✔ a swapped install is reported only after its tree settles across two ticks (3.824334ms)
✔ the cmux launch waits for its own bootstrap, not only the rail it imports (3.10075ms)
✔ an empty source tree or a directory in place of an entrypoint is not ready (3.095792ms)
✔ files changing inside a stable checkout never trigger a restart (1.577375ms)
✔ a rail whose launcher died is reported orphaned instead of lingering (1.508208ms)
✔ an explicit launch identity is the baseline, so an early swap is still detected (1.506625ms)
✔ launch entrypoints include the launched script inside the install and always the rail (0.521542ms)
✔ the launch context is captured from this package when the module loads (0.113708ms)
✔ the default timer is real and unreferenced (1.461167ms)
✔ worktree presence validation checks only candidates and stops at its budget (1.297292ms)
✔ fixture state is derived by the production provider (342.418416ms)
✔ linked worktrees report the common repository name separately from the branch (263.812708ms)
✔ provider resolves branch Git config after explicit bases and validates it as a commit (1609.569041ms)
✔ live branch switches reload configured bases and keep stale local main clean (1420.462375ms)
✔ Files projection follows real committed, staged, unstaged, untracked, and recreated paths (564.439625ms)
✔ inspection leaves HEAD, refs, index, status, and worktree bytes unchanged (432.933375ms)
✔ refresh and commit details use one exact-copy diff scan per comparison (329.944042ms)
✔ non-repository directories provide a bounded filesystem Files state (68.899292ms)
✔ configured bases must resolve to commits and never silently fall back (297.916709ms)
✔ a configured base with unrelated history never masquerades as a merge base (226.30775ms)
✔ invalid UTF-8 in display-only commit metadata does not hide repository state (283.663042ms)
﹣ non-UTF-8 Git paths fail visibly instead of collapsing identities (0.083208ms) # SKIP
✔ Against Raw uses the same merge base as its diff after branches diverge (359.323125ms)
✔ staged copy identity and colon-prefixed index paths remain exact (266.274417ms)
✔ exact-revision materialization preserves bounded binary bytes for viewers (61.375917ms)
✔ staged, unstaged, against, commit, untracked, and clean descriptors are independent (398.139208ms)
✔ raw preview identifies revisions and rejects escaping symlinks (129.188084ms)
✔ missing worktree content never falls back unless the selected state is deleted (70.631041ms)
✔ provider handles unborn and detached repositories plus unusual renamed paths (681.526166ms)
✔ rename pathspecs preserve identity in every diff scope (0.16425ms)
✔ rename and copy previews retain Git identity across against, workspace, commit, and staged views (399.281209ms)
✔ commit history and file details use one explicit first-parent comparison (462.121459ms)
✔ untracked text line counts match Git numstat semantics (240.088084ms)
✔ untracked statistics stop at an aggregate inspection budget (262.600167ms)
✔ clean tracked files retain symlink and executable metadata (225.037583ms)
✔ unstaged type changes use worktree mode rather than index mode (239.223791ms)
✔ against-base model retains deletion, rename, copy, executable, and symlink metadata (308.624084ms)
✔ unmerged porcelain state remains an explicit conflict in both scopes (335.198ms)
✔ raw content limits fail safely before reading unbounded data (137.379458ms)
✔ historical and index blobs receive bounded binary and UTF-8 validation without fallback (406.896292ms)
✔ non-regular worktree entries are rejected without opening a blocking stream (23.135084ms)
✔ commit history is bounded while retaining an exact total (4737.126333ms)
✔ submodule gitlinks remain first-class canonical metadata (948.971375ms)
✔ selection follows the same path when a refresh changes its descriptor (0.879542ms)
✔ Files view combines base-branch diffs with grey unchanged files (7.408166ms)
✔ Files view omits deleted paths but keeps files recreated at the same path (0.147042ms)
✔ Files view omits deleted paths when no base comparison is available (0.069ms)
✔ Files view omits an indexed addition deleted before its first commit (0.061292ms)
✔ canonical clean files preserve tracked mode metadata (0.116542ms)
✔ manifest routes every runtime entrypoint through an absolute shell and launcher (2.864125ms)
✔ launcher accepts an absolute Node executable whose path contains spaces (80.893792ms)
✔ cmux bootstrap preserves an explicit Node executable through a restricted Dock PATH (86.394667ms)
✔ direct cmux bootstrap enters a login shell after SideRail exits (251.191917ms)
✔ launcher rejects missing and unsupported Node before running the target (162.175042ms)
✔ in-process Node version guard rejects unsupported majors (0.2145ms)
✔ launcher reruns a rail from its launch directory after an install-swap restart (121.845458ms)
✔ a restart that fails while the new install settles is retried until it starts (2211.680792ms)
✔ a restart that keeps failing stops after five restarted launches with its own status (4290.734ms)
✔ a first-run failure and a signal after a restart are never retried (195.182583ms)
✔ launcher does not rerun non-rail entrypoints that exit with the restart status (77.308708ms)
✔ preview state is scoped by workspace, source tab, and entrypoint (2.950916ms)
✔ opening a preview records it, renames its tab, and closes only a verified stale preview (3.927708ms)
✔ reused user pane id is never closed from stale preview state (1.785ms)
✔ wrong workspace is never closed from stale preview state (1.501709ms)
✔ unrelated process is never closed from stale preview state (1.501917ms)
✔ same-named script from another checkout is never closed from stale preview state (2.002625ms)
✔ inspection failure leaves the old pane open without hiding the successful new preview (1.666375ms)
✔ malformed open response does not overwrite existing preview ownership (1.456333ms)
✔ missing stale panes are discarded without a destructive close (1.346167ms)
✔ open failure preserves stale ownership and rename failure is only a warning (1.82675ms)
✔ post-open state failure closes the new pane and preserves old ownership (1.414ms)
✔ post-open state failure never closes a foreign pane from a malformed open response (1.345292ms)
✔ an unwritable preview state root fails inside the guarded lifecycle before opening a pane (1.06475ms)
✔ preview search normalizes content once and narrows prior candidates (1.323667ms)
✔ cached search results retain display columns without another position pass (0.314084ms)
✔ preview search restores cached prefixes, handles Unicode, and resets by content (0.1335ms)
✔ preview search bounds query and retained candidate memory (992.179875ms)
✔ Git status never refreshes the index even when caller options enable optional locks (69.391791ms)
✔ concurrent Git process contexts keep config and index environments isolated (45.9655ms)
✔ process stdout remains text by default and can preserve exact bytes (72.803208ms)
✔ strict process decoding rejects invalid UTF-8 instead of merging byte identities (35.2805ms)
✔ process input can be supplied as exact bytes (38.314833ms)
✔ timeouts settle without waiting for descendants that inherited output pipes (51.845833ms)
✔ timeouts terminate descendants in the command process group (555.330708ms)
✔ abort signals terminate and await the command process group (554.243333ms)
✔ hidden rails retain new snapshots without redraw; showing uses cached state without Git (1.172208ms)
✔ context switches drop late results and no-content state releases the subscription (0.627459ms)
✔ visible age timer is local only and hidden/closed rails cancel it (0.151ms)
✔ startup failure is visible and closing a pending subscription discards completion (0.125125ms)
✔ commit ages advance from absolute author times without another provider read (0.207291ms)
✔ optional UI hooks can be omitted without breaking the subscription lifecycle (0.197458ms)
✔ dirty bursts coalesce and retain the two-second start cadence (2.165792ms)
✔ a dirty event during a read queues exactly one throttled follow-up (0.312542ms)
✔ a manual request during a read receives one immediate follow-up (0.174292ms)
✔ a due reconciliation covers an already pending dirty event without another read (0.22175ms)
✔ healthy reconciliation and degraded fallback honor maximum jitter bounds (0.248666ms)
✔ runtime interval updates reschedule only when a value changes (0.169917ms)
✔ provider failure retains bounded retry and close aborts owned work (0.45525ms)
✔ a 200,000-event dirty burst retains one deferred, deadline, timer and status update (21.611833ms)
✔ a large mid-read burst captures a newer generation and settles against the follow-up, never the active dirty read (15.699208ms)
✔ coalesced dirty callers share rejection on provider failure and pending close (0.179209ms)
✔ archive member verification rejects local-only and removed artifacts (1.174334ms)
✔ release evidence binds nine hashed local logs to one candidate (10.966625ms)
✔ release evidence rejects failed, stale, mismatched, and malformed local records (9.122125ms)
✔ repository client stamps immutable tokens and drops closed-context deliveries (1.138083ms)
✔ in-process subscription preserves one engine owner and closes it only when requested (1.699209ms)
✔ client close invalidates a subscription whose ready result arrives later (0.704292ms)
✔ real ignored noise and a sibling index do not rebuild the primary worktree (2527.571084ms)
✔ real worktree, index, ref, and configuration mutations match the full provider oracle (16386.532959ms)
✔ real merge, rebase, cherry-pick, revert, bisect, and sibling-ref transitions stay on the oracle (10113.860583ms)
✔ quiet reads preserve index bytes and reconciliation repairs failed or replaced watch roots (424.178417ms)
✔ an unborn repository becomes a committed repository through native invalidation (1234.054292ms)
✔ a missing-object provider error retains state and bounded fallback recovers it (1959.632542ms)
✔ reconciliation repairs a silently lost event and a replaced real watch root (2589.783916ms)
✔ an eligible native event meets the production 125 ms / 2 second latency contract (2723.020125ms)
✔ repository engine owns startup, subscriptions, manual refresh, and watcher snapshots (2.502375ms)
✔ watcher-reported degraded health is preserved and reconciliation checks roots first (0.607542ms)
✔ refresh failure retains the last snapshot and later success clears the error (0.645ms)
✔ provider config changes update the engine reconciliation interval (0.300291ms)
✔ watch invalidation refreshes once and a watcher update failure degrades the delivery (0.291708ms)
✔ watch factory failure degrades state and an initial provider failure rejects ready (0.294791ms)
✔ late subscribers replay current state and close disposes a watcher still starting (0.349916ms)
✔ opt-in engine evidence counts provider builds without logging context paths (5.710375ms)
✔ real provider engines keep simultaneous alternate-index environments isolated (206.657875ms)
✔ watcher bursts attach one rejection handler per dirty batch, including an active-read follow-up (127.0875ms)
✔ release screenshots have the declared dimensions and resolvable source commits (1.981333ms)
✔ state mode is explicit and rejects unknown rollback values (0.693375ms)
✔ only typed identity and snapshot-size failures select explicit fallback (0.066458ms)
✔ namespace semantics follow immutable environment overrides, not mutable config contents (0.509333ms)
✔ delivery localization preserves provider errors and never mutates a shared snapshot (0.495417ms)
✔ bootstrap stays dormant and exposes repository and host subscription seams (1.185334ms)
✔ local config is reloaded for every shared delivery (0.304875ms)
✔ different immutable semantics cannot borrow the first runtime (0.203708ms)
✔ typed identity failure switches one subscription to explicit in-process fallback (0.415833ms)
✔ post-initial oversize signal switches automatically and ignores the old epoch (2.827375ms)
✔ normal shared connection errors remain visible and do not silently fall back (0.26225ms)
✔ close does not wait on a blocked ready or unbounded remote close (10.36ms)
✔ explicit in-process mode is selected before shared runtime construction (0.084667ms)
✔ real facade and daemon derive one namespace and deliver repository state (1377.678834ms)
✔ real in-process fallback remains refreshable and closes its engine (101.113834ms)
✔ manual refresh switches on a typed size failure but preserves ordinary errors (0.564958ms)
✔ facade rejects malformed identities and invalid subscription contracts (0.287041ms)
✔ a wide-ambiguous terminal keeps every row inside the rail width (865.075375ms)
✔ demo snapshot is coherent at 25 columns (453.885208ms)
✔ demo snapshot is coherent at 36 columns (406.914625ms)
✔ demo snapshot is coherent at 52 columns (410.586042ms)
✔ demo snapshot is coherent at 100 columns (406.550667ms)
✔ demo snapshot ignores ambient user configuration and SideRail overrides (418.074167ms)
✔ Files view starts with folders collapsed at 25 columns (434.943542ms)
✔ Files view starts with folders collapsed at 100 columns (418.286042ms)
✔ production Files repaint materializes only the 20k-path viewport (1341.583667ms)
✔ Files search expands matching paths from collapsed folders for keyboard access (433.811625ms)
✔ a selected folder row is legible instead of muted against the selection (388.734875ms)
✔ keyboard navigation expands an initially collapsed Files folder (389.665875ms)
✔ Changes search includes commit history summaries (408.123667ms)
✔ commit-history search filters expanded commit children (461.340834ms)
✔ loaded commit search rows replace preview glyphs with real status and stats (456.587208ms)
✔ Changes and Files default to Tree at narrow and wide widths (1741.635792ms)
✔ Tree and Folders layouts render identical file status and stats (841.658ms)
✔ rendered status matrix includes Git glyphs, numeric stats, and binary labels (570.772041ms)
✔ conflicted files render their dedicated on-screen glyph (416.089875ms)
✔ large repositories fully render Changes and Files without continuation controls (649.210667ms)
✔ Files render includes current untracked paths and excludes every deleted path (391.233ms)
✔ sidebar rows stay within terminal width for wide filenames (280.855208ms)
✔ clean Changes view states that the worktree is clean (287.349ms)
✔ non-repository Files stays browsable with one neutral file icon (256.690416ms)
✔ keyboard can expand a commit-summary search result (410.444833ms)
✔ help overlay explains keys and icons, scrolls, and returns to a highlighted selection (624.250041ms)
✔ Escape clears a keyboard selection before a second press closes the rail (487.1315ms)
✔ fatal rail errors restore terminal modes before exiting nonzero (396.436333ms)
✔ selection survives edit, stage, and commit refreshes while Files drops a later deletion (6297.04625ms)
✔ the live rail clears main history when branches change (4437.49875ms)
✔ terminal editor return and manual reload both re-read preview content (384.34525ms)
✔ preview processes coalesced search input, advances matches, and exposes horizontal navigation (218.241792ms)
✔ embedded Markdown rendering stays inside the pageable preview viewport (392.8585ms)
✔ a hostile repository config cannot auto-launch a preview executable (86.917959ms)
✔ embedded Glow renders the selected Markdown bytes through stdin (289.22525ms)
✔ a configured Markdown action auto-opens embedded Glow and action 3 renders it again (319.703833ms)
✔ preview reports repaint latency for a large allowed line count (1612.115334ms)
ℹ 75,000-line preview repaint: 21ms
✔ preview avoids wrapped-row amplification for a pathological single line (137.685209ms)
✔ preview rejects pathological line counts before rendered-memory amplification (178.545375ms)
✔ one shared worker retains then removes many owner-only preview directories (1073.918541ms)
✔ shared cleanup refuses arbitrary temporary directories (2.446334ms)
✔ cleanup-worker spawn errors are contained and reported (1.9705ms)
✔ the shared worker directly expires markers and releases its ownership lock (31.018791ms)
✔ Files notices disclose independent scan and presence truncation (4.555084ms)
✔ cmux file clicks open one native preview while Herdr keeps double-click open (0.218125ms)
✔ selection reconciliation preserves errors and active transient status (0.09425ms)
✔ terminal text blocks OSC52 and every terminal control family (0.287ms)
✔ clean Files metadata opens Raw even with a workspace descriptor (0.064875ms)
✔ successful asynchronous actions restore the pre-busy status (0.050625ms)
✔ commit preview context distinguishes first-parent and root comparisons (0.058709ms)
✔ preview tab names use a safe capped basename (0.609709ms)
✔ ambiguous-width characters follow the configured terminal setting (0.131375ms)
✔ terminal layout helpers measure, truncate, pad, and compact by display columns (0.391583ms)
✔ preview wrapping preserves gutters, ANSI styles, Unicode width, and source rows (0.516875ms)
✔ embedded renderer output keeps only SGR styling (0.103166ms)
✔ terminal input decoder preserves ordered coalesced keyboard, CSI, and mouse events (10.988375ms)
✔ pointer clicks recognize a cmux-paced double click and reset after opening (0.07375ms)
✔ an intervening non-file click cancels a pending file double click (0.05925ms)
✔ an intervening blank click cancels a pending file double click (0.056833ms)
✔ wheel and keyboard input cancel a pending file double click without treating mouse release as input (0.063667ms)
✔ summary-only commit matches can expand to meaningful file content (0.07625ms)
✔ poll timers reject corrupted intervals independently of configuration (0.074416ms)
✔ filesystem invalidations coalesce and enforce a minimum refresh cadence (0.102958ms)
✔ a successful refresh clears only refresh failures (0.041125ms)
✔ SGR mouse reports can be removed without leaking bytes into search text (0.060916ms)
✔ startup provider failures become an actionable render state (0.080791ms)
✔ sidebar snapshots cannot emit OSC52 from repository and filename data (286.3695ms)
✔ preview requests serialize and skip superseded queued selections (0.331334ms)
✔ keyboard selection reveal uses rendered row position (0.076708ms)
✔ the fallback palette is indexed so it inherits the terminal theme (0.573334ms)
✔ color values accept every documented Herdr spelling (0.292208ms)
✔ token reading keeps hash colors and ignores unrelated sections (0.664458ms)
✔ scalar reading handles bare, escaped, and unterminated values (0.07725ms)
✔ [ui] accent applies only when [theme.custom] omits one (0.058167ms)
✔ only the four documented tokens override the fallback palette (0.121292ms)
✔ the config path honours HERDR_CONFIG_PATH ahead of XDG and HOME (0.090542ms)
✔ a missing, unreadable, or cmux-hosted config leaves the fallback palette (1.997875ms)
✔ compact commit ages preserve value and unit (0.632917ms)
✔ root files sort after every folder group (7.119875ms)
✔ uninstall closes only live pane instances owned by this checkout before unlinking (1.287417ms)
✔ uninstall fails closed on a reused or spoofed SideRail pane (0.465667ms)
ℹ tests 548
ℹ suites 0
ℹ pass 547
ℹ fail 0
ℹ cancelled 0
ℹ skipped 1
ℹ todo 0
ℹ duration_ms 115861.945125
ℹ start of coverage report
ℹ --------------------------------------------------------------------------------------------------------------------------------------------------------------------------------------
ℹ file                          | line % | branch % | funcs % | uncovered lines
ℹ --------------------------------------------------------------------------------------------------------------------------------------------------------------------------------------
ℹ src                           |        |          |         | 
ℹ  cmux-context-watch.mjs       | 100.00 |    96.77 |  100.00 | 
ℹ  cmux-context.mjs             |  98.40 |    88.14 |   97.87 | 106-107 115-116 255-257 308-309
ℹ  cmux-preview-lifecycle.mjs   |  98.07 |    86.98 |  100.00 | 172-174 215-217 381-382
ℹ  cmux-resume.mjs              | 100.00 |    90.00 |  100.00 | 
ℹ  config.mjs                   |  97.24 |    92.86 |   96.67 | 65-66 69-70 144-145 159-160
ℹ  debug-log.mjs                |  86.67 |    83.33 |  100.00 | 13-14
ℹ  diff-view.mjs                |  86.67 |    82.35 |  100.00 | 45-48 67-72
ℹ  direct-file-open.mjs         | 100.00 |    73.33 |  100.00 | 
ℹ  files-view-model.mjs         |  98.36 |    91.76 |   95.65 | 145-147
ℹ  fixture.mjs                  | 100.00 |   100.00 |  100.00 | 
ℹ  git-invalidation.mjs         |  98.63 |    89.25 |   97.87 | 337-341
ℹ  git-parsers.mjs              | 100.00 |    95.06 |  100.00 | 
ℹ  git-provider.mjs             |  98.23 |    91.08 |  100.00 | 82-83 156-157 224-226 324-325 452-453
ℹ  git-state-client.mjs         |  92.26 |    80.97 |   92.21 | 57-60 96-97 107-108 154-157 184-186 246-250 263-269 342-343 405-409 428-431 468 528-533 617-620 662-665 689-690 698-699
ℹ  git-state-coordinator.mjs    |  91.81 |    77.03 |   90.38 | 90-92 104-106 156-157 215-217 277-279 285-288 302-304 316-317 326-327 329-332 356-357 359-362 395-397
ℹ  git-state-identity.mjs       |  99.61 |    93.15 |  100.00 | 146-147
ℹ  git-state-protocol.mjs       | 100.00 |    97.69 |  100.00 | 
ℹ  git-state-runtime.mjs        |  97.97 |    93.67 |   90.48 | 176-180
ℹ  git-watch.mjs                | 100.00 |    92.31 |  100.00 | 
ℹ  herdr-context-watch.mjs      | 100.00 |    92.31 |   96.00 | 
ℹ  herdr-context.mjs            |  89.26 |    68.52 |  100.00 | 35-45 119-120
ℹ  herdr-layout.mjs             | 100.00 |    71.43 |   83.33 | 
ℹ  herdr-pane-state.mjs         |  90.27 |    71.70 |   95.00 | 72-73 81-82 113 115 168-174 180-184
ℹ  herdr-plugin-pane.mjs        | 100.00 |   100.00 |  100.00 | 
ℹ  herdr-socket.mjs             |  94.15 |    85.11 |   92.31 | 37-41 115-116 150-152
ℹ  host-identity.mjs            | 100.00 |   100.00 |  100.00 | 
ℹ  host-setup.mjs               | 100.00 |    99.15 |  100.00 | 
ℹ  install-watch.mjs            | 100.00 |    92.50 |   90.91 | 
ℹ  model.mjs                    |  84.44 |    90.48 |   82.35 | 64-74 85-87
ℹ  node-version.mjs             | 100.00 |   100.00 |  100.00 | 
ℹ  preview-pane-lifecycle.mjs   |  89.82 |    76.56 |  100.00 | 86-97 123-127
ℹ  preview-provider.mjs         |  98.31 |    85.81 |  100.00 | 62 94 160 223
ℹ  preview-search.mjs           | 100.00 |    87.50 |  100.00 | 
ℹ  process.mjs                  |  92.31 |    87.88 |   85.00 | 32-34 81 91-94 119-120 156 184-185 187-188
ℹ  rail-state-client.mjs        | 100.00 |   100.00 |   88.89 | 
ℹ  refresh-scheduler.mjs        |  98.98 |    85.00 |   93.94 | 234-235 264
ℹ  repository-client.mjs        |  94.02 |    61.11 |   93.75 | 58-59 84-88
ℹ  repository-engine.mjs        | 100.00 |    84.25 |  100.00 | 
ℹ  shared-rail-runtime.mjs      |  97.94 |    86.55 |   86.67 | 198-200 223-225 254-255
ℹ  temporary-copy-retention.mjs |  94.81 |    75.44 |  100.00 | 65-66 68-69 72 151-153
ℹ  terminal-ui.mjs              |  98.54 |    90.84 |   94.34 | 194-196 247-249 362-363
ℹ  theme.mjs                    | 100.00 |    97.14 |  100.00 | 
ℹ  tui-format.mjs               | 100.00 |    77.78 |  100.00 | 
ℹ --------------------------------------------------------------------------------------------------------------------------------------------------------------------------------------
ℹ all files                     |  97.00 |    88.25 |   95.32 | 
ℹ --------------------------------------------------------------------------------------------------------------------------------------------------------------------------------------
ℹ end of coverage report
