Verified 164 release archive members

added 91 packages, and audited 92 packages in 674ms

29 packages are looking for funding
  run `npm fund` for details

found 0 vulnerabilities

> siderail@0.2.1 artifact:verify
> node scripts/verify-artifact.mjs

Verified 5 manifest runtime files and 60 archive runtime dependencies, all in the npm files allowlist

> siderail@0.2.1 check
> npm run lint && npm run test:coverage


> siderail@0.2.1 lint
> node scripts/lint.mjs && eslint . && knip --include exports


> siderail@0.2.1 test:coverage
> node --test --test-concurrency=1 --experimental-test-coverage --test-coverage-include='src/**/*.mjs' --test-coverage-lines=95 --test-coverage-branches=86 --test-coverage-functions=95 test/*.test.mjs

✔ tab creation uses the event tab instead of the globally focused tab (0.970625ms)
✔ startup reconciliation chooses one non-SideRail pane per tab (0.303792ms)
✔ event reconciliation filters to the created tab (0.073958ms)
✔ legacy layout-staging tabs never trigger auto-open (0.053583ms)
✔ bounded sweep caps workers and preserves mixed partial results (0.821958ms)
✔ bounded sweep does not dequeue work after its global deadline (0.102417ms)
✔ bounded sweep cancels every target when the deadline has already expired (0.088875ms)
✔ bounded sweep reports both active and queued jobs as deadline-cancelled (0.144833ms)
✔ auto-open target gives a started layout move time to finish (2.882ms)
✔ auto-open stops at its deadline when staging has not started (22.332416ms)
✔ auto-open extends only a target with a durable staging record (54.218167ms)
✔ the global auto-open deadline starts before Herdr discovery (3.802083ms)
✔ only user configuration can disable automatic Herdr opening (1.811375ms)
✔ non-Git legacy labels never authorize closing a user pane (196.662208ms)
✔ Herdr launch keeps plugin code rooted while passing the selected repository explicitly (436.561958ms)
✔ help and version need no host (8.469666ms)
✔ unknown commands and hosts fail with usage (2.383584ms)
✔ setup with no host registers every detected host (5.491833ms)
✔ setup leaves Herdr's config alone when Herdr rejects the key or the config is broken (3.405959ms)
✔ setup recognizes existing bindings and declines what it cannot extend (7.199166ms)
✔ setup never commits an unvalidated candidate (3.451625ms)
✔ an edit made while Herdr checks the candidate survives (3.163916ms)
✔ a change of any kind while Herdr checks the candidate leaves the config alone (11.021042ms)
✔ retargeting a symlinked config while Herdr checks the candidate leaves both files alone (2.544667ms)
✔ a failed write or rename leaves the config and no temporary file behind (3.22ms)
✔ uninstall keeps the key when Herdr rejects the removal or its check fails (3.233083ms)
✔ setup and uninstall edit a symlinked config in place and keep its mode (4.79325ms)
✔ uninstall removes the toggle key setup added and keeps anything edited or embedded (4.6ms)
✔ uninstall finishes removing the key after the plugin is gone and reports a failed reload (2.335958ms)
✔ setup skips missing hosts, and fails when none is found (4.34975ms)
✔ cmux is detected from PATH or the macOS application (5.171334ms)
✔ setup reports a moved Herdr link and an updated Dock control (2.333834ms)
✔ status reports each host, including stale and missing registrations (6.9815ms)
✔ uninstall removes only registrations that belong to this install (5.661583ms)
✔ explicit cmux uninstall removes a control from another install (1.590083ms)
✔ Herdr failures other than a missing executable propagate (0.948834ms)
✔ the installed bin runs through a symlink and reports errors on stderr (113.333417ms)
✔ the bin exits cleanly when its reader closes the pipe early (211.743167ms)
✔ uninstall unlinks only the plugin id it verified, whatever HERDR_PLUGIN_ID says (1.196833ms)
✔ default uninstall recognizes this install's control at a quoted path and leaves a quoted foreign one (3.054625ms)
✔ target pins the caller's tab to an open worktree and --follow releases it (3.354375ms)
✔ target lists worktrees as JSON for agents (1.829125ms)
✔ target rejects unknown worktrees, tabs, and ambiguous arguments (1.795375ms)
✔ cmux context events are scoped to the Dock owner window (0.540334ms)
✔ cmux context watcher decodes chunked events and closes its child (1.363833ms)
✔ cmux context watcher tolerates an unavailable stream without an error observer (0.319458ms)
✔ an unscoped watcher accepts every window while events without a window are never dropped (0.056958ms)
✔ an event payload window overrides nothing when the frame already names another window (0.046125ms)
✔ closing a cmux context watcher twice kills its child exactly once (0.2495ms)
✔ a clean cmux event stream exit is not an error but still reports the lost stream (0.2635ms)
✔ an unrequested cmux event stream failure reports both the error and the lost stream (0.731291ms)
✔ closing a cmux context watcher deliberately reports neither an error nor a lost stream (0.249667ms)
✔ a cmux context watcher without a close observer still tolerates an exit (0.21525ms)
✔ cmux executable selection prefers an explicit override and then the bundled CLI (0.665583ms)
✔ cmux Dock control ownership is keyed by its own surface, not the workspace it follows (7.607291ms)
✔ cmux Dock control registration rejects incomplete, missing, malformed, and mismatched ownership (4.781417ms)
✔ cmux Dock control registration follows a live surface across workspace changes (1.682417ms)
✔ cmux Dock registration liveness requires the recorded process (0.153667ms)
✔ a reused process id cannot revive a version 3 registration (0.095125ms)
✔ a markerless version 3 record is invalid rather than silently process-id only (1.692375ms)
✔ registration fails rather than writing a version 3 record without a start marker (0.807208ms)
✔ the process start marker is read in a fixed locale and zone (0.177541ms)
✔ the process start marker rejects a row that belongs to another process (0.398667ms)
✔ main workspace selection never treats the SideRail Dock surface as its source surface (0.084375ms)
✔ cmux context resolves live main-area cwd while preserving every Dock identity (0.971917ms)
✔ cmux context falls back to the configured project cwd when discovery fails (0.191625ms)
✔ cmux context can resolve an older caller-scoped workspace without a window id (0.834417ms)
✔ cmux context remains anchored to its owner window when global focus moves (0.245209ms)
✔ cmux context recovers the selected project from the focused surface when workspace cwd is stale (0.373125ms)
✔ cmux context pins a valid main-surface launch folder when Dock activity contaminates workspace cwd (0.33225ms)
✔ cmux context never substitutes the SideRail Dock cwd for a missing selected project (0.155958ms)
✔ Dock owner window is discovered from the Dock's own surface when cmux reports no caller (0.120833ms)
✔ Dock owner window discovery is skipped without a surface of its own (0.037625ms)
✔ Dock owner window falls back to a live window hint before the global-Dock workspace convention (0.108ms)
✔ cmux context resolves the Dock-owning window when identify has no caller and focus is elsewhere (0.805375ms)
✔ cmux context never resolves the focused window's project for a Dock owned by another window (0.385209ms)
✔ cmux context reuses a cached owner window without repeating Dock discovery (0.293458ms)
✔ cmux context still resolves a project when Dock owner discovery fails outright (0.274292ms)
✔ a checked-out candidate outranks an existing but unversioned directory (0.15275ms)
✔ no checked-out candidate keeps the first existing directory rather than an unusable path (0.094959ms)
✔ repository detection accepts a linked worktree whose .git is a file (2.003ms)
✔ cmux Dock control state paths cannot escape the SideRail cache directory (2.107ms)
✔ cmux Dock control lookup ignores another control's record for the same surface (2.445291ms)
✔ cmux Dock control lookup prefers the current workspace and then the newest record (2.128417ms)
✔ a main surface launched from home does not outrank the workspace's checked-out project (0.227958ms)
✔ a legacy record is migrated forward and its duplicates for the same surface are removed (3.983917ms)
✔ a version 3 record is preferred without ever scanning legacy records (1.6525ms)
✔ a failed migration still returns the legacy record rather than losing the control (1.535875ms)
✔ legacy selection prefers the current workspace and then the newest record (10.270833ms)
✔ a dead process never causes a record to be pruned, so relaunch can still find its Dock (2.243208ms)
✔ a registration landing mid-migration is never clobbered by the legacy record (2.72ms)
✔ concurrent migrations of one legacy record agree on a single canonical winner (5.801333ms)
✔ manual launch creates one unfocused Dock terminal and reveals Dock without stealing focus (2.950792ms)
✔ manual launch adopts an existing SideRail Dock surface instead of duplicating it (0.93175ms)
✔ manual launch recognizes its configured Dock caller identity even with cmux's startup wrapper (0.402875ms)
✔ manual launch can coexist with an unrelated configured Dock control (0.316584ms)
✔ manual launch adopts a registered configured SideRail control (0.357541ms)
✔ manual launch finds an active configured control after the main workspace changes (0.286ms)
✔ manual launch reuses a registered post-q login shell (0.355666ms)
✔ manual launch waits for a starting configured control to register (0.289041ms)
✔ manual launch adopts a Dock surface with an exposed SideRail control id (0.266667ms)
✔ manual launch fails closed without a selected main workspace or Dock response (0.507875ms)
✔ Dock relaunch command restates variables and quotes shell metacharacters (0.206458ms)
✔ relaunching an existing Dock surface restores the owner window and project directory (1.10425ms)
✔ a relaunched Dock surface receives exactly the environment a created one does (0.457125ms)
✔ a Dock launch without a resolvable owner window omits the window variable rather than guessing (0.254875ms)
✔ a relaunch decision awaits an asynchronous liveness verdict (0.238ms)
✔ an active registration is still adopted rather than relaunched (0.224208ms)
✔ clean rows open an exact read-only materialization in cmux's native file viewer (7.917708ms)
✔ changed rows open their exact selected revision in cmux's native file viewer (2.3765ms)
✔ missing main surface falls back within the explicit workspace without inheriting the Dock surface (2.4985ms)
✔ Dock surface is never closed from stale cmux native-preview state (1.994666ms)
✔ foreign type is never closed from stale cmux native-preview state (2.064458ms)
✔ foreign id is never closed from stale cmux native-preview state (2.253916ms)
✔ a missing stale surface releases its retained native-file materialization (2.821833ms)
✔ each open adds a new native tab and stable ownership survives Dock surface rotation (3.615083ms)
✔ stable control ownership migrates legacy surface-keyed preview state (2.765958ms)
✔ replacement-era ownership migrates without closing its native tabs (2.193791ms)
✔ unreadable legacy ownership is reported without blocking a new preview (2.31625ms)
▶ native identity names the actual bytes for clean and deletion fallbacks
  ✔ clean Files row (1.712ms)
  ✔ staged deletion (1.508167ms)
  ✔ commit deletion (2.097417ms)
  ✔ unstaged worktree (1.473167ms)
  ✔ untracked worktree (1.665125ms)
  ✔ against-base revision (1.7735ms)
  ✔ against-base worktree fallback (1.833416ms)
  ✔ selected commit revision (1.4755ms)
  ✔ filesystem worktree (1.617792ms)
✔ native identity names the actual bytes for clean and deletion fallbacks (15.902209ms)
✔ transient discovery failures retain open tabs and later prune only closed tabs (4.550542ms)
✔ malformed ownership is ignored while an unreadable ownership path fails before cmux mutation (2.193375ms)
✔ ownership write failure closes the new native surface and removes its materialization (1.615209ms)
✔ ownership failure reports failed compensation without hiding either error (1.485208ms)
✔ malformed native open responses fail and remove prepared files (1.678542ms)
✔ partial native open reports failed close compensation (1.393625ms)
✔ a failed native file-open command removes the prepared materialization (1.445833ms)
✔ direct file-open payloads and fallback filenames remain supported (2.148083ms)
✔ stale preview inspection failures are warnings and retain the old materialization (2.072875ms)
✔ a cleanup-state rewrite failure remains a warning after verified cleanup (1.641125ms)
✔ stale state can never remove a materialization outside SideRail's cache (2.334333ms)
✔ cmux preview requires a resolved main workspace (0.275708ms)
✔ surface ownership requires exact id, native panel type, and main-area scope (0.195334ms)
✔ a native open that returns no surface identity removes its materialization and fails (1.353709ms)
✔ an unreadable materialization target is cleaned up rather than left half written (0.886125ms)
✔ preview ownership survives a cache directory that does not exist yet (1.772667ms)
✔ a preview state path is confined to the SideRail cache for hostile identities (0.53425ms)
✔ cmux Dock restart command preserves absolute paths with shell metacharacters (0.543041ms)
✔ cmux Dock restart command restates the host environment a resume binding cannot store (0.101667ms)
✔ cmux Dock resume registration is scoped to its window and surface (0.662375ms)
✔ cmux Dock resume registration ignores foreign and incomplete controls (0.082458ms)
✔ cmux Dock resume registration survives a restore that dropped the owner window id (0.158792ms)
✔ cmux Dock resume registration reports a retained manual approval (0.079167ms)
✔ live pane owns the single product title (3.543083ms)
✔ Herdr opens SideRail for restored and newly created tabs (0.49375ms)
✔ Herdr exposes a current-tab SideRail toggle action (0.283459ms)
✔ file previews open in a dedicated Herdr tab (0.562083ms)
✔ cmux previews use native file tabs without changing the Herdr preview (0.711708ms)
✔ preview scrolling repaints in place without clearing the screen (0.654417ms)
✔ manual refresh confirmation is transient (0.465334ms)
✔ configuration validates version, launch mode, and refresh bounds (0.958042ms)
✔ the shipped example is governed by runtime validation alone (0.440417ms)
✔ configuration requires a version and rejects nested unknown keys (0.246958ms)
✔ viewer actions resolve conditionally by selected filename (0.522541ms)
✔ viewer executable preflight detects commands without invoking them (2.269209ms)
✔ installed Markdown rules bypass the generic preview only when system open is directly usable (1.361209ms)
✔ configuration rejects mistyped structured values (0.185875ms)
✔ user configuration merges by key and environment wins (3.170875ms)
✔ an explicit Glow TUI rule is preserved (1.765459ms)
✔ environment overrides do not mutate built-in defaults (0.98075ms)
✔ editor integration is optional and EDITOR remains a fallback (1.260375ms)
✔ invalid environment overrides report errors without replacing valid defaults (1.50725ms)
✔ out-of-range polling overrides preserve a user interval (2.556916ms)
✔ structured file diff removes Git plumbing and tracks both line numbers (1.564375ms)
✔ structured file diff preserves meaningful file metadata (0.112833ms)
✔ structured file diff parses combined conflict hunks (0.238334ms)
✔ diff rows neutralize repository-controlled terminal sequences (0.263834ms)
✔ structured diff parsing strips Git color without losing hunk semantics (0.075958ms)
✔ clean Markdown opens its worktree path directly with the system application (13.522833ms)
✔ historical Markdown opens an exact read-only copy and schedules its cleanup (186.400875ms)
✔ a failed system open removes its temporary copy (4.489625ms)
✔ security policy directs reports to the repository's private reporting channel (3.606666ms)
✔ documentation states the eventual refresh and user-only configuration contracts (1.604459ms)
✔ public installation and release evidence instructions enforce the candidate gates (1.210666ms)
✔ the default local check enforces coverage (0.48ms)
✔ cmux documentation and project Dock config describe the supported right-sidebar host (2.0415ms)
✔ live release cleanup is isolated from the operator's Herdr installation (0.354583ms)
✔ sealed release logs are not hidden by the general log ignore (0.461291ms)
✔ sealed evidence is excluded from later archives and preserves terminal bytes (0.451625ms)
✔ the Docker Linux worker pins a checksummed Herdr and is part of the release runbook (0.693917ms)
✔ search folder state uses one bounded scope and row signatures reflect content (3.0635ms)
✔ folder collapse keys cover every tree ancestor and grouped folder (1.059667ms)
✔ folder expansion survives an ancestor collapse while newly discovered descendants start collapsed (0.173083ms)
✔ tree rows retain enough ancestry to distinguish siblings from nested children (12.30225ms)
✔ 20k-path files model materializes only the viewport at supported widths (219.700667ms)
✔ metadata filtering is dependency-specific and conservative when unhealthy (0.764333ms)
✔ ignored noise uses one NUL-safe batch and caches exact paths (3.501917ms)
✔ tracked paths, tracked directory renames, and submodule children bypass ignores (0.340209ms)
✔ own and sibling indexes are distinct for primary and linked worktrees (0.221958ms)
✔ ignore/index/config changes invalidate classification without discarding tracked ignores (0.85875ms)
✔ unknown names, external paths, directory mode, and provider errors recover conservatively (0.387208ms)
✔ classification failure and a generation change during classification never drop work (0.46875ms)
✔ close cancels pending work and drops in-flight classifier completions (0.506875ms)
✔ bounded ignore LRU promotes true and false hits and conservatively reclassifies evicted paths (0.488709ms)
✔ ignore cache rejects invalid capacities and bounds a batch larger than its capacity (1.037541ms)
✔ ls-files stage parser retains hidden worktree-presence flags (1.652083ms)
✔ commit machine formats preserve control characters and unambiguous paths (0.339042ms)
✔ porcelain v2 parser preserves spaces, tabs, unicode, renames, and conflicts (0.157875ms)
✔ combined raw and numstat output preserves metadata, stats, and unusual paths (0.256958ms)
✔ a silent handshake expires and close settles without an abandoned connection (53.507667ms)
✔ initial connection sends exactly one repository subscription (1.756166ms)
✔ blocked client controls wait for drain and then flush in order (7.827625ms)
✔ blocked client controls enforce the count bound and release pending requests (12.889375ms)
✔ blocked client controls enforce the bytes bound and release pending requests (13.850959ms)
✔ disconnect retains stale state and retries beyond a failed connection window (103.983417ms)
✔ a coordinator that never drains is disconnected at the blocked-write deadline (20.504083ms)
✔ unanswered requests time out and do not make unsubscribe or client close hang (43.42675ms)
✔ closing before connect finishes destroys the arriving socket and suppresses state (0.437083ms)
✔ an initial retry keeps a standalone process alive until ready settles (95.440667ms)
✔ an independent Node client connects successfully after its initial refusal (82.511542ms)
✔ coordinator transport drains controls in order and enforces blocked-write bounds (8.683666ms)
✔ eight socket clients share one engine build and one edit build (34.97875ms)
✔ a disconnected client resubscribes and maps a restarted engine to a fresh local generation (36.350542ms)
✔ host refresh suppresses unchanged context and reconnect follows a moved rail terminal (47.970542ms)
✔ a non-repository engine migrates to the Git identity when a late client joins (315.621625ms)
✔ relocated Git metadata gets a distinct engine instead of relabeling an active context (962.215792ms)
✔ an unencodable snapshot is typed and remains non-shareable for that engine key (3.451125ms)
✔ atomic launch claims allow one child and reclaim a dead owner (97.853625ms)
✔ the thin launcher starts one real daemon and records its complete lifecycle (3410.115583ms)
✔ a client that disconnects while its repository identity resolves leaves the coordinator idle (14.443666ms)
✔ a repository subscription closed while it starts is never registered (25.350042ms)
✔ effective Git environment is deterministic, conservative, and excludes resolved SideRail inputs (1.254166ms)
✔ Git executable identity resolves PATH to canonical file identity (6.999667ms)
✔ code fingerprint covers canonical checkout path, runtime paths, and bytes (16.229666ms)
✔ coordinator namespace separates user, host session, code, and Git-impact environment (1.841417ms)
✔ effective runtime semantics include immutable environment overrides only (0.210875ms)
✔ private runtime paths are mode 0700, short, stable, and do not claim the lease (2.520792ms)
✔ unsafe configured runtime directories and symlinks are never used (1.788834ms)
✔ repository identity shares subdirectories and resolves a relative alternate index from worktree root (192.867875ms)
✔ linked worktrees have distinct per-worktree Git dirs and one common Git dir (160.292208ms)
✔ ordinary non-repositories use canonical filesystem identity (32.417417ms)
✔ missing executables and ambiguous environment values fail explicitly (0.392625ms)
✔ malformed namespace inputs cannot collapse incompatible coordinators (0.397792ms)
✔ runtime paths reject wrong ownership, inaccessible filesystems, and excessive socket lengths (0.271625ms)
✔ executable and code identity failures are typed instead of borrowing another context (0.309ms)
✔ ambiguous repository responses fail before a potentially incorrect shared snapshot (0.29425ms)
✔ only Git's own exit marks a directory as outside Git (2.958375ms)
✔ snapshot codec preserves only the schema-declared Map and own-property presence (1.835417ms)
✔ snapshot codec preserves an empty commit path Map (0.113084ms)
✔ snapshot codec rejects arbitrary Maps, cycles, tags, and forged undefined paths (0.393792ms)
✔ four-byte framing handles split headers, split payloads, and multiple frames (0.335166ms)
✔ frame decoder rejects oversize, malformed, and truncated frames and can reset (0.1615ms)
✔ frame encoder enforces the caller-selected bound (0.096042ms)
✔ client validator accepts typed repository and host requests (0.407833ms)
✔ validators reject unknown fields and command or environment injection (0.201708ms)
✔ server validator accepts encoded repository and exact host deliveries (0.290542ms)
✔ typed wire messages reject malformed scalar fields and contradictory responses (0.732417ms)
✔ snapshot schema rejects forged Maps and restores nested undefined without prototype mutation (0.511125ms)
✔ framing rejects invalid limits, unserializable messages, and zero-length frames (0.308875ms)
✔ runtime namespace follows immutable env overrides while config-file edits stay in one namespace (40.049042ms)
✔ process start identity uses an absolute system command independent of PATH (0.739ms)
✔ runtime rejects mismatched identity and lost launch leases before binding (1.596167ms)
✔ runtime owns signal, coordinator, socket, owner, and lease cleanup (6.615625ms)
✔ process identity rejects unsupported and empty results (0.150583ms)
✔ idle shutdown rechecks new clients, and listen failures release owned resources (8.472333ms)
✔ shutdown errors reject completion and a changed lease is never removed (9.831042ms)
✔ cwd-dependent executable and config environments explicitly remain in process (0.325125ms)
✔ an asynchronous watcher error closes only that watcher and reaches recovery (0.536ms)
✔ the release witness can isolate the recovery poll from filesystem watchers (0.088542ms)
✔ git watcher resolves and deduplicates per-worktree and common git directories (2.359291ms)
✔ git watcher never runs Git for an empty repository root (0.097375ms)
✔ session snapshot uses one documented socket request (1.038334ms)
✔ one source shares its initial snapshot and publishes semantic changes only (0.68125ms)
✔ concurrent refresh requests queue one follow-up without overlapping snapshots (2.294292ms)
✔ fallback cadence is one snapshot per completed interval and stops without subscribers (0.348542ms)
✔ snapshot failure is explicit, retains no false context, and schedules retry (0.169375ms)
✔ a listener failure is isolated from other subscribers and future polling (0.13475ms)
✔ default host source uses the socket and its timer without launching a CLI (54.96125ms)
✔ host response validation fails explicitly and inactive queued refreshes settle (0.368917ms)
✔ content selection follows each tab's focused pane and ignores SideRail panes (2.008458ms)
✔ live cwd resolution is scoped to the rail's own tab (1.468208ms)
✔ a focused SideRail Demo never becomes the main rail's content source (0.241625ms)
✔ a stored SideRail Demo source is discarded in favor of real tab content (0.276125ms)
✔ a moved rail resolves cwd from its current workspace instead of its launch workspace (0.471ms)
✔ snapshot context follows a moved rail by terminal identity and reports visibility (0.441667ms)
✔ snapshot context distinguishes hidden and no-content rails (0.233625ms)
✔ configured sidebar width shrinks a new right split to exact columns (1.360917ms)
✔ configured width never takes more than half a narrow split (0.2235ms)
✔ configured width respects Herdr's minimum split ratio (0.202125ms)
✔ sidebar resize uses Herdr layout and pane APIs without changing focus (1.386584ms)
✔ orphaned pane locks are recovered instead of suppressing auto-open (8.915458ms)
✔ a live lock cannot be age-evicted or released by an earlier owner (127.331833ms)
✔ an orphaned reclaimer cannot permanently wedge a pane lock (9.457875ms)
✔ current and older-spelling rails are adopted, deduplicated, and never reopened from themselves (13.347417ms)
✔ toggle closes only the verified SideRail rail and clears its tab state (5.512375ms)
✔ toggle opens a rail when the current tab has none (5.451292ms)
✔ automatic ensure uses a safe outer-right split without layout staging (4.627084ms)
✔ legacy rails are replaced at the right edge using the tab-focused source cwd (2.682375ms)
✔ legacy migration open failure retains the verified legacy rail (1.842917ms)
✔ automatic ensure leaves a middle rail in place while manual opening relocates it (30.750958ms)
✔ rightmost placement is independent of pane listing order (0.176ms)
✔ automatic ensure opens beside a top/bottom content layout (20.396666ms)
✔ manual open places a rail beside top/bottom content panes (13.190166ms)
✔ manual replace of an existing rail preserves stacked content (13.563958ms)
✔ nested rightmost column keeps its structure and terminals beside the new rail (11.958541ms)
✔ failed stacked open closes the newly created rail and restores content panes (13.088ms)
✔ failed replacement close restores the original stacked tab (13.996875ms)
✔ a killed opener leaves a durable staging record that the next ensure restores (609.989458ms)
✔ staging recovery keeps its record when a terminal identity changed (11.760209ms)
✔ staging recovery completes a replacement whose old rail already closed (13.800292ms)
✔ manual replace retargets an existing rail while ensure adopts it (2.497375ms)
✔ replacement open failure retains the existing verified rail (1.884417ms)
✔ replace compensates the new pane when the owned rail cannot close (3.297375ms)
✔ zoomed tabs are unzoomed for replacement and restored afterward (109.605208ms)
✔ SideRail Demo panes use entrypoint-specific identity instead of accumulating (4.081625ms)
✔ a SideRail Demo pane cannot become the main rail's content source (2.030375ms)
✔ a user pane renamed like SideRail is never treated as plugin-owned (2.466709ms)
✔ ownership inspection failure aborts instead of opening a duplicate rail (2.09975ms)
✔ an invalid plugin-open pane id is never moved into the target tab (1.7475ms)
✔ closed-tab cleanup removes state and orphan locks only for that tab (24.54675ms)
✔ verified orphan plugin panes fall back to generic close only for plugin_pane_not_found (0.974417ms)
✔ other plugin close failures never broaden into generic pane closure (0.64375ms)
✔ requestHerdr sends NDJSON and returns the matching result (4.478458ms)
✔ subscribeHerdr preserves pushed event order after its acknowledgement (2.357917ms)
✔ event names normalize from emitted snake_case to subscription dot notation (0.12225ms)
✔ requestHerdr surfaces structured server errors (1.691417ms)
✔ a timed-out event wait does not consume the next event (12.655667ms)
▶ invalid and oversized response lines reject without crashing the process
  ✔ invalid JSON (1.490834ms)
  ✔ oversized complete line (1.155292ms)
✔ invalid and oversized response lines reject without crashing the process (2.977667ms)
﹣ Herdr accepts the generated binding and rejects it when the key is taken (0.426958ms) # SKIP
﹣ setup declines an inline keys.command array that the generated entry would break (0.060208ms) # SKIP
﹣ a valid config that embeds the generated block in a string keeps it (0.037ms) # SKIP
✔ a cmux Dock never inherits Herdr workspace, pane, or tab identity (1.416292ms)
✔ a cmux Dock without a project cwd falls back to its own directory, never a Herdr one (0.093ms)
✔ a Herdr pane never inherits cmux Dock identity (0.106708ms)
✔ Herdr identity prefers explicit overrides, then plugin context, then ambient variables (0.074916ms)
✔ an explicit repo root still overrides a cmux Dock project directory (0.04875ms)
✔ a malformed or non-object Herdr plugin context degrades to no context (0.08225ms)
✔ blank and whitespace-only host variables are treated as absent (0.061042ms)
✔ an unknown host is treated as Herdr rather than granting Dock identity (0.048166ms)
✔ package info comes from the install's own package.json (0.7535ms)
✔ Herdr setup links once, is idempotent, and moves a stale local link (0.687375ms)
✔ Herdr setup refuses to replace a GitHub-managed install and rejects malformed listings (0.3505ms)
✔ Herdr plugin lookup normalizes unexpected field types (0.089875ms)
✔ Herdr ownership check only accepts a local link at this install (0.159292ms)
✔ the Dock control quotes install paths for cmux's login shell (0.799208ms)
✔ the global Dock config lives under HOME (0.236584ms)
✔ cmux setup creates, preserves, updates, and removes only its own control (3.355958ms)
✔ cmux setup never overwrites an unrelated control or malformed config (2.362875ms)
✔ cmux config read errors other than a missing file surface (1.395375ms)
✔ only the exact generated command is recognized as a SideRail control (2.169417ms)
✔ an install path containing a quote round-trips through setup and uninstall (2.031334ms)
✔ a swapped install is reported only after its tree settles across two ticks (4.593625ms)
✔ the cmux launch waits for its own bootstrap, not only the rail it imports (6.087125ms)
✔ an empty source tree or a directory in place of an entrypoint is not ready (4.170916ms)
✔ files changing inside a stable checkout never trigger a restart (2.230167ms)
✔ a rail whose launcher died is reported orphaned instead of lingering (2.159125ms)
✔ an explicit launch identity is the baseline, so an early swap is still detected (2.0835ms)
✔ launch entrypoints include the launched script inside the install and always the rail (0.588959ms)
✔ the launch context is captured from this package when the module loads (0.129916ms)
✔ the default timer is real and unreferenced (1.713709ms)
✔ worktree presence validation checks only candidates and stops at its budget (1.409083ms)
✔ fixture state is derived by the production provider (483.525834ms)
✔ linked worktrees report the common repository name separately from the branch (324.675625ms)
✔ provider resolves branch Git config after explicit bases and validates it as a commit (2056.125792ms)
✔ live branch switches reload configured bases and keep stale local main clean (1670.973333ms)
✔ Files projection follows real committed, staged, unstaged, untracked, and recreated paths (779.546292ms)
✔ inspection leaves HEAD, refs, index, status, and worktree bytes unchanged (572.537417ms)
✔ refresh and commit details use one exact-copy diff scan per comparison (440.833709ms)
✔ non-repository directories provide a bounded filesystem Files state (92.689666ms)
✔ configured bases must resolve to commits and never silently fall back (460.738292ms)
✔ a configured base with unrelated history never masquerades as a merge base (287.663125ms)
✔ invalid UTF-8 in display-only commit metadata does not hide repository state (355.666292ms)
﹣ non-UTF-8 Git paths fail visibly instead of collapsing identities (0.082417ms) # SKIP
✔ Against Raw uses the same merge base as its diff after branches diverge (451.223583ms)
✔ staged copy identity and colon-prefixed index paths remain exact (314.622583ms)
✔ exact-revision materialization preserves bounded binary bytes for viewers (74.787291ms)
✔ staged, unstaged, against, commit, untracked, and clean descriptors are independent (491.335334ms)
✔ raw preview identifies revisions and rejects escaping symlinks (168.92375ms)
✔ missing worktree content never falls back unless the selected state is deleted (91.881208ms)
✔ provider handles unborn and detached repositories plus unusual renamed paths (880.236333ms)
✔ rename pathspecs preserve identity in every diff scope (0.261833ms)
✔ rename and copy previews retain Git identity across against, workspace, commit, and staged views (498.275708ms)
✔ commit history and file details use one explicit first-parent comparison (543.366ms)
✔ untracked text line counts match Git numstat semantics (294.742791ms)
✔ untracked statistics stop at an aggregate inspection budget (316.905583ms)
✔ clean tracked files retain symlink and executable metadata (285.806125ms)
✔ unstaged type changes use worktree mode rather than index mode (307.156333ms)
✔ against-base model retains deletion, rename, copy, executable, and symlink metadata (364.991125ms)
✔ unmerged porcelain state remains an explicit conflict in both scopes (409.468458ms)
✔ raw content limits fail safely before reading unbounded data (169.190417ms)
✔ historical and index blobs receive bounded binary and UTF-8 validation without fallback (503.214834ms)
✔ non-regular worktree entries are rejected without opening a blocking stream (30.867084ms)
✔ commit history is bounded while retaining an exact total (5667.800708ms)
✔ submodule gitlinks remain first-class canonical metadata (946.6235ms)
✔ selection follows the same path when a refresh changes its descriptor (0.902958ms)
✔ Files view combines base-branch diffs with grey unchanged files (7.5015ms)
✔ Files view omits deleted paths but keeps files recreated at the same path (0.14675ms)
✔ Files view omits deleted paths when no base comparison is available (0.071291ms)
✔ Files view omits an indexed addition deleted before its first commit (0.071416ms)
✔ canonical clean files preserve tracked mode metadata (0.113125ms)
✔ manifest routes every runtime entrypoint through an absolute shell and launcher (3.034958ms)
✔ launcher accepts an absolute Node executable whose path contains spaces (83.145917ms)
✔ cmux bootstrap preserves an explicit Node executable through a restricted Dock PATH (87.789375ms)
✔ direct cmux bootstrap enters a login shell after SideRail exits (256.5315ms)
✔ launcher rejects missing and unsupported Node before running the target (160.499334ms)
✔ in-process Node version guard rejects unsupported majors (0.223333ms)
✔ launcher reruns a rail from its launch directory after an install-swap restart (123.544792ms)
✔ a restart that fails while the new install settles is retried until it starts (2214.773917ms)
✔ a restart that keeps failing stops after five restarted launches with its own status (4310.577083ms)
✔ a first-run failure and a signal after a restart are never retried (210.297542ms)
✔ launcher does not rerun non-rail entrypoints that exit with the restart status (90.317917ms)
✔ preview state is scoped by workspace, source tab, and entrypoint (3.2655ms)
✔ opening a preview records it, renames its tab, and closes only a verified stale preview (5.513666ms)
✔ reused user pane id is never closed from stale preview state (2.578042ms)
✔ wrong workspace is never closed from stale preview state (2.423917ms)
✔ unrelated process is never closed from stale preview state (2.972083ms)
✔ same-named script from another checkout is never closed from stale preview state (3.530917ms)
✔ inspection failure leaves the old pane open without hiding the successful new preview (3.375958ms)
✔ malformed open response does not overwrite existing preview ownership (2.640291ms)
✔ missing stale panes are discarded without a destructive close (2.459041ms)
✔ open failure preserves stale ownership and rename failure is only a warning (3.017958ms)
✔ post-open state failure closes the new pane and preserves old ownership (2.254666ms)
✔ post-open state failure never closes a foreign pane from a malformed open response (1.926ms)
✔ an unwritable preview state root fails inside the guarded lifecycle before opening a pane (0.748708ms)
✔ preview search normalizes content once and narrows prior candidates (1.52375ms)
✔ cached search results retain display columns without another position pass (0.350417ms)
✔ preview search restores cached prefixes, handles Unicode, and resets by content (0.143209ms)
✔ preview search bounds query and retained candidate memory (1072.250167ms)
✔ Git status never refreshes the index even when caller options enable optional locks (88.220292ms)
✔ concurrent Git process contexts keep config and index environments isolated (59.998083ms)
✔ process stdout remains text by default and can preserve exact bytes (73.645375ms)
✔ strict process decoding rejects invalid UTF-8 instead of merging byte identities (36.618334ms)
✔ process input can be supplied as exact bytes (39.121834ms)
✔ timeouts settle without waiting for descendants that inherited output pipes (52.791083ms)
✔ timeouts terminate descendants in the command process group (552.67275ms)
✔ abort signals terminate and await the command process group (554.041667ms)
✔ hidden rails retain new snapshots without redraw; showing uses cached state without Git (1.27125ms)
✔ context switches drop late results and no-content state releases the subscription (0.6225ms)
✔ visible age timer is local only and hidden/closed rails cancel it (0.154291ms)
✔ startup failure is visible and closing a pending subscription discards completion (0.123583ms)
✔ commit ages advance from absolute author times without another provider read (0.208459ms)
✔ optional UI hooks can be omitted without breaking the subscription lifecycle (0.197875ms)
✔ sibling worktrees share the workspace's repository, main checkout first (3.00225ms)
✔ a worktree resolves by label, workspace id, or checkout path (2.140334ms)
✔ a pinned target replaces the followed cwd until its checkout disappears (0.156333ms)
✔ target files round-trip per tab and are removed with their tab or workspace (5.246709ms)
✔ a rail sees its target file written and removed (102.390792ms)
✔ a pane's checkout is its root and branch, or says why it is unknown (1.417833ms)
✔ checkouts compare by real path, not spelling (1.516708ms)
✔ dirty bursts coalesce and retain the two-second start cadence (1.690208ms)
✔ a dirty event during a read queues exactly one throttled follow-up (0.302792ms)
✔ a manual request during a read receives one immediate follow-up (0.191375ms)
✔ a due reconciliation covers an already pending dirty event without another read (0.641042ms)
✔ healthy reconciliation and degraded fallback honor maximum jitter bounds (0.255167ms)
✔ runtime interval updates reschedule only when a value changes (0.227834ms)
✔ provider failure retains bounded retry and close aborts owned work (0.533041ms)
✔ a 200,000-event dirty burst retains one deferred, deadline, timer and status update (22.382666ms)
✔ a large mid-read burst captures a newer generation and settles against the follow-up, never the active dirty read (16.425709ms)
✔ coalesced dirty callers share rejection on provider failure and pending close (0.167833ms)
✔ archive member verification rejects local-only and removed artifacts (0.869542ms)
✔ release evidence binds nine hashed local logs to one candidate (20.091583ms)
✔ sealing replaces the operator's home directory in bundled logs (15.082375ms)
✔ release evidence rejects failed, stale, mismatched, and malformed local records (11.599584ms)
✔ repository client stamps immutable tokens and drops closed-context deliveries (1.046292ms)
✔ in-process subscription preserves one engine owner and closes it only when requested (1.609584ms)
✔ client close invalidates a subscription whose ready result arrives later (0.636917ms)
✔ real ignored noise and a sibling index do not rebuild the primary worktree (2593.367042ms)
✔ real worktree, index, ref, and configuration mutations match the full provider oracle (17978.865917ms)
✔ real merge, rebase, cherry-pick, revert, bisect, and sibling-ref transitions stay on the oracle (16336.832708ms)
✔ quiet reads preserve index bytes and reconciliation repairs failed or replaced watch roots (1927.995917ms)
✔ an unborn repository becomes a committed repository through native invalidation (2760.576375ms)
✔ a missing-object provider error retains state and bounded fallback recovers it (2477.998459ms)
✔ reconciliation repairs a silently lost event and a replaced real watch root (2941.65825ms)
✔ an eligible native event meets the production 125 ms / 2 second latency contract (2790.037709ms)
✔ repository engine owns startup, subscriptions, manual refresh, and watcher snapshots (2.721291ms)
✔ watcher-reported degraded health is preserved and reconciliation checks roots first (0.6365ms)
✔ refresh failure retains the last snapshot and later success clears the error (0.68125ms)
✔ provider config changes update the engine reconciliation interval (0.321125ms)
✔ watch invalidation refreshes once and a watcher update failure degrades the delivery (0.353916ms)
✔ watch factory failure degrades state and an initial provider failure rejects ready (0.375541ms)
✔ late subscribers replay current state and close disposes a watcher still starting (0.424834ms)
✔ opt-in engine evidence counts provider builds without logging context paths (5.720042ms)
✔ real provider engines keep simultaneous alternate-index environments isolated (262.145958ms)
✔ watcher bursts attach one rejection handler per dirty batch, including an active-read follow-up (127.45175ms)
✔ release screenshots have the declared dimensions and resolvable source commits (1.470292ms)
✔ state mode is explicit and rejects unknown rollback values (0.732334ms)
✔ only typed identity and snapshot-size failures select explicit fallback (0.068958ms)
✔ namespace semantics follow immutable environment overrides, not mutable config contents (0.513709ms)
✔ delivery localization preserves provider errors and never mutates a shared snapshot (0.526708ms)
✔ bootstrap stays dormant and exposes repository and host subscription seams (1.155459ms)
✔ local config is reloaded for every shared delivery (0.279125ms)
✔ different immutable semantics cannot borrow the first runtime (0.223375ms)
✔ typed identity failure switches one subscription to explicit in-process fallback (0.417875ms)
✔ post-initial oversize signal switches automatically and ignores the old epoch (3.174416ms)
✔ normal shared connection errors remain visible and do not silently fall back (0.26275ms)
✔ close does not wait on a blocked ready or unbounded remote close (11.07425ms)
✔ switching context closes the old subscription before opening the next (0.536042ms)
✔ explicit in-process mode is selected before shared runtime construction (0.12325ms)
✔ real facade and daemon derive one namespace and deliver repository state (1358.166458ms)
✔ real in-process fallback remains refreshable and closes its engine (97.238875ms)
✔ manual refresh switches on a typed size failure but preserves ordinary errors (0.756208ms)
✔ facade rejects malformed identities and invalid subscription contracts (0.378459ms)
✔ a wide-ambiguous terminal keeps every row inside the rail width (967.216541ms)
✔ demo snapshot is coherent at 25 columns (482.919ms)
✔ demo snapshot is coherent at 36 columns (474.701042ms)
✔ demo snapshot is coherent at 52 columns (594.862208ms)
✔ demo snapshot is coherent at 100 columns (490.174541ms)
✔ demo snapshot ignores ambient user configuration and SideRail overrides (468.679167ms)
✔ Files view starts with folders collapsed at 25 columns (501.993125ms)
✔ Files view starts with folders collapsed at 100 columns (495.908167ms)
✔ production Files repaint materializes only the 20k-path viewport (1737.480042ms)
✔ Files search expands matching paths from collapsed folders for keyboard access (544.915125ms)
✔ a selected folder row is legible instead of muted against the selection (436.12125ms)
✔ keyboard navigation expands an initially collapsed Files folder (451.930542ms)
✔ Changes search includes commit history summaries (488.265666ms)
✔ commit-history search filters expanded commit children (493.147125ms)
✔ loaded commit search rows replace preview glyphs with real status and stats (497.646542ms)
✔ Changes and Files default to Tree at narrow and wide widths (1916.793917ms)
✔ Tree and Folders layouts render identical file status and stats (1015.863542ms)
✔ rendered status matrix includes Git glyphs, numeric stats, and binary labels (638.372708ms)
✔ conflicted files render their dedicated on-screen glyph (448.012416ms)
✔ large repositories fully render Changes and Files without continuation controls (731.65375ms)
✔ Files render includes current untracked paths and excludes every deleted path (411.682833ms)
✔ sidebar rows stay within terminal width for wide filenames (338.207583ms)
✔ clean Changes view states that the worktree is clean (404.455917ms)
✔ non-repository Files stays browsable with one neutral file icon (420.522292ms)
✔ keyboard can expand a commit-summary search result (1091.658166ms)
✔ help overlay explains keys and icons, scrolls, and returns to a highlighted selection (1554.71075ms)
✔ Escape clears a keyboard selection before a second press closes the rail (1236.864959ms)
✔ fatal rail errors restore terminal modes before exiting nonzero (1264.822625ms)
✔ selection survives edit, stage, and commit refreshes while Files drops a later deletion (6448.121625ms)
✔ the live rail clears main history when branches change (4510.325417ms)
✔ terminal editor return and manual reload both re-read preview content (280.736167ms)
✔ preview processes coalesced search input, advances matches, and exposes horizontal navigation (214.198791ms)
✔ preview applies a search submitted before its content finishes loading (175.783291ms)
✔ embedded Markdown rendering stays inside the pageable preview viewport (361.827958ms)
✔ embedded resize after a completed search preserves the viewport and view label (507.405959ms)
✔ a hostile repository config cannot auto-launch a preview executable (85.519041ms)
✔ embedded Glow renders the selected Markdown bytes through stdin (289.675083ms)
✔ a configured Markdown action auto-opens embedded Glow and action 3 renders it again (287.882208ms)
✔ preview reports repaint latency for a large allowed line count (1625.06425ms)
ℹ 75,000-line preview repaint: 20ms
✔ preview avoids wrapped-row amplification for a pathological single line (136.839709ms)
✔ preview rejects pathological line counts before rendered-memory amplification (191.344125ms)
✔ one shared worker retains then removes many owner-only preview directories (1051.594458ms)
✔ shared cleanup refuses arbitrary temporary directories (2.801458ms)
✔ cleanup-worker spawn errors are contained and reported (2.15675ms)
✔ the shared worker directly expires markers and releases its ownership lock (25.8145ms)
✔ Files notices disclose independent scan and presence truncation (4.826834ms)
✔ cmux file clicks open one native preview while Herdr keeps double-click open (0.234625ms)
✔ selection reconciliation preserves errors and active transient status (0.104458ms)
✔ terminal text blocks OSC52 and every terminal control family (0.31ms)
✔ clean Files metadata opens Raw even with a workspace descriptor (0.066125ms)
✔ successful asynchronous actions restore the pre-busy status (0.059542ms)
✔ commit preview context distinguishes first-parent and root comparisons (0.051916ms)
✔ preview tab names use a safe capped basename (0.687458ms)
✔ ambiguous-width characters follow the configured terminal setting (0.146334ms)
✔ terminal layout helpers measure, truncate, pad, and compact by display columns (0.435458ms)
✔ preview wrapping preserves gutters, ANSI styles, Unicode width, and source rows (0.563625ms)
✔ embedded renderer output keeps only SGR styling (0.113958ms)
✔ terminal input decoder preserves ordered coalesced keyboard, CSI, and mouse events (11.203708ms)
✔ pointer clicks recognize a cmux-paced double click and reset after opening (0.175083ms)
✔ an intervening non-file click cancels a pending file double click (0.089958ms)
✔ an intervening blank click cancels a pending file double click (0.088125ms)
✔ wheel and keyboard input cancel a pending file double click without treating mouse release as input (0.072958ms)
✔ summary-only commit matches can expand to meaningful file content (0.098709ms)
✔ poll timers reject corrupted intervals independently of configuration (0.07075ms)
✔ filesystem invalidations coalesce and enforce a minimum refresh cadence (0.126875ms)
✔ a successful refresh clears only refresh failures (0.044166ms)
✔ SGR mouse reports can be removed without leaking bytes into search text (0.082084ms)
✔ startup provider failures become an actionable render state (0.090917ms)
✔ sidebar snapshots cannot emit OSC52 from repository and filename data (333.295459ms)
✔ preview requests serialize and skip superseded queued selections (0.331125ms)
✔ keyboard selection reveal uses rendered row position (0.0765ms)
✔ the fallback palette is indexed so it inherits the terminal theme (0.705042ms)
✔ color values accept every documented Herdr spelling (0.363792ms)
✔ token reading keeps hash colors and ignores unrelated sections (0.70825ms)
✔ scalar reading handles bare, escaped, and unterminated values (0.076ms)
✔ [ui] accent applies only when [theme.custom] omits one (0.07ms)
✔ only the four documented tokens override the fallback palette (0.121125ms)
✔ the config path honours HERDR_CONFIG_PATH ahead of XDG and HOME (0.096709ms)
✔ a missing, unreadable, or cmux-hosted config leaves the fallback palette (2.134917ms)
✔ compact commit ages preserve value and unit (0.680458ms)
✔ root files sort after every folder group (8.121959ms)
✔ uninstall closes only live pane instances owned by this checkout before unlinking (1.505166ms)
✔ uninstall fails closed on a reused or spoofed SideRail pane (0.5015ms)
✔ the rail shows a chosen Herdr worktree and follows its pane again when released (shared) (907.787ms)
✔ the rail shows a chosen Herdr worktree and follows its pane again when released (in-process) (876.244417ms)
ℹ tests 588
ℹ suites 0
ℹ pass 584
ℹ fail 0
ℹ cancelled 0
ℹ skipped 4
ℹ todo 0
ℹ duration_ms 142907.363125
ℹ start of coverage report
ℹ --------------------------------------------------------------------------------------------------------------------------------------------------------------------------------------
ℹ file                          | line % | branch % | funcs % | uncovered lines
ℹ --------------------------------------------------------------------------------------------------------------------------------------------------------------------------------------
ℹ src                           |        |          |         | 
ℹ  cmux-context-watch.mjs       | 100.00 |    96.77 |  100.00 | 
ℹ  cmux-context.mjs             |  98.40 |    88.14 |   97.87 | 106-107 115-116 255-257 308-309
ℹ  cmux-preview-lifecycle.mjs   |  98.07 |    86.98 |  100.00 | 172-174 215-217 381-382
ℹ  cmux-resume.mjs              | 100.00 |    90.00 |  100.00 | 
ℹ  config.mjs                   |  97.24 |    92.82 |   96.67 | 65-66 69-70 144-145 159-160
ℹ  debug-log.mjs                |  86.67 |    83.33 |  100.00 | 13-14
ℹ  diff-view.mjs                |  86.67 |    82.35 |  100.00 | 45-48 67-72
ℹ  direct-file-open.mjs         | 100.00 |    73.33 |  100.00 | 
ℹ  files-view-model.mjs         |  98.36 |    91.76 |   95.65 | 145-147
ℹ  fixture.mjs                  | 100.00 |   100.00 |  100.00 | 
ℹ  git-invalidation.mjs         |  98.63 |    89.15 |   97.87 | 337-341
ℹ  git-parsers.mjs              | 100.00 |    95.06 |  100.00 | 
ℹ  git-provider.mjs             |  98.56 |    92.34 |  100.00 | 85-86 159-160 227-229 327-328
ℹ  git-state-client.mjs         |  92.30 |    80.89 |   93.51 | 57-60 96-97 107-108 154-157 184-186 246-250 263-269 342-343 405-409 428-431 468 531-536 620-623 666-669 693-694 702-703
ℹ  git-state-coordinator.mjs    |  93.31 |    78.81 |   90.38 | 156-157 215-217 281-283 289-292 315-317 329-330 339-340 342-345 369-370 372-375 409-411
ℹ  git-state-identity.mjs       |  99.61 |    93.24 |  100.00 | 146-147
ℹ  git-state-protocol.mjs       | 100.00 |    97.69 |  100.00 | 
ℹ  git-state-runtime.mjs        |  97.97 |    93.67 |   90.48 | 176-180
ℹ  git-watch.mjs                | 100.00 |    92.31 |  100.00 | 
ℹ  herdr-context-watch.mjs      | 100.00 |    93.51 |   96.00 | 
ℹ  herdr-context.mjs            |  89.26 |    69.81 |  100.00 | 35-45 119-120
ℹ  herdr-layout.mjs             | 100.00 |    71.43 |   83.33 | 
ℹ  herdr-pane-state.mjs         |  95.54 |    74.60 |   92.31 | 48-49 68-69 109-110 118-119 150 152
ℹ  herdr-plugin-pane.mjs        | 100.00 |   100.00 |  100.00 | 
ℹ  herdr-socket.mjs             |  94.15 |    85.11 |   92.31 | 37-41 115-116 150-152
ℹ  herdr-toggle-key.mjs         |  96.98 |    87.34 |  100.00 | 46 151-152 158-159 168-169 274-275
ℹ  host-identity.mjs            | 100.00 |   100.00 |  100.00 | 
ℹ  host-setup.mjs               | 100.00 |    99.15 |  100.00 | 
ℹ  install-watch.mjs            | 100.00 |    92.50 |   90.91 | 
ℹ  model.mjs                    |  84.44 |    90.48 |   82.35 | 64-74 85-87
ℹ  node-version.mjs             | 100.00 |   100.00 |  100.00 | 
ℹ  preview-pane-lifecycle.mjs   |  89.82 |    76.56 |  100.00 | 86-97 123-127
ℹ  preview-provider.mjs         |  98.31 |    85.81 |  100.00 | 62 94 160 223
ℹ  preview-search.mjs           | 100.00 |    87.50 |  100.00 | 
ℹ  process.mjs                  |  93.85 |    89.71 |   85.00 | 81 91-94 119-120 156 184-185 187-188
ℹ  rail-state-client.mjs        | 100.00 |   100.00 |   88.89 | 
ℹ  rail-target.mjs              |  97.79 |    87.36 |   96.88 | 30-31 137-138
ℹ  refresh-scheduler.mjs        |  98.98 |    86.87 |   93.94 | 234-235 264
ℹ  repository-client.mjs        |  94.02 |    61.11 |   93.75 | 58-59 84-88
ℹ  repository-engine.mjs        | 100.00 |    84.25 |  100.00 | 
ℹ  shared-rail-runtime.mjs      |  97.96 |    86.55 |   86.36 | 202-204 227-229 258-259
ℹ  temporary-copy-retention.mjs |  94.81 |    75.44 |  100.00 | 65-66 68-69 72 151-153
ℹ  terminal-ui.mjs              |  98.54 |    90.84 |   94.34 | 194-196 247-249 362-363
ℹ  theme.mjs                    | 100.00 |    97.14 |  100.00 | 
ℹ  tui-format.mjs               | 100.00 |    77.78 |  100.00 | 
ℹ --------------------------------------------------------------------------------------------------------------------------------------------------------------------------------------
ℹ all files                     |  97.22 |    88.44 |   95.49 | 
ℹ --------------------------------------------------------------------------------------------------------------------------------------------------------------------------------------
ℹ end of coverage report
