
added 91 packages, and audited 92 packages in 2s

29 packages are looking for funding
  run `npm fund` for details

found 0 vulnerabilities

> siderail@0.2.1 check
> npm run lint && npm run test:coverage


> siderail@0.2.1 lint
> node scripts/lint.mjs && eslint . && knip --include exports


> siderail@0.2.1 test:coverage
> node --test --test-concurrency=1 --experimental-test-coverage --test-coverage-include='src/**/*.mjs' --test-coverage-lines=95 --test-coverage-branches=86 --test-coverage-functions=95 test/*.test.mjs

✔ tab creation uses the event tab instead of the globally focused tab (1.211125ms)
✔ startup reconciliation chooses one non-SideRail pane per tab (0.304542ms)
✔ event reconciliation filters to the created tab (0.078833ms)
✔ legacy layout-staging tabs never trigger auto-open (0.054208ms)
✔ bounded sweep caps workers and preserves mixed partial results (0.822292ms)
✔ bounded sweep does not dequeue work after its global deadline (0.106084ms)
✔ bounded sweep cancels every target when the deadline has already expired (0.092209ms)
✔ bounded sweep reports both active and queued jobs as deadline-cancelled (0.147958ms)
✔ auto-open target gives a started layout move time to finish (5.784458ms)
✔ auto-open stops at its deadline when staging has not started (23.446541ms)
✔ auto-open extends only a target with a durable staging record (59.11625ms)
✔ the global auto-open deadline starts before Herdr discovery (9.317375ms)
✔ only user configuration can disable automatic Herdr opening (4.874458ms)
✔ non-Git legacy labels never authorize closing a user pane (206.878ms)
✔ Herdr launch keeps plugin code rooted while passing the selected repository explicitly (328.232583ms)
✔ help and version need no host (40.435917ms)
✔ unknown commands and hosts fail with usage (14.206542ms)
✔ setup with no host registers every detected host (16.257125ms)
✔ setup leaves Herdr's config alone when Herdr rejects the key or the config is broken (15.162542ms)
✔ setup recognizes existing bindings and declines what it cannot extend (19.724125ms)
✔ setup never commits an unvalidated candidate (5.765541ms)
✔ an edit made while Herdr checks the candidate survives (4.956541ms)
✔ a change of any kind while Herdr checks the candidate leaves the config alone (23.395583ms)
✔ retargeting a symlinked config while Herdr checks the candidate leaves both files alone (10.130917ms)
✔ a failed write or rename leaves the config and no temporary file behind (14.236292ms)
✔ uninstall keeps the key when Herdr rejects the removal or its check fails (19.762166ms)
✔ setup and uninstall edit a symlinked config in place and keep its mode (16.100458ms)
✔ uninstall removes the toggle key setup added and keeps anything edited or embedded (30.439ms)
✔ uninstall finishes removing the key after the plugin is gone and reports a failed reload (25.756458ms)
✔ setup skips missing hosts, and fails when none is found (9.624583ms)
✔ cmux is detected from PATH or the macOS application (26.978708ms)
✔ setup reports a moved Herdr link and an updated Dock control (7.962333ms)
✔ status reports each host, including stale and missing registrations (47.590041ms)
✔ uninstall removes only registrations that belong to this install (32.669209ms)
✔ explicit cmux uninstall removes a control from another install (8.451208ms)
✔ Herdr failures other than a missing executable propagate (3.715667ms)
✔ the installed bin runs through a symlink and reports errors on stderr (119.67725ms)
✔ the bin exits cleanly when its reader closes the pipe early (214.786625ms)
✔ uninstall unlinks only the plugin id it verified, whatever HERDR_PLUGIN_ID says (2.341708ms)
✔ default uninstall recognizes this install's control at a quoted path and leaves a quoted foreign one (7.8525ms)
✔ target pins the caller's tab to an open worktree and --follow releases it (6.959792ms)
✔ target lists worktrees as JSON for agents (4.126625ms)
✔ target rejects unknown worktrees, tabs, and ambiguous arguments (4.471542ms)
✔ cmux context events are scoped to the Dock owner window (0.559959ms)
✔ cmux context watcher decodes chunked events and closes its child (1.392459ms)
✔ cmux context watcher tolerates an unavailable stream without an error observer (0.3275ms)
✔ an unscoped watcher accepts every window while events without a window are never dropped (0.060834ms)
✔ an event payload window overrides nothing when the frame already names another window (0.04725ms)
✔ closing a cmux context watcher twice kills its child exactly once (0.263792ms)
✔ a clean cmux event stream exit is not an error but still reports the lost stream (0.2775ms)
✔ an unrequested cmux event stream failure reports both the error and the lost stream (0.712625ms)
✔ closing a cmux context watcher deliberately reports neither an error nor a lost stream (0.231042ms)
✔ a cmux context watcher without a close observer still tolerates an exit (0.207959ms)
✔ cmux executable selection prefers an explicit override and then the bundled CLI (0.699083ms)
✔ cmux Dock control ownership is keyed by its own surface, not the workspace it follows (14.562791ms)
✔ cmux Dock control registration rejects incomplete, missing, malformed, and mismatched ownership (12.043209ms)
✔ cmux Dock control registration follows a live surface across workspace changes (9.641292ms)
✔ cmux Dock registration liveness requires the recorded process (0.239042ms)
✔ a reused process id cannot revive a version 3 registration (0.21375ms)
✔ a markerless version 3 record is invalid rather than silently process-id only (11.499292ms)
✔ registration fails rather than writing a version 3 record without a start marker (2.405083ms)
✔ the process start marker is read in a fixed locale and zone (0.206708ms)
✔ the process start marker rejects a row that belongs to another process (0.338416ms)
✔ main workspace selection never treats the SideRail Dock surface as its source surface (0.085792ms)
✔ cmux context resolves live main-area cwd while preserving every Dock identity (0.8995ms)
✔ cmux context falls back to the configured project cwd when discovery fails (0.171291ms)
✔ cmux context can resolve an older caller-scoped workspace without a window id (0.84575ms)
✔ cmux context remains anchored to its owner window when global focus moves (0.257ms)
✔ cmux context recovers the selected project from the focused surface when workspace cwd is stale (0.400375ms)
✔ cmux context pins a valid main-surface launch folder when Dock activity contaminates workspace cwd (0.385791ms)
✔ cmux context never substitutes the SideRail Dock cwd for a missing selected project (0.147708ms)
✔ Dock owner window is discovered from the Dock's own surface when cmux reports no caller (0.123583ms)
✔ Dock owner window discovery is skipped without a surface of its own (0.045791ms)
✔ Dock owner window falls back to a live window hint before the global-Dock workspace convention (0.09575ms)
✔ cmux context resolves the Dock-owning window when identify has no caller and focus is elsewhere (0.592458ms)
✔ cmux context never resolves the focused window's project for a Dock owned by another window (0.293333ms)
✔ cmux context reuses a cached owner window without repeating Dock discovery (0.332ms)
✔ cmux context still resolves a project when Dock owner discovery fails outright (0.442709ms)
✔ a checked-out candidate outranks an existing but unversioned directory (0.171542ms)
✔ no checked-out candidate keeps the first existing directory rather than an unusable path (0.101458ms)
✔ repository detection accepts a linked worktree whose .git is a file (7.15375ms)
✔ cmux Dock control state paths cannot escape the SideRail cache directory (3.870208ms)
✔ cmux Dock control lookup ignores another control's record for the same surface (10.249834ms)
✔ cmux Dock control lookup prefers the current workspace and then the newest record (11.281125ms)
✔ a main surface launched from home does not outrank the workspace's checked-out project (0.244334ms)
✔ a legacy record is migrated forward and its duplicates for the same surface are removed (8.63ms)
✔ a version 3 record is preferred without ever scanning legacy records (2.46525ms)
✔ a failed migration still returns the legacy record rather than losing the control (2.1925ms)
✔ legacy selection prefers the current workspace and then the newest record (14.770042ms)
✔ a dead process never causes a record to be pruned, so relaunch can still find its Dock (6.056292ms)
✔ a registration landing mid-migration is never clobbered by the legacy record (7.384166ms)
✔ concurrent migrations of one legacy record agree on a single canonical winner (18.718208ms)
✔ manual launch creates one unfocused Dock terminal and reveals Dock without stealing focus (2.822125ms)
✔ manual launch adopts an existing SideRail Dock surface instead of duplicating it (0.893458ms)
✔ manual launch recognizes its configured Dock caller identity even with cmux's startup wrapper (0.398042ms)
✔ manual launch can coexist with an unrelated configured Dock control (0.313416ms)
✔ manual launch adopts a registered configured SideRail control (0.388875ms)
✔ manual launch finds an active configured control after the main workspace changes (0.280917ms)
✔ manual launch reuses a registered post-q login shell (0.374375ms)
✔ manual launch waits for a starting configured control to register (0.303333ms)
✔ manual launch adopts a Dock surface with an exposed SideRail control id (0.267666ms)
✔ manual launch fails closed without a selected main workspace or Dock response (0.492042ms)
✔ Dock relaunch command restates variables and quotes shell metacharacters (0.0805ms)
✔ relaunching an existing Dock surface restores the owner window and project directory (1.030375ms)
✔ a relaunched Dock surface receives exactly the environment a created one does (0.544292ms)
✔ a Dock launch without a resolvable owner window omits the window variable rather than guessing (0.28825ms)
✔ a relaunch decision awaits an asynchronous liveness verdict (0.258917ms)
✔ an active registration is still adopted rather than relaunched (0.238583ms)
✔ clean rows open an exact read-only materialization in cmux's native file viewer (41.764958ms)
✔ changed rows open their exact selected revision in cmux's native file viewer (6.839875ms)
✔ missing main surface falls back within the explicit workspace without inheriting the Dock surface (5.787334ms)
✔ Dock surface is never closed from stale cmux native-preview state (9.496083ms)
✔ foreign type is never closed from stale cmux native-preview state (7.5245ms)
✔ foreign id is never closed from stale cmux native-preview state (7.706542ms)
✔ a missing stale surface releases its retained native-file materialization (8.372542ms)
✔ each open adds a new native tab and stable ownership survives Dock surface rotation (12.472875ms)
✔ stable control ownership migrates legacy surface-keyed preview state (10.84475ms)
✔ replacement-era ownership migrates without closing its native tabs (9.175917ms)
✔ unreadable legacy ownership is reported without blocking a new preview (9.41575ms)
▶ native identity names the actual bytes for clean and deletion fallbacks
  ✔ clean Files row (6.282583ms)
  ✔ staged deletion (4.31125ms)
  ✔ commit deletion (6.476584ms)
  ✔ unstaged worktree (10.234125ms)
  ✔ untracked worktree (3.527833ms)
  ✔ against-base revision (6.727625ms)
  ✔ against-base worktree fallback (6.582958ms)
  ✔ selected commit revision (8.156458ms)
  ✔ filesystem worktree (9.470334ms)
✔ native identity names the actual bytes for clean and deletion fallbacks (62.617791ms)
✔ transient discovery failures retain open tabs and later prune only closed tabs (19.728959ms)
✔ malformed ownership is ignored while an unreadable ownership path fails before cmux mutation (9.021292ms)
✔ ownership write failure closes the new native surface and removes its materialization (7.294459ms)
✔ ownership failure reports failed compensation without hiding either error (8.087625ms)
✔ malformed native open responses fail and remove prepared files (10.249541ms)
✔ partial native open reports failed close compensation (9.178792ms)
✔ a failed native file-open command removes the prepared materialization (9.443708ms)
✔ direct file-open payloads and fallback filenames remain supported (13.8825ms)
✔ stale preview inspection failures are warnings and retain the old materialization (5.445708ms)
✔ a cleanup-state rewrite failure remains a warning after verified cleanup (5.531375ms)
✔ stale state can never remove a materialization outside SideRail's cache (11.95025ms)
✔ cmux preview requires a resolved main workspace (1.011542ms)
✔ surface ownership requires exact id, native panel type, and main-area scope (0.231125ms)
✔ a native open that returns no surface identity removes its materialization and fails (6.074208ms)
✔ an unreadable materialization target is cleaned up rather than left half written (3.124083ms)
✔ preview ownership survives a cache directory that does not exist yet (7.288458ms)
✔ a preview state path is confined to the SideRail cache for hostile identities (0.897792ms)
✔ cmux Dock restart command preserves absolute paths with shell metacharacters (0.536708ms)
✔ cmux Dock restart command restates the host environment a resume binding cannot store (0.096083ms)
✔ cmux Dock resume registration is scoped to its window and surface (0.638791ms)
✔ cmux Dock resume registration ignores foreign and incomplete controls (0.081958ms)
✔ cmux Dock resume registration survives a restore that dropped the owner window id (0.151625ms)
✔ cmux Dock resume registration reports a retained manual approval (0.083375ms)
✔ live pane owns the single product title (3.252459ms)
✔ Herdr opens SideRail for restored and newly created tabs (0.54075ms)
✔ Herdr exposes a current-tab SideRail toggle action (0.3425ms)
✔ file previews open in a dedicated Herdr tab (0.600292ms)
✔ cmux previews use native file tabs without changing the Herdr preview (0.635792ms)
✔ preview scrolling repaints in place without clearing the screen (0.452125ms)
✔ manual refresh confirmation is transient (0.28625ms)
✔ configuration validates version, launch mode, and refresh bounds (0.784792ms)
✔ the shipped example is governed by runtime validation alone (0.508667ms)
✔ configuration requires a version and rejects nested unknown keys (0.272333ms)
✔ viewer actions resolve conditionally by selected filename (0.5435ms)
✔ viewer executable preflight detects commands without invoking them (3.394ms)
✔ installed Markdown rules bypass the generic preview only when system open is directly usable (1.319916ms)
✔ configuration rejects mistyped structured values (0.104875ms)
✔ user configuration merges by key and environment wins (7.238583ms)
✔ an explicit Glow TUI rule is preserved (4.335792ms)
✔ environment overrides do not mutate built-in defaults (5.359709ms)
✔ editor integration is optional and EDITOR remains a fallback (3.732ms)
✔ invalid environment overrides report errors without replacing valid defaults (5.69125ms)
✔ out-of-range polling overrides preserve a user interval (4.920334ms)
✔ structured file diff removes Git plumbing and tracks both line numbers (1.385833ms)
✔ structured file diff preserves meaningful file metadata (0.087375ms)
✔ structured file diff parses combined conflict hunks (0.221375ms)
✔ diff rows neutralize repository-controlled terminal sequences (0.245791ms)
✔ structured diff parsing strips Git color without losing hunk semantics (0.076375ms)
✔ clean Markdown opens its worktree path directly with the system application (5.152167ms)
✔ historical Markdown opens an exact read-only copy and schedules its cleanup (285.457084ms)
✔ a failed system open removes its temporary copy (7.66875ms)
✔ security policy directs reports to the repository's private reporting channel (3.067708ms)
✔ documentation states the eventual refresh and user-only configuration contracts (1.528ms)
✔ public installation and release evidence instructions enforce the candidate gates (1.705875ms)
✔ the default local check enforces coverage (0.334375ms)
✔ cmux documentation and project Dock config describe the supported right-sidebar host (1.877792ms)
✔ live release cleanup is isolated from the operator's Herdr installation (0.441458ms)
✔ sealed release logs are not hidden by the general log ignore (0.290667ms)
✔ sealed evidence is excluded from later archives and preserves terminal bytes (0.982625ms)
✔ the Docker Linux worker pins a checksummed Herdr and is part of the release runbook (1.295292ms)
✔ search folder state uses one bounded scope and row signatures reflect content (1.122375ms)
✔ folder collapse keys cover every tree ancestor and grouped folder (0.540125ms)
✔ folder expansion survives an ancestor collapse while newly discovered descendants start collapsed (0.090417ms)
✔ tree rows retain enough ancestry to distinguish siblings from nested children (6.979416ms)
✔ 20k-path files model materializes only the viewport at supported widths (163.244542ms)
✔ metadata filtering is dependency-specific and conservative when unhealthy (0.78825ms)
✔ ignored noise uses one NUL-safe batch and caches exact paths (3.436791ms)
✔ tracked paths, tracked directory renames, and submodule children bypass ignores (0.438084ms)
✔ own and sibling indexes are distinct for primary and linked worktrees (0.278417ms)
✔ ignore/index/config changes invalidate classification without discarding tracked ignores (1.113125ms)
✔ unknown names, external paths, directory mode, and provider errors recover conservatively (0.831959ms)
✔ classification failure and a generation change during classification never drop work (0.708041ms)
✔ close cancels pending work and drops in-flight classifier completions (0.56025ms)
✔ bounded ignore LRU promotes true and false hits and conservatively reclassifies evicted paths (0.563708ms)
✔ ignore cache rejects invalid capacities and bounds a batch larger than its capacity (0.941833ms)
✔ ls-files stage parser retains hidden worktree-presence flags (1.450125ms)
✔ commit machine formats preserve control characters and unambiguous paths (0.304917ms)
✔ porcelain v2 parser preserves spaces, tabs, unicode, renames, and conflicts (0.149333ms)
✔ combined raw and numstat output preserves metadata, stats, and unusual paths (0.244875ms)
✔ a silent handshake expires and close settles without an abandoned connection (52.227125ms)
✔ initial connection sends exactly one repository subscription (1.689625ms)
✔ blocked client controls wait for drain and then flush in order (7.664125ms)
✔ blocked client controls enforce the count bound and release pending requests (12.2095ms)
✔ blocked client controls enforce the bytes bound and release pending requests (13.04775ms)
✔ disconnect retains stale state and retries beyond a failed connection window (101.689334ms)
✔ a coordinator that never drains is disconnected at the blocked-write deadline (20.126667ms)
✔ unanswered requests time out and do not make unsubscribe or client close hang (42.035958ms)
✔ closing before connect finishes destroys the arriving socket and suppresses state (0.348375ms)
✔ an initial retry keeps a standalone process alive until ready settles (104.440292ms)
✔ an independent Node client connects successfully after its initial refusal (92.541417ms)
✔ coordinator transport drains controls in order and enforces blocked-write bounds (7.904167ms)
✔ eight socket clients share one engine build and one edit build (30.394167ms)
✔ a disconnected client resubscribes and maps a restarted engine to a fresh local generation (39.267333ms)
✔ host refresh suppresses unchanged context and reconnect follows a moved rail terminal (48.169417ms)
✔ a non-repository engine migrates to the Git identity when a late client joins (408.827667ms)
✔ relocated Git metadata gets a distinct engine instead of relabeling an active context (969.217833ms)
✔ an unencodable snapshot is typed and remains non-shareable for that engine key (3.589458ms)
✔ atomic launch claims allow one child and reclaim a dead owner (53.700875ms)
✔ the thin launcher starts one real daemon and records its complete lifecycle (3229.857125ms)
✔ a client that disconnects while its repository identity resolves leaves the coordinator idle (14.0305ms)
✔ a repository subscription closed while it starts is never registered (24.846958ms)
✔ effective Git environment is deterministic, conservative, and excludes resolved SideRail inputs (1.055875ms)
✔ Git executable identity resolves PATH to canonical file identity (45.915833ms)
✔ code fingerprint covers canonical checkout path, runtime paths, and bytes (14.737084ms)
✔ coordinator namespace separates user, host session, code, and Git-impact environment (2.885208ms)
✔ effective runtime semantics include immutable environment overrides only (0.240541ms)
✔ private runtime paths are mode 0700, short, stable, and do not claim the lease (6.059208ms)
✔ unsafe configured runtime directories and symlinks are never used (3.100916ms)
✔ repository identity shares subdirectories and resolves a relative alternate index from worktree root (276.999791ms)
✔ linked worktrees have distinct per-worktree Git dirs and one common Git dir (229.89475ms)
✔ ordinary non-repositories use canonical filesystem identity (40.042958ms)
✔ missing executables and ambiguous environment values fail explicitly (0.331083ms)
✔ malformed namespace inputs cannot collapse incompatible coordinators (0.390583ms)
✔ runtime paths reject wrong ownership, inaccessible filesystems, and excessive socket lengths (0.224417ms)
✔ executable and code identity failures are typed instead of borrowing another context (0.290083ms)
✔ ambiguous repository responses fail before a potentially incorrect shared snapshot (0.270792ms)
✔ only Git's own exit marks a directory as outside Git (4.155041ms)
✔ snapshot codec preserves only the schema-declared Map and own-property presence (1.687541ms)
✔ snapshot codec preserves an empty commit path Map (0.1085ms)
✔ snapshot codec rejects arbitrary Maps, cycles, tags, and forged undefined paths (0.383416ms)
✔ four-byte framing handles split headers, split payloads, and multiple frames (0.317541ms)
✔ frame decoder rejects oversize, malformed, and truncated frames and can reset (0.160959ms)
✔ frame encoder enforces the caller-selected bound (0.092458ms)
✔ client validator accepts typed repository and host requests (0.264417ms)
✔ validators reject unknown fields and command or environment injection (0.123041ms)
✔ server validator accepts encoded repository and exact host deliveries (0.248083ms)
✔ typed wire messages reject malformed scalar fields and contradictory responses (0.725583ms)
✔ snapshot schema rejects forged Maps and restores nested undefined without prototype mutation (0.475375ms)
✔ framing rejects invalid limits, unserializable messages, and zero-length frames (0.278625ms)
✔ runtime namespace follows immutable env overrides while config-file edits stay in one namespace (48.582292ms)
✔ process start identity uses an absolute system command independent of PATH (0.681792ms)
✔ runtime rejects mismatched identity and lost launch leases before binding (1.921209ms)
✔ runtime owns signal, coordinator, socket, owner, and lease cleanup (12.066625ms)
✔ process identity rejects unsupported and empty results (0.1495ms)
✔ idle shutdown rechecks new clients, and listen failures release owned resources (13.814209ms)
✔ shutdown errors reject completion and a changed lease is never removed (15.345958ms)
✔ cwd-dependent executable and config environments explicitly remain in process (0.2955ms)
✔ an asynchronous watcher error closes only that watcher and reaches recovery (0.527709ms)
✔ the release witness can isolate the recovery poll from filesystem watchers (0.0845ms)
✔ git watcher resolves and deduplicates per-worktree and common git directories (2.192208ms)
✔ git watcher never runs Git for an empty repository root (0.1015ms)
✔ session snapshot uses one documented socket request (1.0405ms)
✔ one source shares its initial snapshot and publishes semantic changes only (0.657541ms)
✔ concurrent refresh requests queue one follow-up without overlapping snapshots (2.304083ms)
✔ fallback cadence is one snapshot per completed interval and stops without subscribers (0.492167ms)
✔ snapshot failure is explicit, retains no false context, and schedules retry (0.2505ms)
✔ a listener failure is isolated from other subscribers and future polling (0.173791ms)
✔ default host source uses the socket and its timer without launching a CLI (55.465917ms)
✔ host response validation fails explicitly and inactive queued refreshes settle (0.346958ms)
✔ content selection follows each tab's focused pane and ignores SideRail panes (0.936167ms)
✔ live cwd resolution is scoped to the rail's own tab (0.647666ms)
✔ a focused SideRail Demo never becomes the main rail's content source (0.065083ms)
✔ a stored SideRail Demo source is discarded in favor of real tab content (0.115833ms)
✔ a moved rail resolves cwd from its current workspace instead of its launch workspace (0.155375ms)
✔ snapshot context follows a moved rail by terminal identity and reports visibility (0.155959ms)
✔ snapshot context distinguishes hidden and no-content rails (0.091833ms)
✔ configured sidebar width shrinks a new right split to exact columns (0.589875ms)
✔ configured width never takes more than half a narrow split (0.073709ms)
✔ configured width respects Herdr's minimum split ratio (0.050458ms)
✔ sidebar resize uses Herdr layout and pane APIs without changing focus (0.58725ms)
✔ orphaned pane locks are recovered instead of suppressing auto-open (14.877709ms)
✔ a live lock cannot be age-evicted or released by an earlier owner (119.335667ms)
✔ an orphaned reclaimer cannot permanently wedge a pane lock (13.477542ms)
✔ current and older-spelling rails are adopted, deduplicated, and never reopened from themselves (12.371584ms)
✔ toggle closes only the verified SideRail rail and clears its tab state (10.770541ms)
✔ toggle opens a rail when the current tab has none (10.22925ms)
✔ automatic ensure uses a safe outer-right split without layout staging (7.579583ms)
✔ legacy rails are replaced at the right edge using the tab-focused source cwd (6.664709ms)
✔ legacy migration open failure retains the verified legacy rail (3.090125ms)
✔ automatic ensure leaves a middle rail in place while manual opening relocates it (25.476167ms)
✔ rightmost placement is independent of pane listing order (0.136958ms)
✔ automatic ensure opens beside a top/bottom content layout (23.135416ms)
✔ manual open places a rail beside top/bottom content panes (21.58025ms)
✔ manual replace of an existing rail preserves stacked content (23.504708ms)
✔ nested rightmost column keeps its structure and terminals beside the new rail (22.805083ms)
✔ failed stacked open closes the newly created rail and restores content panes (22.120125ms)
✔ failed replacement close restores the original stacked tab (16.634ms)
✔ a killed opener leaves a durable staging record that the next ensure restores (614.070875ms)
✔ staging recovery keeps its record when a terminal identity changed (17.8875ms)
✔ staging recovery completes a replacement whose old rail already closed (29.185ms)
✔ manual replace retargets an existing rail while ensure adopts it (7.6195ms)
✔ replacement open failure retains the existing verified rail (7.200458ms)
✔ replace compensates the new pane when the owned rail cannot close (7.402625ms)
✔ zoomed tabs are unzoomed for replacement and restored afterward (116.064333ms)
✔ SideRail Demo panes use entrypoint-specific identity instead of accumulating (14.182666ms)
✔ a SideRail Demo pane cannot become the main rail's content source (9.3825ms)
✔ a user pane renamed like SideRail is never treated as plugin-owned (11.521084ms)
✔ ownership inspection failure aborts instead of opening a duplicate rail (5.856125ms)
✔ an invalid plugin-open pane id is never moved into the target tab (7.173666ms)
✔ closed-tab cleanup removes state and orphan locks only for that tab (28.173292ms)
✔ verified orphan plugin panes fall back to generic close only for plugin_pane_not_found (1.033458ms)
✔ other plugin close failures never broaden into generic pane closure (0.723167ms)
✔ requestHerdr sends NDJSON and returns the matching result (5.149375ms)
✔ subscribeHerdr preserves pushed event order after its acknowledgement (1.957167ms)
✔ event names normalize from emitted snake_case to subscription dot notation (0.093875ms)
✔ requestHerdr surfaces structured server errors (1.851084ms)
✔ a timed-out event wait does not consume the next event (13.085709ms)
▶ invalid and oversized response lines reject without crashing the process
  ✔ invalid JSON (2.764125ms)
  ✔ oversized complete line (2.238334ms)
✔ invalid and oversized response lines reject without crashing the process (5.270084ms)
﹣ Herdr accepts the generated binding and rejects it when the key is taken (0.434833ms) # SKIP
﹣ setup declines an inline keys.command array that the generated entry would break (0.049625ms) # SKIP
﹣ a valid config that embeds the generated block in a string keeps it (0.036125ms) # SKIP
✔ a cmux Dock never inherits Herdr workspace, pane, or tab identity (1.422ms)
✔ a cmux Dock without a project cwd falls back to its own directory, never a Herdr one (0.091833ms)
✔ a Herdr pane never inherits cmux Dock identity (0.104291ms)
✔ Herdr identity prefers explicit overrides, then plugin context, then ambient variables (0.076625ms)
✔ an explicit repo root still overrides a cmux Dock project directory (0.047166ms)
✔ a malformed or non-object Herdr plugin context degrades to no context (0.080917ms)
✔ blank and whitespace-only host variables are treated as absent (0.059125ms)
✔ an unknown host is treated as Herdr rather than granting Dock identity (0.042875ms)
✔ package info comes from the install's own package.json (1.63325ms)
✔ Herdr setup links once, is idempotent, and moves a stale local link (0.739625ms)
✔ Herdr setup refuses to replace a GitHub-managed install and rejects malformed listings (0.364791ms)
✔ Herdr plugin lookup normalizes unexpected field types (0.091125ms)
✔ Herdr ownership check only accepts a local link at this install (0.166667ms)
✔ the Dock control quotes install paths for cmux's login shell (0.210791ms)
✔ the global Dock config lives under HOME (0.581167ms)
✔ cmux setup creates, preserves, updates, and removes only its own control (9.41575ms)
✔ cmux setup never overwrites an unrelated control or malformed config (7.457583ms)
✔ cmux config read errors other than a missing file surface (5.546292ms)
✔ only the exact generated command is recognized as a SideRail control (6.116125ms)
✔ an install path containing a quote round-trips through setup and uninstall (6.647292ms)
✔ a swapped install is reported only after its tree settles across two ticks (16.453ms)
✔ the cmux launch waits for its own bootstrap, not only the rail it imports (18.767458ms)
✔ an empty source tree or a directory in place of an entrypoint is not ready (19.551542ms)
✔ files changing inside a stable checkout never trigger a restart (9.22275ms)
✔ a rail whose launcher died is reported orphaned instead of lingering (3.923375ms)
✔ an explicit launch identity is the baseline, so an early swap is still detected (4.394958ms)
✔ launch entrypoints include the launched script inside the install and always the rail (0.586625ms)
✔ the launch context is captured from this package when the module loads (0.141917ms)
✔ the default timer is real and unreferenced (2.133084ms)
✔ worktree presence validation checks only candidates and stops at its budget (1.380791ms)
✔ fixture state is derived by the production provider (744.32525ms)
✔ linked worktrees report the common repository name separately from the branch (382.425083ms)
✔ provider resolves branch Git config after explicit bases and validates it as a commit (2291.935459ms)
✔ live branch switches reload configured bases and keep stale local main clean (2305.091291ms)
✔ Files projection follows real committed, staged, unstaged, untracked, and recreated paths (1104.371416ms)
✔ inspection leaves HEAD, refs, index, status, and worktree bytes unchanged (816.549708ms)
✔ refresh and commit details use one exact-copy diff scan per comparison (620.593042ms)
✔ non-repository directories provide a bounded filesystem Files state (164.844583ms)
✔ configured bases must resolve to commits and never silently fall back (517.786041ms)
✔ a configured base with unrelated history never masquerades as a merge base (439.652042ms)
✔ invalid UTF-8 in display-only commit metadata does not hide repository state (397.451334ms)
﹣ non-UTF-8 Git paths fail visibly instead of collapsing identities (0.082792ms) # SKIP
✔ Against Raw uses the same merge base as its diff after branches diverge (483.672958ms)
✔ staged copy identity and colon-prefixed index paths remain exact (345.919375ms)
✔ exact-revision materialization preserves bounded binary bytes for viewers (82.233875ms)
✔ staged, unstaged, against, commit, untracked, and clean descriptors are independent (530.725791ms)
✔ raw preview identifies revisions and rejects escaping symlinks (164.231375ms)
✔ missing worktree content never falls back unless the selected state is deleted (84.458458ms)
✔ provider handles unborn and detached repositories plus unusual renamed paths (823.354167ms)
✔ rename pathspecs preserve identity in every diff scope (0.231291ms)
✔ rename and copy previews retain Git identity across against, workspace, commit, and staged views (477.535833ms)
✔ commit history and file details use one explicit first-parent comparison (505.078541ms)
✔ untracked text line counts match Git numstat semantics (311.089708ms)
✔ untracked statistics stop at an aggregate inspection budget (319.682333ms)
✔ clean tracked files retain symlink and executable metadata (276.445834ms)
✔ unstaged type changes use worktree mode rather than index mode (275.832541ms)
✔ against-base model retains deletion, rename, copy, executable, and symlink metadata (338.205542ms)
✔ unmerged porcelain state remains an explicit conflict in both scopes (385.597208ms)
✔ raw content limits fail safely before reading unbounded data (159.83275ms)
✔ historical and index blobs receive bounded binary and UTF-8 validation without fallback (475.98825ms)
✔ non-regular worktree entries are rejected without opening a blocking stream (29.153625ms)
✔ commit history is bounded while retaining an exact total (5516.0565ms)
✔ submodule gitlinks remain first-class canonical metadata (973.04775ms)
✔ selection follows the same path when a refresh changes its descriptor (0.890708ms)
✔ Files view combines base-branch diffs with grey unchanged files (7.602042ms)
✔ Files view omits deleted paths but keeps files recreated at the same path (0.15ms)
✔ Files view omits deleted paths when no base comparison is available (0.07025ms)
✔ Files view omits an indexed addition deleted before its first commit (0.061917ms)
✔ canonical clean files preserve tracked mode metadata (0.109ms)
✔ manifest routes every runtime entrypoint through an absolute shell and launcher (2.747291ms)
✔ launcher accepts an absolute Node executable whose path contains spaces (80.572208ms)
✔ cmux bootstrap preserves an explicit Node executable through a restricted Dock PATH (82.400333ms)
✔ direct cmux bootstrap enters a login shell after SideRail exits (346.773625ms)
✔ launcher rejects missing and unsupported Node before running the target (164.412834ms)
✔ in-process Node version guard rejects unsupported majors (0.173834ms)
✔ launcher reruns a rail from its launch directory after an install-swap restart (117.870667ms)
✔ a restart that fails while the new install settles is retried until it starts (2209.494791ms)
✔ a restart that keeps failing stops after five restarted launches with its own status (4298.003333ms)
✔ a first-run failure and a signal after a restart are never retried (202.357417ms)
✔ launcher does not rerun non-rail entrypoints that exit with the restart status (79.385458ms)
✔ preview state is scoped by workspace, source tab, and entrypoint (2.763125ms)
✔ opening a preview records it, renames its tab, and closes only a verified stale preview (3.359958ms)
✔ reused user pane id is never closed from stale preview state (1.769834ms)
✔ wrong workspace is never closed from stale preview state (1.708875ms)
✔ unrelated process is never closed from stale preview state (1.63025ms)
✔ same-named script from another checkout is never closed from stale preview state (1.967ms)
✔ inspection failure leaves the old pane open without hiding the successful new preview (1.731ms)
✔ malformed open response does not overwrite existing preview ownership (1.505958ms)
✔ missing stale panes are discarded without a destructive close (1.516125ms)
✔ open failure preserves stale ownership and rename failure is only a warning (1.794416ms)
✔ post-open state failure closes the new pane and preserves old ownership (1.28925ms)
✔ post-open state failure never closes a foreign pane from a malformed open response (1.338166ms)
✔ an unwritable preview state root fails inside the guarded lifecycle before opening a pane (0.651584ms)
✔ preview search normalizes content once and narrows prior candidates (1.310666ms)
✔ cached search results retain display columns without another position pass (0.295833ms)
✔ preview search restores cached prefixes, handles Unicode, and resets by content (0.126ms)
✔ preview search bounds query and retained candidate memory (980.740666ms)
✔ Git status never refreshes the index even when caller options enable optional locks (75.021417ms)
✔ concurrent Git process contexts keep config and index environments isolated (52.177458ms)
✔ process stdout remains text by default and can preserve exact bytes (74.804375ms)
✔ strict process decoding rejects invalid UTF-8 instead of merging byte identities (36.547041ms)
✔ process input can be supplied as exact bytes (37.881ms)
✔ timeouts settle without waiting for descendants that inherited output pipes (51.95525ms)
✔ timeouts terminate descendants in the command process group (554.097833ms)
✔ abort signals terminate and await the command process group (555.288166ms)
✔ hidden rails retain new snapshots without redraw; showing uses cached state without Git (1.235792ms)
✔ context switches drop late results and no-content state releases the subscription (0.660417ms)
✔ visible age timer is local only and hidden/closed rails cancel it (0.159583ms)
✔ startup failure is visible and closing a pending subscription discards completion (0.13025ms)
✔ commit ages advance from absolute author times without another provider read (0.224042ms)
✔ optional UI hooks can be omitted without breaking the subscription lifecycle (0.223625ms)
✔ sibling worktrees share the workspace's repository, main checkout first (3.234292ms)
✔ a worktree resolves by label, workspace id, or checkout path (1.850083ms)
✔ a pinned target replaces the followed cwd until its checkout disappears (0.1525ms)
✔ target files round-trip per tab and are removed with their tab or workspace (5.222ms)
✔ a rail sees its target file written and removed (64.255625ms)
✔ a pane's checkout is its root and branch, or says why it is unknown (1.658ms)
✔ checkouts compare by real path, not spelling (1.174792ms)
✔ dirty bursts coalesce and retain the two-second start cadence (1.761666ms)
✔ a dirty event during a read queues exactly one throttled follow-up (0.328125ms)
✔ a manual request during a read receives one immediate follow-up (0.20925ms)
✔ a due reconciliation covers an already pending dirty event without another read (0.818292ms)
✔ healthy reconciliation and degraded fallback honor maximum jitter bounds (0.335083ms)
✔ runtime interval updates reschedule only when a value changes (0.180584ms)
✔ provider failure retains bounded retry and close aborts owned work (0.5015ms)
✔ a 200,000-event dirty burst retains one deferred, deadline, timer and status update (21.775625ms)
✔ a large mid-read burst captures a newer generation and settles against the follow-up, never the active dirty read (16.107375ms)
✔ coalesced dirty callers share rejection on provider failure and pending close (0.189625ms)
✔ archive member verification rejects local-only and removed artifacts (0.804208ms)
✔ release evidence binds nine hashed local logs to one candidate (12.659625ms)
✔ sealing replaces the operator's home directory in bundled logs (10.524292ms)
✔ release evidence rejects failed, stale, mismatched, and malformed local records (8.779625ms)
✔ repository client stamps immutable tokens and drops closed-context deliveries (1.083167ms)
✔ in-process subscription preserves one engine owner and closes it only when requested (1.931083ms)
✔ client close invalidates a subscription whose ready result arrives later (0.722875ms)
✔ real ignored noise and a sibling index do not rebuild the primary worktree (2947.24025ms)
✔ real worktree, index, ref, and configuration mutations match the full provider oracle (17954.935041ms)
✔ real merge, rebase, cherry-pick, revert, bisect, and sibling-ref transitions stay on the oracle (10171.345459ms)
✔ quiet reads preserve index bytes and reconciliation repairs failed or replaced watch roots (466.465292ms)
✔ an unborn repository becomes a committed repository through native invalidation (1319.648417ms)
✔ a missing-object provider error retains state and bounded fallback recovers it (2037.296584ms)
✔ reconciliation repairs a silently lost event and a replaced real watch root (4228.507042ms)
✔ an eligible native event meets the production 125 ms / 2 second latency contract (2857.212916ms)
✔ repository engine owns startup, subscriptions, manual refresh, and watcher snapshots (2.572625ms)
✔ watcher-reported degraded health is preserved and reconciliation checks roots first (0.611875ms)
✔ refresh failure retains the last snapshot and later success clears the error (0.621ms)
✔ provider config changes update the engine reconciliation interval (0.298292ms)
✔ watch invalidation refreshes once and a watcher update failure degrades the delivery (0.264333ms)
✔ watch factory failure degrades state and an initial provider failure rejects ready (0.276958ms)
✔ late subscribers replay current state and close disposes a watcher still starting (0.360833ms)
✔ opt-in engine evidence counts provider builds without logging context paths (6.36975ms)
✔ real provider engines keep simultaneous alternate-index environments isolated (261.0175ms)
✔ watcher bursts attach one rejection handler per dirty batch, including an active-read follow-up (126.774709ms)
✔ release screenshots have the declared dimensions and resolvable source commits (5.325ms)
✔ state mode is explicit and rejects unknown rollback values (0.741833ms)
✔ only typed identity and snapshot-size failures select explicit fallback (0.074375ms)
✔ namespace semantics follow immutable environment overrides, not mutable config contents (0.544791ms)
✔ delivery localization preserves provider errors and never mutates a shared snapshot (0.5585ms)
✔ bootstrap stays dormant and exposes repository and host subscription seams (1.179833ms)
✔ local config is reloaded for every shared delivery (0.300917ms)
✔ different immutable semantics cannot borrow the first runtime (0.210667ms)
✔ typed identity failure switches one subscription to explicit in-process fallback (0.410292ms)
✔ post-initial oversize signal switches automatically and ignores the old epoch (2.956583ms)
✔ normal shared connection errors remain visible and do not silently fall back (0.394916ms)
✔ close does not wait on a blocked ready or unbounded remote close (10.80625ms)
✔ switching context closes the old subscription before opening the next (0.444041ms)
✔ explicit in-process mode is selected before shared runtime construction (0.087125ms)
✔ real facade and daemon derive one namespace and deliver repository state (1535.546042ms)
✔ real in-process fallback remains refreshable and closes its engine (122.722333ms)
✔ manual refresh switches on a typed size failure but preserves ordinary errors (0.618ms)
✔ facade rejects malformed identities and invalid subscription contracts (0.310833ms)
✔ a wide-ambiguous terminal keeps every row inside the rail width (1156.471334ms)
✔ demo snapshot is coherent at 25 columns (484.514208ms)
✔ demo snapshot is coherent at 36 columns (457.269041ms)
✔ demo snapshot is coherent at 52 columns (468.757583ms)
✔ demo snapshot is coherent at 100 columns (473.454459ms)
✔ demo snapshot ignores ambient user configuration and SideRail overrides (460.631542ms)
✔ Files view starts with folders collapsed at 25 columns (452.7605ms)
✔ Files view starts with folders collapsed at 100 columns (484.04075ms)
✔ production Files repaint materializes only the 20k-path viewport (1546.031541ms)
✔ Files search expands matching paths from collapsed folders for keyboard access (521.763625ms)
✔ a selected folder row is legible instead of muted against the selection (453.549625ms)
✔ keyboard navigation expands an initially collapsed Files folder (454.757041ms)
✔ Changes search includes commit history summaries (474.397791ms)
✔ commit-history search filters expanded commit children (476.20575ms)
✔ loaded commit search rows replace preview glyphs with real status and stats (475.029958ms)
✔ Changes and Files default to Tree at narrow and wide widths (1964.456917ms)
✔ Tree and Folders layouts render identical file status and stats (924.346375ms)
✔ rendered status matrix includes Git glyphs, numeric stats, and binary labels (661.367291ms)
✔ conflicted files render their dedicated on-screen glyph (467.383209ms)
✔ large repositories fully render Changes and Files without continuation controls (751.852833ms)
✔ Files render includes current untracked paths and excludes every deleted path (427.239375ms)
✔ sidebar rows stay within terminal width for wide filenames (340.49625ms)
✔ clean Changes view states that the worktree is clean (326.561125ms)
✔ non-repository Files stays browsable with one neutral file icon (278.8535ms)
✔ keyboard can expand a commit-summary search result (473.386208ms)
✔ help overlay explains keys and icons, scrolls, and returns to a highlighted selection (708.640916ms)
✔ Escape clears a keyboard selection before a second press closes the rail (488.677208ms)
✔ fatal rail errors restore terminal modes before exiting nonzero (410.662625ms)
✔ selection survives edit, stage, and commit refreshes while Files drops a later deletion (6298.649167ms)
✔ the live rail clears main history when branches change (4491.435083ms)
✔ terminal editor return and manual reload both re-read preview content (384.0055ms)
✔ preview processes coalesced search input, advances matches, and exposes horizontal navigation (216.499541ms)
✔ preview applies a search submitted before its content finishes loading (172.2365ms)
✔ embedded Markdown rendering stays inside the pageable preview viewport (387.00525ms)
✔ embedded resize after a completed search preserves the viewport and view label (506.407875ms)
✔ a hostile repository config cannot auto-launch a preview executable (87.911625ms)
✔ embedded Glow renders the selected Markdown bytes through stdin (289.877833ms)
✔ a configured Markdown action auto-opens embedded Glow and action 3 renders it again (287.522041ms)
✔ preview reports repaint latency for a large allowed line count (1623.039666ms)
ℹ 75,000-line preview repaint: 19ms
✔ preview avoids wrapped-row amplification for a pathological single line (136.658167ms)
✔ preview rejects pathological line counts before rendered-memory amplification (192.845625ms)
✔ one shared worker retains then removes many owner-only preview directories (1066.686417ms)
✔ shared cleanup refuses arbitrary temporary directories (2.456375ms)
✔ cleanup-worker spawn errors are contained and reported (2.01375ms)
✔ the shared worker directly expires markers and releases its ownership lock (26.584458ms)
✔ Files notices disclose independent scan and presence truncation (4.147334ms)
✔ cmux file clicks open one native preview while Herdr keeps double-click open (0.202375ms)
✔ selection reconciliation preserves errors and active transient status (0.099542ms)
✔ terminal text blocks OSC52 and every terminal control family (0.264167ms)
✔ clean Files metadata opens Raw even with a workspace descriptor (0.060875ms)
✔ successful asynchronous actions restore the pre-busy status (0.04825ms)
✔ commit preview context distinguishes first-parent and root comparisons (0.051833ms)
✔ preview tab names use a safe capped basename (0.602ms)
✔ ambiguous-width characters follow the configured terminal setting (0.123083ms)
✔ terminal layout helpers measure, truncate, pad, and compact by display columns (0.3805ms)
✔ preview wrapping preserves gutters, ANSI styles, Unicode width, and source rows (0.5235ms)
✔ embedded renderer output keeps only SGR styling (0.105ms)
✔ terminal input decoder preserves ordered coalesced keyboard, CSI, and mouse events (11.037791ms)
✔ pointer clicks recognize a cmux-paced double click and reset after opening (0.098334ms)
✔ an intervening non-file click cancels a pending file double click (0.070917ms)
✔ an intervening blank click cancels a pending file double click (0.063208ms)
✔ wheel and keyboard input cancel a pending file double click without treating mouse release as input (0.061125ms)
✔ summary-only commit matches can expand to meaningful file content (0.083833ms)
✔ poll timers reject corrupted intervals independently of configuration (0.068333ms)
✔ filesystem invalidations coalesce and enforce a minimum refresh cadence (0.104458ms)
✔ a successful refresh clears only refresh failures (0.036708ms)
✔ SGR mouse reports can be removed without leaking bytes into search text (0.063667ms)
✔ startup provider failures become an actionable render state (0.078125ms)
✔ sidebar snapshots cannot emit OSC52 from repository and filename data (314.3365ms)
✔ preview requests serialize and skip superseded queued selections (0.343458ms)
✔ keyboard selection reveal uses rendered row position (0.073375ms)
✔ the fallback palette is indexed so it inherits the terminal theme (0.58975ms)
✔ color values accept every documented Herdr spelling (0.30975ms)
✔ token reading keeps hash colors and ignores unrelated sections (0.652125ms)
✔ scalar reading handles bare, escaped, and unterminated values (0.070292ms)
✔ [ui] accent applies only when [theme.custom] omits one (0.057083ms)
✔ only the four documented tokens override the fallback palette (0.113625ms)
✔ the config path honours HERDR_CONFIG_PATH ahead of XDG and HOME (0.088458ms)
✔ a missing, unreadable, or cmux-hosted config leaves the fallback palette (1.760666ms)
✔ compact commit ages preserve value and unit (0.636ms)
✔ root files sort after every folder group (7.401416ms)
✔ uninstall closes only live pane instances owned by this checkout before unlinking (1.254417ms)
✔ uninstall fails closed on a reused or spoofed SideRail pane (0.44575ms)
✔ the rail shows a chosen Herdr worktree and follows its pane again when released (shared) (874.960167ms)
✔ the rail shows a chosen Herdr worktree and follows its pane again when released (in-process) (845.378125ms)
ℹ tests 588
ℹ suites 0
ℹ pass 584
ℹ fail 0
ℹ cancelled 0
ℹ skipped 4
ℹ todo 0
ℹ duration_ms 134484.994958
ℹ start of coverage report
ℹ --------------------------------------------------------------------------------------------------------------------------------------------------------------------------------------
ℹ file                          | line % | branch % | funcs % | uncovered lines
ℹ --------------------------------------------------------------------------------------------------------------------------------------------------------------------------------------
ℹ src                           |        |          |         | 
ℹ  cmux-context-watch.mjs       | 100.00 |    96.77 |  100.00 | 
ℹ  cmux-context.mjs             |  98.40 |    88.14 |   97.87 | 106-107 115-116 255-257 308-309
ℹ  cmux-preview-lifecycle.mjs   |  98.07 |    86.98 |  100.00 | 172-174 215-217 381-382
ℹ  cmux-resume.mjs              | 100.00 |    90.00 |  100.00 | 
ℹ  config.mjs                   |  97.24 |    92.82 |   96.67 | 65-66 69-70 144-145 159-160
ℹ  debug-log.mjs                |  86.67 |    83.33 |  100.00 | 13-14
ℹ  diff-view.mjs                |  86.67 |    82.35 |  100.00 | 45-48 67-72
ℹ  direct-file-open.mjs         | 100.00 |    73.33 |  100.00 | 
ℹ  files-view-model.mjs         |  98.36 |    91.76 |   95.65 | 145-147
ℹ  fixture.mjs                  | 100.00 |   100.00 |  100.00 | 
ℹ  git-invalidation.mjs         |  98.63 |    89.30 |   97.87 | 337-341
ℹ  git-parsers.mjs              | 100.00 |    95.06 |  100.00 | 
ℹ  git-provider.mjs             |  98.88 |    92.92 |  100.00 | 85-86 227-229 327-328
ℹ  git-state-client.mjs         |  92.30 |    80.89 |   93.51 | 57-60 96-97 107-108 154-157 184-186 246-250 263-269 342-343 405-409 428-431 468 531-536 620-623 666-669 693-694 702-703
ℹ  git-state-coordinator.mjs    |  92.05 |    77.63 |   90.38 | 90-92 104-106 156-157 215-217 281-283 289-292 315-317 329-330 339-340 342-345 369-370 372-375 409-411
ℹ  git-state-identity.mjs       |  99.61 |    93.24 |  100.00 | 146-147
ℹ  git-state-protocol.mjs       | 100.00 |    97.69 |  100.00 | 
ℹ  git-state-runtime.mjs        |  97.97 |    92.50 |   90.48 | 176-180
ℹ  git-watch.mjs                | 100.00 |    92.31 |  100.00 | 
ℹ  herdr-context-watch.mjs      | 100.00 |    93.51 |   96.00 | 
ℹ  herdr-context.mjs            |  89.26 |    69.81 |  100.00 | 35-45 119-120
ℹ  herdr-layout.mjs             | 100.00 |    71.43 |   83.33 | 
ℹ  herdr-pane-state.mjs         |  95.54 |    74.60 |   92.31 | 48-49 68-69 109-110 118-119 150 152
ℹ  herdr-plugin-pane.mjs        | 100.00 |   100.00 |  100.00 | 
ℹ  herdr-socket.mjs             |  94.15 |    85.11 |   92.31 | 37-41 115-116 150-152
ℹ  herdr-toggle-key.mjs         |  96.98 |    87.34 |  100.00 | 46 151-152 158-159 168-169 274-275
ℹ  host-identity.mjs            | 100.00 |   100.00 |  100.00 | 
ℹ  host-setup.mjs               | 100.00 |    99.15 |  100.00 | 
ℹ  install-watch.mjs            | 100.00 |    92.50 |   90.91 | 
ℹ  model.mjs                    |  84.44 |    90.48 |   82.35 | 64-74 85-87
ℹ  node-version.mjs             | 100.00 |   100.00 |  100.00 | 
ℹ  preview-pane-lifecycle.mjs   |  89.82 |    76.56 |  100.00 | 86-97 123-127
ℹ  preview-provider.mjs         |  98.31 |    85.81 |  100.00 | 62 94 160 223
ℹ  preview-search.mjs           | 100.00 |    87.50 |  100.00 | 
ℹ  process.mjs                  |  93.85 |    89.71 |   85.00 | 81 91-94 119-120 156 184-185 187-188
ℹ  rail-state-client.mjs        | 100.00 |   100.00 |   88.89 | 
ℹ  rail-target.mjs              |  97.79 |    87.06 |   96.88 | 30-31 137-138
ℹ  refresh-scheduler.mjs        |  98.98 |    86.73 |   93.94 | 234-235 264
ℹ  repository-client.mjs        |  94.02 |    61.11 |   93.75 | 58-59 84-88
ℹ  repository-engine.mjs        | 100.00 |    84.25 |  100.00 | 
ℹ  shared-rail-runtime.mjs      |  97.96 |    86.55 |   86.36 | 202-204 227-229 258-259
ℹ  temporary-copy-retention.mjs |  94.81 |    75.44 |  100.00 | 65-66 68-69 72 151-153
ℹ  terminal-ui.mjs              |  98.54 |    90.84 |   94.34 | 194-196 247-249 362-363
ℹ  theme.mjs                    | 100.00 |    97.14 |  100.00 | 
ℹ  tui-format.mjs               | 100.00 |    77.78 |  100.00 | 
ℹ --------------------------------------------------------------------------------------------------------------------------------------------------------------------------------------
ℹ all files                     |  97.18 |    88.41 |   95.49 | 
ℹ --------------------------------------------------------------------------------------------------------------------------------------------------------------------------------------
ℹ end of coverage report

> siderail@0.2.1 snapshot
> node scripts/siderail.mjs --demo --snapshot --width 52 --height 46

 [1msiderail-fixture[0m                                   
  [38;5;7m↱ feature/sidebar[0m                                 
[38;5;8m────────────────────────────────────────────────────[0m
[48;5;8m[38;5;3m[1m CHANGES                  [0m[2m FILES                    [0m
[48;5;8m[2m ⌕ Search changes & commits…                        [0m
 [38;5;3m≡ Tree[0m   [38;5;7m↻ Refresh[0m                                 
[38;5;8m────────────────────────────────────────────────────[0m
[38;5;3m▏[0m› Against main  [2m2[0m                                  
 › Commits  [2m1[0m                                       
 ⌄ Staged  [2m1[0m                                        
 [38;5;8m[0m[38;5;7m› src/[0m                                             
 ⌄ Unstaged  [2m1[0m                                      
 [38;5;8m[0m[38;5;7m› src/[0m                                             
 ⌄ Untracked  [2m2[0m                                     
 [38;5;8m[0m[38;5;7m› assets/[0m                                          
 [38;5;8m[0m[38;5;7m› notes/[0m                                           
                                                    
                                                    
                                                    
                                                    
                                                    
                                                    
                                                    
                                                    
                                                    
                                                    
                                                    
                                                    
                                                    
                                                    
                                                    
                                                    
                                                    
                                                    
                                                    
                                                    
                                                    
                                                    
                                                    
                                                    
                                                    
                                                    
                                                    
                                                    
[38;5;8m────────────────────────────────────────────────────[0m
[2mj/k select · Enter open · ? help · / search · q[0m     

> siderail@0.2.1 artifact:verify
> node scripts/verify-artifact.mjs

Verified 5 manifest runtime files and 60 archive runtime dependencies, all in the npm files allowlist
v24.19.0
