
> siderail@0.2.1 check
> npm run lint && npm run test:coverage


> siderail@0.2.1 lint
> node scripts/lint.mjs && eslint . && knip --include exports


> siderail@0.2.1 test:coverage
> node --test --test-concurrency=1 --experimental-test-coverage --test-coverage-include='src/**/*.mjs' --test-coverage-lines=95 --test-coverage-branches=86 --test-coverage-functions=95 test/*.test.mjs

✔ tab creation uses the event tab instead of the globally focused tab (0.936541ms)
✔ startup reconciliation chooses one non-SideRail pane per tab (0.302417ms)
✔ event reconciliation filters to the created tab (0.073541ms)
✔ legacy layout-staging tabs never trigger auto-open (0.050916ms)
✔ bounded sweep caps workers and preserves mixed partial results (0.785917ms)
✔ bounded sweep does not dequeue work after its global deadline (0.103042ms)
✔ bounded sweep cancels every target when the deadline has already expired (0.092ms)
✔ bounded sweep reports both active and queued jobs as deadline-cancelled (0.142417ms)
✔ auto-open target gives a started layout move time to finish (2.037916ms)
✔ auto-open stops at its deadline when staging has not started (22.27175ms)
✔ auto-open extends only a target with a durable staging record (53.910542ms)
✔ the global auto-open deadline starts before Herdr discovery (2.069833ms)
✔ only user configuration can disable automatic Herdr opening (2.438833ms)
✔ non-Git legacy labels never authorize closing a user pane (199.325917ms)
✔ Herdr launch keeps plugin code rooted while passing the selected repository explicitly (304.573166ms)
✔ help and version need no host (7.78725ms)
✔ unknown commands and hosts fail with usage (2.364042ms)
✔ setup with no host registers every detected host (5.517292ms)
✔ setup leaves Herdr's config alone when Herdr rejects the key or the config is broken (3.156416ms)
✔ setup recognizes existing bindings and declines what it cannot extend (6.514958ms)
✔ setup never commits an unvalidated candidate (2.824375ms)
✔ an edit made while Herdr checks the candidate survives (3.456042ms)
✔ a change of any kind while Herdr checks the candidate leaves the config alone (10.074166ms)
✔ retargeting a symlinked config while Herdr checks the candidate leaves both files alone (2.620375ms)
✔ a failed write or rename leaves the config and no temporary file behind (2.840708ms)
✔ uninstall keeps the key when Herdr rejects the removal or its check fails (2.759333ms)
✔ setup and uninstall edit a symlinked config in place and keep its mode (4.102083ms)
✔ uninstall removes the toggle key setup added and keeps anything edited or embedded (4.137625ms)
✔ uninstall finishes removing the key after the plugin is gone and reports a failed reload (1.83975ms)
✔ setup skips missing hosts, and fails when none is found (4.026ms)
✔ cmux is detected from PATH or the macOS application (4.9035ms)
✔ setup reports a moved Herdr link and an updated Dock control (2.016084ms)
✔ status reports each host, including stale and missing registrations (6.095625ms)
✔ uninstall removes only registrations that belong to this install (4.866084ms)
✔ explicit cmux uninstall removes a control from another install (1.460166ms)
✔ Herdr failures other than a missing executable propagate (0.970167ms)
✔ the installed bin runs through a symlink and reports errors on stderr (111.924667ms)
✔ the bin exits cleanly when its reader closes the pipe early (210.768416ms)
✔ uninstall unlinks only the plugin id it verified, whatever HERDR_PLUGIN_ID says (1.944167ms)
✔ default uninstall recognizes this install's control at a quoted path and leaves a quoted foreign one (2.9905ms)
✔ target pins the caller's tab to an open worktree and --follow releases it (3.276167ms)
✔ target lists worktrees as JSON for agents (1.635875ms)
✔ target rejects unknown worktrees, tabs, and ambiguous arguments (1.774709ms)
✔ cmux context events are scoped to the Dock owner window (0.619208ms)
✔ cmux context watcher decodes chunked events and closes its child (1.394041ms)
✔ cmux context watcher tolerates an unavailable stream without an error observer (0.348208ms)
✔ an unscoped watcher accepts every window while events without a window are never dropped (0.057958ms)
✔ an event payload window overrides nothing when the frame already names another window (0.049459ms)
✔ closing a cmux context watcher twice kills its child exactly once (0.27375ms)
✔ a clean cmux event stream exit is not an error but still reports the lost stream (0.262416ms)
✔ an unrequested cmux event stream failure reports both the error and the lost stream (0.348458ms)
✔ closing a cmux context watcher deliberately reports neither an error nor a lost stream (0.252125ms)
✔ a cmux context watcher without a close observer still tolerates an exit (0.217084ms)
✔ cmux executable selection prefers an explicit override and then the bundled CLI (0.648833ms)
✔ cmux Dock control ownership is keyed by its own surface, not the workspace it follows (6.988791ms)
✔ cmux Dock control registration rejects incomplete, missing, malformed, and mismatched ownership (5.116542ms)
✔ cmux Dock control registration follows a live surface across workspace changes (1.509459ms)
✔ cmux Dock registration liveness requires the recorded process (0.117708ms)
✔ a reused process id cannot revive a version 3 registration (0.084ms)
✔ a markerless version 3 record is invalid rather than silently process-id only (1.551709ms)
✔ registration fails rather than writing a version 3 record without a start marker (0.592917ms)
✔ the process start marker is read in a fixed locale and zone (0.166541ms)
✔ the process start marker rejects a row that belongs to another process (0.318458ms)
✔ main workspace selection never treats the SideRail Dock surface as its source surface (0.08125ms)
✔ cmux context resolves live main-area cwd while preserving every Dock identity (0.860625ms)
✔ cmux context falls back to the configured project cwd when discovery fails (0.165083ms)
✔ cmux context can resolve an older caller-scoped workspace without a window id (0.283209ms)
✔ cmux context remains anchored to its owner window when global focus moves (0.693375ms)
✔ cmux context recovers the selected project from the focused surface when workspace cwd is stale (0.360334ms)
✔ cmux context pins a valid main-surface launch folder when Dock activity contaminates workspace cwd (0.316042ms)
✔ cmux context never substitutes the SideRail Dock cwd for a missing selected project (0.191791ms)
✔ Dock owner window is discovered from the Dock's own surface when cmux reports no caller (0.1325ms)
✔ Dock owner window discovery is skipped without a surface of its own (0.041042ms)
✔ Dock owner window falls back to a live window hint before the global-Dock workspace convention (0.095917ms)
✔ cmux context resolves the Dock-owning window when identify has no caller and focus is elsewhere (0.622292ms)
✔ cmux context never resolves the focused window's project for a Dock owned by another window (0.315666ms)
✔ cmux context reuses a cached owner window without repeating Dock discovery (0.33775ms)
✔ cmux context still resolves a project when Dock owner discovery fails outright (0.26775ms)
✔ a checked-out candidate outranks an existing but unversioned directory (0.133333ms)
✔ no checked-out candidate keeps the first existing directory rather than an unusable path (0.105458ms)
✔ repository detection accepts a linked worktree whose .git is a file (1.722833ms)
✔ cmux Dock control state paths cannot escape the SideRail cache directory (1.485584ms)
✔ cmux Dock control lookup ignores another control's record for the same surface (1.786875ms)
✔ cmux Dock control lookup prefers the current workspace and then the newest record (2.941625ms)
✔ a main surface launched from home does not outrank the workspace's checked-out project (0.234167ms)
✔ a legacy record is migrated forward and its duplicates for the same surface are removed (3.69525ms)
✔ a version 3 record is preferred without ever scanning legacy records (1.7375ms)
✔ a failed migration still returns the legacy record rather than losing the control (1.531791ms)
✔ legacy selection prefers the current workspace and then the newest record (9.670834ms)
✔ a dead process never causes a record to be pruned, so relaunch can still find its Dock (1.651833ms)
✔ a registration landing mid-migration is never clobbered by the legacy record (2.577542ms)
✔ concurrent migrations of one legacy record agree on a single canonical winner (5.77275ms)
✔ manual launch creates one unfocused Dock terminal and reveals Dock without stealing focus (3.065458ms)
✔ manual launch adopts an existing SideRail Dock surface instead of duplicating it (0.956708ms)
✔ manual launch recognizes its configured Dock caller identity even with cmux's startup wrapper (0.425958ms)
✔ manual launch can coexist with an unrelated configured Dock control (0.315083ms)
✔ manual launch adopts a registered configured SideRail control (0.372666ms)
✔ manual launch finds an active configured control after the main workspace changes (0.29275ms)
✔ manual launch reuses a registered post-q login shell (0.455625ms)
✔ manual launch waits for a starting configured control to register (0.325583ms)
✔ manual launch adopts a Dock surface with an exposed SideRail control id (0.278459ms)
✔ manual launch fails closed without a selected main workspace or Dock response (0.514625ms)
✔ Dock relaunch command restates variables and quotes shell metacharacters (0.093958ms)
✔ relaunching an existing Dock surface restores the owner window and project directory (0.865167ms)
✔ a relaunched Dock surface receives exactly the environment a created one does (0.451917ms)
✔ a Dock launch without a resolvable owner window omits the window variable rather than guessing (0.364417ms)
✔ a relaunch decision awaits an asynchronous liveness verdict (0.271625ms)
✔ an active registration is still adopted rather than relaunched (0.249709ms)
✔ clean rows open an exact read-only materialization in cmux's native file viewer (7.632291ms)
✔ changed rows open their exact selected revision in cmux's native file viewer (2.522083ms)
✔ missing main surface falls back within the explicit workspace without inheriting the Dock surface (2.849208ms)
✔ Dock surface is never closed from stale cmux native-preview state (2.175375ms)
✔ foreign type is never closed from stale cmux native-preview state (1.904084ms)
✔ foreign id is never closed from stale cmux native-preview state (2.133167ms)
✔ a missing stale surface releases its retained native-file materialization (2.780208ms)
✔ each open adds a new native tab and stable ownership survives Dock surface rotation (3.226667ms)
✔ stable control ownership migrates legacy surface-keyed preview state (2.373416ms)
✔ replacement-era ownership migrates without closing its native tabs (1.979875ms)
✔ unreadable legacy ownership is reported without blocking a new preview (1.908916ms)
▶ native identity names the actual bytes for clean and deletion fallbacks
  ✔ clean Files row (1.580291ms)
  ✔ staged deletion (1.774ms)
  ✔ commit deletion (1.685125ms)
  ✔ unstaged worktree (2.054375ms)
  ✔ untracked worktree (1.770208ms)
  ✔ against-base revision (1.43925ms)
  ✔ against-base worktree fallback (1.456792ms)
  ✔ selected commit revision (1.4695ms)
  ✔ filesystem worktree (1.499083ms)
✔ native identity names the actual bytes for clean and deletion fallbacks (15.395916ms)
✔ transient discovery failures retain open tabs and later prune only closed tabs (4.618125ms)
✔ malformed ownership is ignored while an unreadable ownership path fails before cmux mutation (2.390334ms)
✔ ownership write failure closes the new native surface and removes its materialization (1.51675ms)
✔ ownership failure reports failed compensation without hiding either error (1.358291ms)
✔ malformed native open responses fail and remove prepared files (1.342833ms)
✔ partial native open reports failed close compensation (1.494917ms)
✔ a failed native file-open command removes the prepared materialization (1.302ms)
✔ direct file-open payloads and fallback filenames remain supported (2.168916ms)
✔ stale preview inspection failures are warnings and retain the old materialization (2.19475ms)
✔ a cleanup-state rewrite failure remains a warning after verified cleanup (1.468ms)
✔ stale state can never remove a materialization outside SideRail's cache (2.005875ms)
✔ cmux preview requires a resolved main workspace (0.269084ms)
✔ surface ownership requires exact id, native panel type, and main-area scope (0.165875ms)
✔ a native open that returns no surface identity removes its materialization and fails (1.311834ms)
✔ an unreadable materialization target is cleaned up rather than left half written (0.700208ms)
✔ preview ownership survives a cache directory that does not exist yet (1.596709ms)
✔ a preview state path is confined to the SideRail cache for hostile identities (0.475375ms)
✔ cmux Dock restart command preserves absolute paths with shell metacharacters (0.499833ms)
✔ cmux Dock restart command restates the host environment a resume binding cannot store (0.094208ms)
✔ cmux Dock resume registration is scoped to its window and surface (0.662666ms)
✔ cmux Dock resume registration ignores foreign and incomplete controls (0.082333ms)
✔ cmux Dock resume registration survives a restore that dropped the owner window id (0.162166ms)
✔ cmux Dock resume registration reports a retained manual approval (0.086083ms)
✔ live pane owns the single product title (3.13425ms)
✔ Herdr opens SideRail for restored and newly created tabs (0.4815ms)
✔ Herdr exposes a current-tab SideRail toggle action (0.294667ms)
✔ file previews open in a dedicated Herdr tab (0.547834ms)
✔ cmux previews use native file tabs without changing the Herdr preview (0.603833ms)
✔ preview scrolling repaints in place without clearing the screen (0.537ms)
✔ manual refresh confirmation is transient (0.347667ms)
✔ configuration validates version, launch mode, and refresh bounds (0.863208ms)
✔ the shipped example is governed by runtime validation alone (0.70075ms)
✔ configuration requires a version and rejects nested unknown keys (0.238042ms)
✔ viewer actions resolve conditionally by selected filename (0.501458ms)
✔ viewer executable preflight detects commands without invoking them (1.857375ms)
✔ installed Markdown rules bypass the generic preview only when system open is directly usable (1.062291ms)
✔ configuration rejects mistyped structured values (0.098167ms)
✔ user configuration merges by key and environment wins (2.128458ms)
✔ an explicit Glow TUI rule is preserved (1.545291ms)
✔ environment overrides do not mutate built-in defaults (1.179ms)
✔ editor integration is optional and EDITOR remains a fallback (1.08625ms)
✔ invalid environment overrides report errors without replacing valid defaults (0.903625ms)
✔ out-of-range polling overrides preserve a user interval (1.578292ms)
✔ structured file diff removes Git plumbing and tracks both line numbers (1.431209ms)
✔ structured file diff preserves meaningful file metadata (0.092958ms)
✔ structured file diff parses combined conflict hunks (0.225708ms)
✔ diff rows neutralize repository-controlled terminal sequences (0.249541ms)
✔ structured diff parsing strips Git color without losing hunk semantics (0.07775ms)
✔ clean Markdown opens its worktree path directly with the system application (4.044791ms)
✔ historical Markdown opens an exact read-only copy and schedules its cleanup (121.616167ms)
✔ a failed system open removes its temporary copy (2.470292ms)
✔ security policy directs reports to the repository's private reporting channel (3.140833ms)
✔ documentation states the eventual refresh and user-only configuration contracts (1.284917ms)
✔ public installation and release evidence instructions enforce the candidate gates (1.103084ms)
✔ the default local check enforces coverage (0.339333ms)
✔ cmux documentation and project Dock config describe the supported right-sidebar host (1.832875ms)
✔ live release cleanup is isolated from the operator's Herdr installation (0.280667ms)
✔ sealed release logs are not hidden by the general log ignore (0.213458ms)
✔ sealed evidence is excluded from later archives and preserves terminal bytes (0.410791ms)
✔ the Docker Linux worker pins a checksummed Herdr and is part of the release runbook (0.754041ms)
✔ search folder state uses one bounded scope and row signatures reflect content (1.036084ms)
✔ folder collapse keys cover every tree ancestor and grouped folder (0.527083ms)
✔ folder expansion survives an ancestor collapse while newly discovered descendants start collapsed (0.0925ms)
✔ tree rows retain enough ancestry to distinguish siblings from nested children (6.860334ms)
✔ 20k-path files model materializes only the viewport at supported widths (170.630042ms)
✔ metadata filtering is dependency-specific and conservative when unhealthy (0.74275ms)
✔ ignored noise uses one NUL-safe batch and caches exact paths (3.427167ms)
✔ tracked paths, tracked directory renames, and submodule children bypass ignores (0.348417ms)
✔ own and sibling indexes are distinct for primary and linked worktrees (0.216583ms)
✔ ignore/index/config changes invalidate classification without discarding tracked ignores (0.677333ms)
✔ unknown names, external paths, directory mode, and provider errors recover conservatively (0.289792ms)
✔ classification failure and a generation change during classification never drop work (0.337833ms)
✔ close cancels pending work and drops in-flight classifier completions (0.425875ms)
✔ bounded ignore LRU promotes true and false hits and conservatively reclassifies evicted paths (0.456541ms)
✔ ignore cache rejects invalid capacities and bounds a batch larger than its capacity (0.873708ms)
✔ ls-files stage parser retains hidden worktree-presence flags (1.340625ms)
✔ commit machine formats preserve control characters and unambiguous paths (0.293208ms)
✔ porcelain v2 parser preserves spaces, tabs, unicode, renames, and conflicts (0.14425ms)
✔ combined raw and numstat output preserves metadata, stats, and unusual paths (0.236792ms)
✔ a silent handshake expires and close settles without an abandoned connection (51.731584ms)
✔ initial connection sends exactly one repository subscription (1.808333ms)
✔ blocked client controls wait for drain and then flush in order (7.658958ms)
✔ blocked client controls enforce the count bound and release pending requests (11.986ms)
✔ blocked client controls enforce the bytes bound and release pending requests (12.98925ms)
✔ disconnect retains stale state and retries beyond a failed connection window (103.801417ms)
✔ a coordinator that never drains is disconnected at the blocked-write deadline (22.3685ms)
✔ unanswered requests time out and do not make unsubscribe or client close hang (42.342083ms)
✔ closing before connect finishes destroys the arriving socket and suppresses state (0.394459ms)
✔ an initial retry keeps a standalone process alive until ready settles (88.613291ms)
✔ an independent Node client connects successfully after its initial refusal (73.350375ms)
✔ coordinator transport drains controls in order and enforces blocked-write bounds (8.227833ms)
✔ eight socket clients share one engine build and one edit build (33.328209ms)
✔ a disconnected client resubscribes and maps a restarted engine to a fresh local generation (35.769542ms)
✔ host refresh suppresses unchanged context and reconnect follows a moved rail terminal (46.166334ms)
✔ a non-repository engine migrates to the Git identity when a late client joins (249.523959ms)
✔ relocated Git metadata gets a distinct engine instead of relabeling an active context (609.967625ms)
✔ an unencodable snapshot is typed and remains non-shareable for that engine key (3.497666ms)
✔ atomic launch claims allow one child and reclaim a dead owner (35.466125ms)
✔ the thin launcher starts one real daemon and records its complete lifecycle (2948.629584ms)
✔ a client that disconnects while its repository identity resolves leaves the coordinator idle (11.623958ms)
✔ a repository subscription closed while it starts is never registered (22.080375ms)
✔ effective Git environment is deterministic, conservative, and excludes resolved SideRail inputs (1.055875ms)
✔ Git executable identity resolves PATH to canonical file identity (4.559041ms)
✔ code fingerprint covers canonical checkout path, runtime paths, and bytes (10.481708ms)
✔ coordinator namespace separates user, host session, code, and Git-impact environment (1.437ms)
✔ effective runtime semantics include immutable environment overrides only (0.216666ms)
✔ private runtime paths are mode 0700, short, stable, and do not claim the lease (2.475834ms)
✔ unsafe configured runtime directories and symlinks are never used (1.296167ms)
✔ repository identity shares subdirectories and resolves a relative alternate index from worktree root (138.598125ms)
✔ linked worktrees have distinct per-worktree Git dirs and one common Git dir (139.004042ms)
✔ ordinary non-repositories use canonical filesystem identity (28.040125ms)
✔ missing executables and ambiguous environment values fail explicitly (0.343917ms)
✔ malformed namespace inputs cannot collapse incompatible coordinators (0.393791ms)
✔ runtime paths reject wrong ownership, inaccessible filesystems, and excessive socket lengths (0.236375ms)
✔ executable and code identity failures are typed instead of borrowing another context (0.320708ms)
✔ ambiguous repository responses fail before a potentially incorrect shared snapshot (0.272959ms)
✔ only Git's own exit marks a directory as outside Git (2.575458ms)
✔ snapshot codec preserves only the schema-declared Map and own-property presence (1.691833ms)
✔ snapshot codec preserves an empty commit path Map (0.101791ms)
✔ snapshot codec rejects arbitrary Maps, cycles, tags, and forged undefined paths (0.369667ms)
✔ four-byte framing handles split headers, split payloads, and multiple frames (0.309792ms)
✔ frame decoder rejects oversize, malformed, and truncated frames and can reset (0.165917ms)
✔ frame encoder enforces the caller-selected bound (0.090791ms)
✔ client validator accepts typed repository and host requests (0.267458ms)
✔ validators reject unknown fields and command or environment injection (0.13475ms)
✔ server validator accepts encoded repository and exact host deliveries (0.253541ms)
✔ typed wire messages reject malformed scalar fields and contradictory responses (0.745083ms)
✔ snapshot schema rejects forged Maps and restores nested undefined without prototype mutation (0.591084ms)
✔ framing rejects invalid limits, unserializable messages, and zero-length frames (0.302292ms)
✔ runtime namespace follows immutable env overrides while config-file edits stay in one namespace (28.51575ms)
✔ process start identity uses an absolute system command independent of PATH (0.643375ms)
✔ runtime rejects mismatched identity and lost launch leases before binding (1.004333ms)
✔ runtime owns signal, coordinator, socket, owner, and lease cleanup (7.259625ms)
✔ process identity rejects unsupported and empty results (0.155292ms)
✔ idle shutdown rechecks new clients, and listen failures release owned resources (7.718667ms)
✔ shutdown errors reject completion and a changed lease is never removed (7.995917ms)
✔ cwd-dependent executable and config environments explicitly remain in process (0.2765ms)
✔ an asynchronous watcher error closes only that watcher and reaches recovery (0.509458ms)
✔ the release witness can isolate the recovery poll from filesystem watchers (0.094167ms)
✔ git watcher resolves and deduplicates per-worktree and common git directories (2.05375ms)
✔ git watcher never runs Git for an empty repository root (0.092708ms)
✔ session snapshot uses one documented socket request (0.998583ms)
✔ one source shares its initial snapshot and publishes semantic changes only (0.63175ms)
✔ concurrent refresh requests queue one follow-up without overlapping snapshots (2.121ms)
✔ fallback cadence is one snapshot per completed interval and stops without subscribers (0.401667ms)
✔ snapshot failure is explicit, retains no false context, and schedules retry (0.160916ms)
✔ a listener failure is isolated from other subscribers and future polling (0.128667ms)
✔ default host source uses the socket and its timer without launching a CLI (53.598625ms)
✔ host response validation fails explicitly and inactive queued refreshes settle (0.328125ms)
✔ content selection follows each tab's focused pane and ignores SideRail panes (0.870958ms)
✔ live cwd resolution is scoped to the rail's own tab (0.611167ms)
✔ a focused SideRail Demo never becomes the main rail's content source (0.061875ms)
✔ a stored SideRail Demo source is discarded in favor of real tab content (0.11ms)
✔ a moved rail resolves cwd from its current workspace instead of its launch workspace (0.149917ms)
✔ snapshot context follows a moved rail by terminal identity and reports visibility (0.14825ms)
✔ snapshot context distinguishes hidden and no-content rails (0.092542ms)
✔ configured sidebar width shrinks a new right split to exact columns (0.577083ms)
✔ configured width never takes more than half a narrow split (0.073833ms)
✔ configured width respects Herdr's minimum split ratio (0.046625ms)
✔ sidebar resize uses Herdr layout and pane APIs without changing focus (0.527875ms)
✔ orphaned pane locks are recovered instead of suppressing auto-open (7.749041ms)
✔ a live lock cannot be age-evicted or released by an earlier owner (104.216792ms)
✔ an orphaned reclaimer cannot permanently wedge a pane lock (3.865125ms)
✔ current and older-spelling rails are adopted, deduplicated, and never reopened from themselves (4.812792ms)
✔ toggle closes only the verified SideRail rail and clears its tab state (2.560958ms)
✔ toggle opens a rail when the current tab has none (1.971833ms)
✔ automatic ensure uses a safe outer-right split without layout staging (1.983ms)
✔ legacy rails are replaced at the right edge using the tab-focused source cwd (2.361833ms)
✔ legacy migration open failure retains the verified legacy rail (1.597667ms)
✔ automatic ensure leaves a middle rail in place while manual opening relocates it (24.026417ms)
✔ rightmost placement is independent of pane listing order (0.11025ms)
✔ automatic ensure opens beside a top/bottom content layout (13.655792ms)
✔ manual open places a rail beside top/bottom content panes (11.848584ms)
✔ manual replace of an existing rail preserves stacked content (12.963416ms)
✔ nested rightmost column keeps its structure and terminals beside the new rail (12.105125ms)
✔ failed stacked open closes the newly created rail and restores content panes (11.767583ms)
✔ failed replacement close restores the original stacked tab (11.811125ms)
✔ a killed opener leaves a durable staging record that the next ensure restores (593.65725ms)
✔ staging recovery keeps its record when a terminal identity changed (11.514458ms)
✔ staging recovery completes a replacement whose old rail already closed (12.125542ms)
✔ manual replace retargets an existing rail while ensure adopts it (2.163ms)
✔ replacement open failure retains the existing verified rail (1.846083ms)
✔ replace compensates the new pane when the owned rail cannot close (1.652667ms)
✔ zoomed tabs are unzoomed for replacement and restored afterward (106.447209ms)
✔ SideRail Demo panes use entrypoint-specific identity instead of accumulating (2.7745ms)
✔ a SideRail Demo pane cannot become the main rail's content source (1.828084ms)
✔ a user pane renamed like SideRail is never treated as plugin-owned (2.445417ms)
✔ ownership inspection failure aborts instead of opening a duplicate rail (1.986625ms)
✔ an invalid plugin-open pane id is never moved into the target tab (2.005542ms)
✔ closed-tab cleanup removes state and orphan locks only for that tab (23.880583ms)
✔ verified orphan plugin panes fall back to generic close only for plugin_pane_not_found (0.983542ms)
✔ other plugin close failures never broaden into generic pane closure (0.627709ms)
✔ requestHerdr sends NDJSON and returns the matching result (4.808833ms)
✔ subscribeHerdr preserves pushed event order after its acknowledgement (1.63975ms)
✔ event names normalize from emitted snake_case to subscription dot notation (0.092167ms)
✔ requestHerdr surfaces structured server errors (1.148375ms)
✔ a timed-out event wait does not consume the next event (12.150375ms)
▶ invalid and oversized response lines reject without crashing the process
  ✔ invalid JSON (1.302542ms)
  ✔ oversized complete line (0.669458ms)
✔ invalid and oversized response lines reject without crashing the process (2.226334ms)
﹣ Herdr accepts the generated binding and rejects it when the key is taken (0.421542ms) # SKIP
﹣ setup declines an inline keys.command array that the generated entry would break (0.053375ms) # SKIP
﹣ a valid config that embeds the generated block in a string keeps it (0.035958ms) # SKIP
✔ a cmux Dock never inherits Herdr workspace, pane, or tab identity (1.259333ms)
✔ a cmux Dock without a project cwd falls back to its own directory, never a Herdr one (0.082625ms)
✔ a Herdr pane never inherits cmux Dock identity (0.107209ms)
✔ Herdr identity prefers explicit overrides, then plugin context, then ambient variables (0.071834ms)
✔ an explicit repo root still overrides a cmux Dock project directory (0.047583ms)
✔ a malformed or non-object Herdr plugin context degrades to no context (0.07525ms)
✔ blank and whitespace-only host variables are treated as absent (0.055125ms)
✔ an unknown host is treated as Herdr rather than granting Dock identity (0.048208ms)
✔ package info comes from the install's own package.json (0.739084ms)
✔ Herdr setup links once, is idempotent, and moves a stale local link (0.727709ms)
✔ Herdr setup refuses to replace a GitHub-managed install and rejects malformed listings (0.363125ms)
✔ Herdr plugin lookup normalizes unexpected field types (0.095458ms)
✔ Herdr ownership check only accepts a local link at this install (0.176042ms)
✔ the Dock control quotes install paths for cmux's login shell (0.6295ms)
✔ the global Dock config lives under HOME (0.098584ms)
✔ cmux setup creates, preserves, updates, and removes only its own control (2.826916ms)
✔ cmux setup never overwrites an unrelated control or malformed config (2.363541ms)
✔ cmux config read errors other than a missing file surface (1.553417ms)
✔ only the exact generated command is recognized as a SideRail control (1.928125ms)
✔ an install path containing a quote round-trips through setup and uninstall (1.95425ms)
✔ a swapped install is reported only after its tree settles across two ticks (3.9735ms)
✔ the cmux launch waits for its own bootstrap, not only the rail it imports (3.150042ms)
✔ an empty source tree or a directory in place of an entrypoint is not ready (3.189792ms)
✔ files changing inside a stable checkout never trigger a restart (1.495666ms)
✔ a rail whose launcher died is reported orphaned instead of lingering (1.610375ms)
✔ an explicit launch identity is the baseline, so an early swap is still detected (1.5775ms)
✔ launch entrypoints include the launched script inside the install and always the rail (0.511292ms)
✔ the launch context is captured from this package when the module loads (0.120792ms)
✔ the default timer is real and unreferenced (1.55675ms)
✔ worktree presence validation checks only candidates and stops at its budget (1.356167ms)
✔ fixture state is derived by the production provider (390.668042ms)
✔ linked worktrees report the common repository name separately from the branch (295.095709ms)
✔ provider resolves branch Git config after explicit bases and validates it as a commit (1934.200208ms)
✔ live branch switches reload configured bases and keep stale local main clean (2003.891209ms)
✔ Files projection follows real committed, staged, unstaged, untracked, and recreated paths (711.763959ms)
✔ inspection leaves HEAD, refs, index, status, and worktree bytes unchanged (1013.050625ms)
✔ refresh and commit details use one exact-copy diff scan per comparison (566.729375ms)
✔ non-repository directories provide a bounded filesystem Files state (80.75975ms)
✔ configured bases must resolve to commits and never silently fall back (361.607208ms)
✔ a configured base with unrelated history never masquerades as a merge base (277.155917ms)
✔ invalid UTF-8 in display-only commit metadata does not hide repository state (350.530416ms)
﹣ non-UTF-8 Git paths fail visibly instead of collapsing identities (0.081292ms) # SKIP
✔ Against Raw uses the same merge base as its diff after branches diverge (451.412333ms)
✔ staged copy identity and colon-prefixed index paths remain exact (304.351209ms)
✔ exact-revision materialization preserves bounded binary bytes for viewers (74.068334ms)
✔ staged, unstaged, against, commit, untracked, and clean descriptors are independent (492.323958ms)
✔ raw preview identifies revisions and rejects escaping symlinks (160.396417ms)
✔ missing worktree content never falls back unless the selected state is deleted (87.409583ms)
✔ provider handles unborn and detached repositories plus unusual renamed paths (845.867333ms)
✔ rename pathspecs preserve identity in every diff scope (0.205458ms)
✔ rename and copy previews retain Git identity across against, workspace, commit, and staged views (481.469791ms)
✔ commit history and file details use one explicit first-parent comparison (551.747583ms)
✔ untracked text line counts match Git numstat semantics (296.766333ms)
✔ untracked statistics stop at an aggregate inspection budget (324.549291ms)
✔ clean tracked files retain symlink and executable metadata (282.566166ms)
✔ unstaged type changes use worktree mode rather than index mode (280.138916ms)
✔ against-base model retains deletion, rename, copy, executable, and symlink metadata (362.872458ms)
✔ unmerged porcelain state remains an explicit conflict in both scopes (387.72725ms)
✔ raw content limits fail safely before reading unbounded data (153.312209ms)
✔ historical and index blobs receive bounded binary and UTF-8 validation without fallback (446.443792ms)
✔ non-regular worktree entries are rejected without opening a blocking stream (28.868125ms)
✔ commit history is bounded while retaining an exact total (5483.066875ms)
✔ submodule gitlinks remain first-class canonical metadata (989.639708ms)
✔ selection follows the same path when a refresh changes its descriptor (0.852458ms)
✔ Files view combines base-branch diffs with grey unchanged files (7.650666ms)
✔ Files view omits deleted paths but keeps files recreated at the same path (0.137583ms)
✔ Files view omits deleted paths when no base comparison is available (0.068875ms)
✔ Files view omits an indexed addition deleted before its first commit (0.06425ms)
✔ canonical clean files preserve tracked mode metadata (0.110708ms)
✔ manifest routes every runtime entrypoint through an absolute shell and launcher (2.91725ms)
✔ launcher accepts an absolute Node executable whose path contains spaces (81.575625ms)
✔ cmux bootstrap preserves an explicit Node executable through a restricted Dock PATH (91.72925ms)
✔ direct cmux bootstrap enters a login shell after SideRail exits (385.96675ms)
✔ launcher rejects missing and unsupported Node before running the target (187.43675ms)
✔ in-process Node version guard rejects unsupported majors (0.201042ms)
✔ launcher reruns a rail from its launch directory after an install-swap restart (121.690917ms)
✔ a restart that fails while the new install settles is retried until it starts (2214.81975ms)
✔ a restart that keeps failing stops after five restarted launches with its own status (4294.45825ms)
✔ a first-run failure and a signal after a restart are never retried (197.605375ms)
✔ launcher does not rerun non-rail entrypoints that exit with the restart status (77.742625ms)
✔ preview state is scoped by workspace, source tab, and entrypoint (2.897458ms)
✔ opening a preview records it, renames its tab, and closes only a verified stale preview (3.819167ms)
✔ reused user pane id is never closed from stale preview state (2.046041ms)
✔ wrong workspace is never closed from stale preview state (1.815458ms)
✔ unrelated process is never closed from stale preview state (1.662ms)
✔ same-named script from another checkout is never closed from stale preview state (2.546ms)
✔ inspection failure leaves the old pane open without hiding the successful new preview (1.865167ms)
✔ malformed open response does not overwrite existing preview ownership (1.635917ms)
✔ missing stale panes are discarded without a destructive close (1.607667ms)
✔ open failure preserves stale ownership and rename failure is only a warning (1.911666ms)
✔ post-open state failure closes the new pane and preserves old ownership (1.607333ms)
✔ post-open state failure never closes a foreign pane from a malformed open response (1.366292ms)
✔ an unwritable preview state root fails inside the guarded lifecycle before opening a pane (0.594208ms)
✔ preview search normalizes content once and narrows prior candidates (1.392916ms)
✔ cached search results retain display columns without another position pass (0.300292ms)
✔ preview search restores cached prefixes, handles Unicode, and resets by content (0.13525ms)
✔ preview search bounds query and retained candidate memory (1019.538125ms)
✔ Git status never refreshes the index even when caller options enable optional locks (77.727875ms)
✔ concurrent Git process contexts keep config and index environments isolated (51.626ms)
✔ process stdout remains text by default and can preserve exact bytes (69.555916ms)
✔ strict process decoding rejects invalid UTF-8 instead of merging byte identities (35.357667ms)
✔ process input can be supplied as exact bytes (38.455667ms)
✔ timeouts settle without waiting for descendants that inherited output pipes (52.067083ms)
✔ timeouts terminate descendants in the command process group (554.066166ms)
✔ abort signals terminate and await the command process group (553.830916ms)
✔ hidden rails retain new snapshots without redraw; showing uses cached state without Git (1.586125ms)
✔ context switches drop late results and no-content state releases the subscription (0.738083ms)
✔ visible age timer is local only and hidden/closed rails cancel it (0.167458ms)
✔ startup failure is visible and closing a pending subscription discards completion (0.118792ms)
✔ commit ages advance from absolute author times without another provider read (0.276791ms)
✔ optional UI hooks can be omitted without breaking the subscription lifecycle (0.267125ms)
✔ sibling worktrees share the workspace's repository, main checkout first (3.011833ms)
✔ a worktree resolves by label, workspace id, or checkout path (4.749042ms)
✔ a pinned target replaces the followed cwd until its checkout disappears (0.137291ms)
✔ target files round-trip per tab and are removed with their tab or workspace (5.729041ms)
✔ a rail sees its target file written and removed (61.291416ms)
✔ a pane's checkout is its root and branch, or says why it is unknown (1.335416ms)
✔ checkouts compare by real path, not spelling (0.918916ms)
✔ dirty bursts coalesce and retain the two-second start cadence (1.87325ms)
✔ a dirty event during a read queues exactly one throttled follow-up (0.336208ms)
✔ a manual request during a read receives one immediate follow-up (0.188625ms)
✔ a due reconciliation covers an already pending dirty event without another read (0.791583ms)
✔ healthy reconciliation and degraded fallback honor maximum jitter bounds (0.354ms)
✔ runtime interval updates reschedule only when a value changes (0.192875ms)
✔ provider failure retains bounded retry and close aborts owned work (0.573917ms)
✔ a 200,000-event dirty burst retains one deferred, deadline, timer and status update (22.650916ms)
✔ a large mid-read burst captures a newer generation and settles against the follow-up, never the active dirty read (15.815084ms)
✔ coalesced dirty callers share rejection on provider failure and pending close (0.174333ms)
✔ archive member verification rejects local-only and removed artifacts (0.788959ms)
✔ release evidence binds nine hashed local logs to one candidate (11.328417ms)
✔ sealing replaces the operator's home directory in bundled logs (8.687958ms)
✔ release evidence rejects failed, stale, mismatched, and malformed local records (8.637167ms)
✔ repository client stamps immutable tokens and drops closed-context deliveries (1.04925ms)
✔ in-process subscription preserves one engine owner and closes it only when requested (1.693834ms)
✔ client close invalidates a subscription whose ready result arrives later (0.65025ms)
✔ real ignored noise and a sibling index do not rebuild the primary worktree (2558.058083ms)
✔ real worktree, index, ref, and configuration mutations match the full provider oracle (16677.638333ms)
✔ real merge, rebase, cherry-pick, revert, bisect, and sibling-ref transitions stay on the oracle (10079.527084ms)
✔ quiet reads preserve index bytes and reconciliation repairs failed or replaced watch roots (513.637584ms)
✔ an unborn repository becomes a committed repository through native invalidation (1351.976417ms)
✔ a missing-object provider error retains state and bounded fallback recovers it (2001.5135ms)
✔ reconciliation repairs a silently lost event and a replaced real watch root (2740.937583ms)
✔ an eligible native event meets the production 125 ms / 2 second latency contract (2819.8845ms)
✔ repository engine owns startup, subscriptions, manual refresh, and watcher snapshots (2.802667ms)
✔ watcher-reported degraded health is preserved and reconciliation checks roots first (0.646667ms)
✔ refresh failure retains the last snapshot and later success clears the error (0.822083ms)
✔ provider config changes update the engine reconciliation interval (0.387791ms)
✔ watch invalidation refreshes once and a watcher update failure degrades the delivery (0.292416ms)
✔ watch factory failure degrades state and an initial provider failure rejects ready (0.306542ms)
✔ late subscribers replay current state and close disposes a watcher still starting (0.427333ms)
✔ opt-in engine evidence counts provider builds without logging context paths (5.712666ms)
✔ real provider engines keep simultaneous alternate-index environments isolated (234.471042ms)
✔ watcher bursts attach one rejection handler per dirty batch, including an active-read follow-up (132.246542ms)
✔ release screenshots have the declared dimensions and resolvable source commits (1.7865ms)
✔ state mode is explicit and rejects unknown rollback values (0.741292ms)
✔ only typed identity and snapshot-size failures select explicit fallback (0.080125ms)
✔ namespace semantics follow immutable environment overrides, not mutable config contents (0.533041ms)
✔ delivery localization preserves provider errors and never mutates a shared snapshot (0.539334ms)
✔ bootstrap stays dormant and exposes repository and host subscription seams (1.170084ms)
✔ local config is reloaded for every shared delivery (0.330917ms)
✔ different immutable semantics cannot borrow the first runtime (0.235209ms)
✔ typed identity failure switches one subscription to explicit in-process fallback (0.425083ms)
✔ post-initial oversize signal switches automatically and ignores the old epoch (3.233708ms)
✔ normal shared connection errors remain visible and do not silently fall back (0.329084ms)
✔ close does not wait on a blocked ready or unbounded remote close (11.522167ms)
✔ switching context closes the old subscription before opening the next (0.424125ms)
✔ explicit in-process mode is selected before shared runtime construction (0.085708ms)
✔ real facade and daemon derive one namespace and deliver repository state (1579.152125ms)
✔ real in-process fallback remains refreshable and closes its engine (90.328917ms)
✔ manual refresh switches on a typed size failure but preserves ordinary errors (0.595458ms)
✔ facade rejects malformed identities and invalid subscription contracts (0.311958ms)
✔ a wide-ambiguous terminal keeps every row inside the rail width (918.241417ms)
✔ demo snapshot is coherent at 25 columns (485.667083ms)
✔ demo snapshot is coherent at 36 columns (462.311583ms)
✔ demo snapshot is coherent at 52 columns (481.183667ms)
✔ demo snapshot is coherent at 100 columns (466.303375ms)
✔ demo snapshot ignores ambient user configuration and SideRail overrides (467.67075ms)
✔ Files view starts with folders collapsed at 25 columns (474.192875ms)
✔ Files view starts with folders collapsed at 100 columns (490.253625ms)
✔ production Files repaint materializes only the 20k-path viewport (1780.41425ms)
✔ Files search expands matching paths from collapsed folders for keyboard access (581.890208ms)
✔ a selected folder row is legible instead of muted against the selection (628.747208ms)
✔ keyboard navigation expands an initially collapsed Files folder (452.251959ms)
✔ Changes search includes commit history summaries (495.618708ms)
✔ commit-history search filters expanded commit children (497.860625ms)
✔ loaded commit search rows replace preview glyphs with real status and stats (496.358625ms)
✔ Changes and Files default to Tree at narrow and wide widths (1982.046875ms)
✔ Tree and Folders layouts render identical file status and stats (936.159667ms)
✔ rendered status matrix includes Git glyphs, numeric stats, and binary labels (659.220917ms)
✔ conflicted files render their dedicated on-screen glyph (471.6975ms)
✔ large repositories fully render Changes and Files without continuation controls (723.589333ms)
✔ Files render includes current untracked paths and excludes every deleted path (430.584333ms)
✔ sidebar rows stay within terminal width for wide filenames (326.758875ms)
✔ clean Changes view states that the worktree is clean (331.730167ms)
✔ non-repository Files stays browsable with one neutral file icon (284.1515ms)
✔ keyboard can expand a commit-summary search result (474.964167ms)
✔ help overlay explains keys and icons, scrolls, and returns to a highlighted selection (713.035875ms)
✔ Escape clears a keyboard selection before a second press closes the rail (510.9845ms)
✔ fatal rail errors restore terminal modes before exiting nonzero (437.390125ms)
✔ selection survives edit, stage, and commit refreshes while Files drops a later deletion (6364.40575ms)
✔ the live rail clears main history when branches change (4524.281208ms)
✔ terminal editor return and manual reload both re-read preview content (364.149875ms)
✔ preview processes coalesced search input, advances matches, and exposes horizontal navigation (214.947458ms)
✔ preview applies a search submitted before its content finishes loading (172.931333ms)
✔ embedded Markdown rendering stays inside the pageable preview viewport (363.025583ms)
✔ embedded resize after a completed search preserves the viewport and view label (510.251167ms)
✔ a hostile repository config cannot auto-launch a preview executable (87.17425ms)
✔ embedded Glow renders the selected Markdown bytes through stdin (262.469083ms)
✔ a configured Markdown action auto-opens embedded Glow and action 3 renders it again (290.267916ms)
✔ preview reports repaint latency for a large allowed line count (1659.384125ms)
ℹ 75,000-line preview repaint: 20ms
✔ preview avoids wrapped-row amplification for a pathological single line (137.49125ms)
✔ preview rejects pathological line counts before rendered-memory amplification (194.465875ms)
✔ one shared worker retains then removes many owner-only preview directories (1072.30275ms)
✔ shared cleanup refuses arbitrary temporary directories (2.923208ms)
✔ cleanup-worker spawn errors are contained and reported (2.194209ms)
✔ the shared worker directly expires markers and releases its ownership lock (27.391958ms)
✔ Files notices disclose independent scan and presence truncation (4.673625ms)
✔ cmux file clicks open one native preview while Herdr keeps double-click open (0.223459ms)
✔ selection reconciliation preserves errors and active transient status (0.100792ms)
✔ terminal text blocks OSC52 and every terminal control family (0.312667ms)
✔ clean Files metadata opens Raw even with a workspace descriptor (0.069042ms)
✔ successful asynchronous actions restore the pre-busy status (0.050334ms)
✔ commit preview context distinguishes first-parent and root comparisons (0.05225ms)
✔ preview tab names use a safe capped basename (0.655167ms)
✔ ambiguous-width characters follow the configured terminal setting (0.1375ms)
✔ terminal layout helpers measure, truncate, pad, and compact by display columns (0.389ms)
✔ preview wrapping preserves gutters, ANSI styles, Unicode width, and source rows (0.575459ms)
✔ embedded renderer output keeps only SGR styling (0.116042ms)
✔ terminal input decoder preserves ordered coalesced keyboard, CSI, and mouse events (11.261375ms)
✔ pointer clicks recognize a cmux-paced double click and reset after opening (0.171125ms)
✔ an intervening non-file click cancels a pending file double click (0.0925ms)
✔ an intervening blank click cancels a pending file double click (0.085458ms)
✔ wheel and keyboard input cancel a pending file double click without treating mouse release as input (0.079208ms)
✔ summary-only commit matches can expand to meaningful file content (0.089125ms)
✔ poll timers reject corrupted intervals independently of configuration (0.071416ms)
✔ filesystem invalidations coalesce and enforce a minimum refresh cadence (0.118ms)
✔ a successful refresh clears only refresh failures (0.044167ms)
✔ SGR mouse reports can be removed without leaking bytes into search text (0.081834ms)
✔ startup provider failures become an actionable render state (0.103666ms)
✔ sidebar snapshots cannot emit OSC52 from repository and filename data (334.707708ms)
✔ preview requests serialize and skip superseded queued selections (0.323834ms)
✔ keyboard selection reveal uses rendered row position (0.076084ms)
✔ the fallback palette is indexed so it inherits the terminal theme (0.62275ms)
✔ color values accept every documented Herdr spelling (0.300041ms)
✔ token reading keeps hash colors and ignores unrelated sections (0.64525ms)
✔ scalar reading handles bare, escaped, and unterminated values (0.069333ms)
✔ [ui] accent applies only when [theme.custom] omits one (0.054625ms)
✔ only the four documented tokens override the fallback palette (0.121875ms)
✔ the config path honours HERDR_CONFIG_PATH ahead of XDG and HOME (0.092667ms)
✔ a missing, unreadable, or cmux-hosted config leaves the fallback palette (2.263666ms)
✔ compact commit ages preserve value and unit (0.772334ms)
✔ root files sort after every folder group (8.24425ms)
✔ uninstall closes only live pane instances owned by this checkout before unlinking (1.330959ms)
✔ uninstall fails closed on a reused or spoofed SideRail pane (0.485625ms)
✔ the rail shows a chosen Herdr worktree and follows its pane again when released (shared) (926.642458ms)
✔ the rail shows a chosen Herdr worktree and follows its pane again when released (in-process) (653.760834ms)
ℹ tests 588
ℹ suites 0
ℹ pass 584
ℹ fail 0
ℹ cancelled 0
ℹ skipped 4
ℹ todo 0
ℹ duration_ms 127171.754416
ℹ start of coverage report
ℹ --------------------------------------------------------------------------------------------------------------------------------------------------------------------------------------
ℹ file                          | line % | branch % | funcs % | uncovered lines
ℹ --------------------------------------------------------------------------------------------------------------------------------------------------------------------------------------
ℹ src                           |        |          |         | 
ℹ  cmux-context-watch.mjs       | 100.00 |    96.77 |  100.00 | 
ℹ  cmux-context.mjs             |  98.40 |    88.14 |   97.87 | 106-107 115-116 255-257 308-309
ℹ  cmux-preview-lifecycle.mjs   |  98.07 |    86.98 |  100.00 | 172-174 215-217 381-382
ℹ  cmux-resume.mjs              | 100.00 |    90.00 |  100.00 | 
ℹ  config.mjs                   |  97.24 |    92.82 |   96.67 | 65-66 69-70 144-145 159-160
ℹ  debug-log.mjs                |  86.67 |    83.33 |  100.00 | 13-14
ℹ  diff-view.mjs                |  86.67 |    82.35 |  100.00 | 45-48 67-72
ℹ  direct-file-open.mjs         | 100.00 |    73.33 |  100.00 | 
ℹ  files-view-model.mjs         |  98.36 |    91.76 |   95.65 | 145-147
ℹ  fixture.mjs                  | 100.00 |   100.00 |  100.00 | 
ℹ  git-invalidation.mjs         |  98.63 |    88.84 |   97.87 | 337-341
ℹ  git-parsers.mjs              | 100.00 |    95.06 |  100.00 | 
ℹ  git-provider.mjs             |  98.23 |    91.20 |  100.00 | 85-86 159-160 227-229 327-328 455-456
ℹ  git-state-client.mjs         |  92.30 |    80.89 |   93.51 | 57-60 96-97 107-108 154-157 184-186 246-250 263-269 342-343 405-409 428-431 468 531-536 620-623 666-669 693-694 702-703
ℹ  git-state-coordinator.mjs    |  92.05 |    77.63 |   90.38 | 90-92 104-106 156-157 215-217 281-283 289-292 315-317 329-330 339-340 342-345 369-370 372-375 409-411
ℹ  git-state-identity.mjs       | 100.00 |    94.52 |  100.00 | 
ℹ  git-state-protocol.mjs       | 100.00 |    97.69 |  100.00 | 
ℹ  git-state-runtime.mjs        |  97.97 |    93.67 |   90.48 | 176-180
ℹ  git-watch.mjs                | 100.00 |    92.31 |  100.00 | 
ℹ  herdr-context-watch.mjs      | 100.00 |    94.94 |   96.00 | 
ℹ  herdr-context.mjs            |  89.26 |    69.81 |  100.00 | 35-45 119-120
ℹ  herdr-layout.mjs             | 100.00 |    71.43 |   83.33 | 
ℹ  herdr-pane-state.mjs         |  96.43 |    75.81 |   92.31 | 68-69 109-110 118-119 150 152
ℹ  herdr-plugin-pane.mjs        | 100.00 |   100.00 |  100.00 | 
ℹ  herdr-socket.mjs             |  94.15 |    81.63 |   92.31 | 37-41 115-116 150-152
ℹ  herdr-toggle-key.mjs         |  96.98 |    87.34 |  100.00 | 46 151-152 158-159 168-169 274-275
ℹ  host-identity.mjs            | 100.00 |   100.00 |  100.00 | 
ℹ  host-setup.mjs               | 100.00 |    99.15 |  100.00 | 
ℹ  install-watch.mjs            | 100.00 |    92.50 |   90.91 | 
ℹ  model.mjs                    |  84.44 |    90.48 |   82.35 | 64-74 85-87
ℹ  node-version.mjs             | 100.00 |   100.00 |  100.00 | 
ℹ  preview-pane-lifecycle.mjs   |  89.82 |    76.56 |  100.00 | 86-97 123-127
ℹ  preview-provider.mjs         |  98.31 |    85.81 |  100.00 | 62 94 160 223
ℹ  preview-search.mjs           | 100.00 |    87.50 |  100.00 | 
ℹ  process.mjs                  |  93.85 |    91.04 |   85.00 | 81 91-94 119-120 156 184-185 187-188
ℹ  rail-state-client.mjs        | 100.00 |   100.00 |   88.89 | 
ℹ  rail-target.mjs              |  97.79 |    87.36 |   96.88 | 30-31 137-138
ℹ  refresh-scheduler.mjs        |  98.98 |    86.73 |   93.94 | 234-235 264
ℹ  repository-client.mjs        |  94.02 |    61.11 |   93.75 | 58-59 84-88
ℹ  repository-engine.mjs        | 100.00 |    84.25 |  100.00 | 
ℹ  shared-rail-runtime.mjs      |  97.96 |    86.55 |   86.36 | 202-204 227-229 258-259
ℹ  temporary-copy-retention.mjs |  94.81 |    75.44 |  100.00 | 65-66 68-69 72 151-153
ℹ  terminal-ui.mjs              |  98.54 |    90.84 |   94.34 | 194-196 247-249 362-363
ℹ  theme.mjs                    | 100.00 |    97.14 |  100.00 | 
ℹ  tui-format.mjs               | 100.00 |    77.78 |  100.00 | 
ℹ --------------------------------------------------------------------------------------------------------------------------------------------------------------------------------------
ℹ all files                     |  97.18 |    88.40 |   95.49 | 
ℹ --------------------------------------------------------------------------------------------------------------------------------------------------------------------------------------
ℹ end of coverage report
