Verified 161 release archive members

added 91 packages, and audited 92 packages in 712ms

29 packages are looking for funding
  run `npm fund` for details

found 0 vulnerabilities

> siderail@0.2.0 artifact:verify
> node scripts/verify-artifact.mjs

Verified 5 manifest runtime files and 59 archive runtime dependencies, all in the npm files allowlist

> siderail@0.2.0 check
> npm run lint && npm run test:coverage


> siderail@0.2.0 lint
> node scripts/lint.mjs && eslint . && knip --include exports


> siderail@0.2.0 test:coverage
> node --test --test-concurrency=1 --experimental-test-coverage --test-coverage-include='src/**/*.mjs' --test-coverage-lines=95 --test-coverage-branches=86 --test-coverage-functions=95 test/*.test.mjs

✔ tab creation uses the event tab instead of the globally focused tab (1.003458ms)
✔ startup reconciliation chooses one non-SideRail pane per tab (0.313542ms)
✔ event reconciliation filters to the created tab (0.077875ms)
✔ legacy layout-staging tabs never trigger auto-open (0.054333ms)
✔ bounded sweep caps workers and preserves mixed partial results (0.858542ms)
✔ bounded sweep does not dequeue work after its global deadline (0.105333ms)
✔ bounded sweep cancels every target when the deadline has already expired (0.0855ms)
✔ bounded sweep reports both active and queued jobs as deadline-cancelled (0.144666ms)
✔ auto-open target gives its process group the remaining deadline and recovery grace (2.255541ms)
✔ the global auto-open deadline starts before Herdr discovery (4.797125ms)
✔ only user configuration can disable automatic Herdr opening (2.493791ms)
✔ non-Git legacy labels never authorize closing a user pane (186.585416ms)
✔ Herdr launch keeps plugin code rooted while passing the selected repository explicitly (442.719291ms)
✔ help and version need no host (8.887417ms)
✔ unknown commands and hosts fail with usage (2.723ms)
✔ setup with no host registers every detected host (4.0825ms)
✔ setup skips missing hosts, and fails when none is found (4.65775ms)
✔ cmux is detected from PATH or the macOS application (4.610166ms)
✔ setup reports a moved Herdr link and an updated Dock control (2.0315ms)
✔ status reports each host, including stale and missing registrations (6.833416ms)
✔ uninstall removes only registrations that belong to this install (4.368292ms)
✔ explicit cmux uninstall removes a control from another install (2.01125ms)
✔ Herdr failures other than a missing executable propagate (1.008334ms)
✔ the installed bin runs through a symlink and reports errors on stderr (109.573959ms)
✔ the bin exits cleanly when its reader closes the pipe early (209.360292ms)
✔ uninstall unlinks only the plugin id it verified, whatever HERDR_PLUGIN_ID says (2.274083ms)
✔ default uninstall recognizes this install's control at a quoted path and leaves a quoted foreign one (3.4215ms)
✔ target pins the caller's tab to an open worktree and --follow releases it (3.6915ms)
✔ target lists worktrees as JSON for agents (1.59975ms)
✔ target rejects unknown worktrees, tabs, and ambiguous arguments (1.595583ms)
✔ cmux context events are scoped to the Dock owner window (0.575625ms)
✔ cmux context watcher decodes chunked events and closes its child (1.427958ms)
✔ cmux context watcher tolerates an unavailable stream without an error observer (0.346292ms)
✔ an unscoped watcher accepts every window while events without a window are never dropped (0.057875ms)
✔ an event payload window overrides nothing when the frame already names another window (0.048125ms)
✔ closing a cmux context watcher twice kills its child exactly once (0.27675ms)
✔ a clean cmux event stream exit is not an error but still reports the lost stream (0.660166ms)
✔ an unrequested cmux event stream failure reports both the error and the lost stream (0.270166ms)
✔ closing a cmux context watcher deliberately reports neither an error nor a lost stream (0.246542ms)
✔ a cmux context watcher without a close observer still tolerates an exit (0.232084ms)
✔ cmux executable selection prefers an explicit override and then the bundled CLI (0.693917ms)
✔ cmux Dock control ownership is keyed by its own surface, not the workspace it follows (7.5015ms)
✔ cmux Dock control registration rejects incomplete, missing, malformed, and mismatched ownership (4.778042ms)
✔ cmux Dock control registration follows a live surface across workspace changes (1.615958ms)
✔ cmux Dock registration liveness requires the recorded process (0.142042ms)
✔ a reused process id cannot revive a version 3 registration (0.092541ms)
✔ a markerless version 3 record is invalid rather than silently process-id only (1.528667ms)
✔ registration fails rather than writing a version 3 record without a start marker (0.684791ms)
✔ the process start marker is read in a fixed locale and zone (0.175541ms)
✔ the process start marker rejects a row that belongs to another process (0.355ms)
✔ main workspace selection never treats the SideRail Dock surface as its source surface (0.081583ms)
✔ cmux context resolves live main-area cwd while preserving every Dock identity (0.930666ms)
✔ cmux context falls back to the configured project cwd when discovery fails (0.183375ms)
✔ cmux context can resolve an older caller-scoped workspace without a window id (0.866375ms)
✔ cmux context remains anchored to its owner window when global focus moves (0.364542ms)
✔ cmux context recovers the selected project from the focused surface when workspace cwd is stale (0.463542ms)
✔ cmux context pins a valid main-surface launch folder when Dock activity contaminates workspace cwd (0.433791ms)
✔ cmux context never substitutes the SideRail Dock cwd for a missing selected project (0.165708ms)
✔ Dock owner window is discovered from the Dock's own surface when cmux reports no caller (0.12225ms)
✔ Dock owner window discovery is skipped without a surface of its own (0.0455ms)
✔ Dock owner window falls back to a live window hint before the global-Dock workspace convention (0.109292ms)
✔ cmux context resolves the Dock-owning window when identify has no caller and focus is elsewhere (0.696625ms)
✔ cmux context never resolves the focused window's project for a Dock owned by another window (0.376167ms)
✔ cmux context reuses a cached owner window without repeating Dock discovery (0.298958ms)
✔ cmux context still resolves a project when Dock owner discovery fails outright (0.28775ms)
✔ a checked-out candidate outranks an existing but unversioned directory (0.165084ms)
✔ no checked-out candidate keeps the first existing directory rather than an unusable path (0.103208ms)
✔ repository detection accepts a linked worktree whose .git is a file (1.996708ms)
✔ cmux Dock control state paths cannot escape the SideRail cache directory (1.932958ms)
✔ cmux Dock control lookup ignores another control's record for the same surface (2.502458ms)
✔ cmux Dock control lookup prefers the current workspace and then the newest record (2.399708ms)
✔ a main surface launched from home does not outrank the workspace's checked-out project (0.193875ms)
✔ a legacy record is migrated forward and its duplicates for the same surface are removed (3.985833ms)
✔ a version 3 record is preferred without ever scanning legacy records (1.680542ms)
✔ a failed migration still returns the legacy record rather than losing the control (1.234ms)
✔ legacy selection prefers the current workspace and then the newest record (9.750708ms)
✔ a dead process never causes a record to be pruned, so relaunch can still find its Dock (1.603959ms)
✔ a registration landing mid-migration is never clobbered by the legacy record (2.476375ms)
✔ concurrent migrations of one legacy record agree on a single canonical winner (6.083042ms)
✔ manual launch creates one unfocused Dock terminal and reveals Dock without stealing focus (3.288125ms)
✔ manual launch adopts an existing SideRail Dock surface instead of duplicating it (0.994917ms)
✔ manual launch recognizes its configured Dock caller identity even with cmux's startup wrapper (0.411917ms)
✔ manual launch can coexist with an unrelated configured Dock control (0.31825ms)
✔ manual launch adopts a registered configured SideRail control (0.400334ms)
✔ manual launch finds an active configured control after the main workspace changes (0.299375ms)
✔ manual launch reuses a registered post-q login shell (0.394084ms)
✔ manual launch waits for a starting configured control to register (0.346042ms)
✔ manual launch adopts a Dock surface with an exposed SideRail control id (0.298375ms)
✔ manual launch fails closed without a selected main workspace or Dock response (0.531417ms)
✔ Dock relaunch command restates variables and quotes shell metacharacters (0.089708ms)
✔ relaunching an existing Dock surface restores the owner window and project directory (1.016208ms)
✔ a relaunched Dock surface receives exactly the environment a created one does (0.514875ms)
✔ a Dock launch without a resolvable owner window omits the window variable rather than guessing (0.26325ms)
✔ a relaunch decision awaits an asynchronous liveness verdict (0.277416ms)
✔ an active registration is still adopted rather than relaunched (0.239708ms)
✔ clean rows open an exact read-only materialization in cmux's native file viewer (8.188208ms)
✔ changed rows open their exact selected revision in cmux's native file viewer (2.542292ms)
✔ missing main surface falls back within the explicit workspace without inheriting the Dock surface (2.700042ms)
✔ Dock surface is never closed from stale cmux native-preview state (2.076792ms)
✔ foreign type is never closed from stale cmux native-preview state (2.0015ms)
✔ foreign id is never closed from stale cmux native-preview state (2.272375ms)
✔ a missing stale surface releases its retained native-file materialization (2.79125ms)
✔ each open adds a new native tab and stable ownership survives Dock surface rotation (3.10375ms)
✔ stable control ownership migrates legacy surface-keyed preview state (2.650167ms)
✔ replacement-era ownership migrates without closing its native tabs (2.267666ms)
✔ unreadable legacy ownership is reported without blocking a new preview (1.903042ms)
▶ native identity names the actual bytes for clean and deletion fallbacks
  ✔ clean Files row (1.764459ms)
  ✔ staged deletion (1.6955ms)
  ✔ commit deletion (2.467791ms)
  ✔ unstaged worktree (1.969083ms)
  ✔ untracked worktree (1.692667ms)
  ✔ against-base revision (1.661583ms)
  ✔ against-base worktree fallback (1.538917ms)
  ✔ selected commit revision (1.587458ms)
  ✔ filesystem worktree (1.585708ms)
✔ native identity names the actual bytes for clean and deletion fallbacks (16.724166ms)
✔ transient discovery failures retain open tabs and later prune only closed tabs (4.974458ms)
✔ malformed ownership is ignored while an unreadable ownership path fails before cmux mutation (2.21175ms)
✔ ownership write failure closes the new native surface and removes its materialization (1.585208ms)
✔ ownership failure reports failed compensation without hiding either error (1.487625ms)
✔ malformed native open responses fail and remove prepared files (1.423291ms)
✔ partial native open reports failed close compensation (1.587875ms)
✔ a failed native file-open command removes the prepared materialization (1.31525ms)
✔ direct file-open payloads and fallback filenames remain supported (2.245375ms)
✔ stale preview inspection failures are warnings and retain the old materialization (2.024792ms)
✔ a cleanup-state rewrite failure remains a warning after verified cleanup (1.51675ms)
✔ stale state can never remove a materialization outside SideRail's cache (2.372042ms)
✔ cmux preview requires a resolved main workspace (0.479167ms)
✔ surface ownership requires exact id, native panel type, and main-area scope (0.223959ms)
✔ a native open that returns no surface identity removes its materialization and fails (1.608209ms)
✔ an unreadable materialization target is cleaned up rather than left half written (1.03025ms)
✔ preview ownership survives a cache directory that does not exist yet (1.737792ms)
✔ a preview state path is confined to the SideRail cache for hostile identities (0.530333ms)
✔ cmux Dock restart command preserves absolute paths with shell metacharacters (0.512083ms)
✔ cmux Dock restart command restates the host environment a resume binding cannot store (0.093209ms)
✔ cmux Dock resume registration is scoped to its window and surface (0.629416ms)
✔ cmux Dock resume registration ignores foreign and incomplete controls (0.079375ms)
✔ cmux Dock resume registration survives a restore that dropped the owner window id (0.146541ms)
✔ cmux Dock resume registration reports a retained manual approval (0.076417ms)
✔ live pane owns the single product title (3.261208ms)
✔ Herdr opens SideRail for restored and newly created tabs (0.52275ms)
✔ Herdr exposes a current-tab SideRail toggle action (0.330458ms)
✔ file previews open in a dedicated Herdr tab (0.601792ms)
✔ cmux previews use native file tabs without changing the Herdr preview (0.766333ms)
✔ preview scrolling repaints in place without clearing the screen (0.523167ms)
✔ manual refresh confirmation is transient (0.392ms)
✔ configuration validates version, launch mode, and refresh bounds (0.900958ms)
✔ the shipped example is governed by runtime validation alone (0.44325ms)
✔ configuration requires a version and rejects nested unknown keys (0.270541ms)
✔ viewer actions resolve conditionally by selected filename (0.548208ms)
✔ viewer executable preflight detects commands without invoking them (4.860125ms)
✔ installed Markdown rules bypass the generic preview only when system open is directly usable (1.172459ms)
✔ configuration rejects mistyped structured values (0.099875ms)
✔ user configuration merges by key and environment wins (2.481167ms)
✔ an explicit Glow TUI rule is preserved (1.829459ms)
✔ environment overrides do not mutate built-in defaults (1.252875ms)
✔ editor integration is optional and EDITOR remains a fallback (0.98775ms)
✔ invalid environment overrides report errors without replacing valid defaults (1.125041ms)
✔ out-of-range polling overrides preserve a user interval (1.801916ms)
✔ structured file diff removes Git plumbing and tracks both line numbers (1.418125ms)
✔ structured file diff preserves meaningful file metadata (0.100792ms)
✔ structured file diff parses combined conflict hunks (0.227708ms)
✔ diff rows neutralize repository-controlled terminal sequences (0.255333ms)
✔ structured diff parsing strips Git color without losing hunk semantics (0.0805ms)
✔ clean Markdown opens its worktree path directly with the system application (3.876958ms)
✔ historical Markdown opens an exact read-only copy and schedules its cleanup (116.731417ms)
✔ a failed system open removes its temporary copy (2.162666ms)
✔ security policy directs reports to the repository's private reporting channel (3.098709ms)
✔ documentation states the eventual refresh and user-only configuration contracts (1.15875ms)
✔ public installation and release evidence instructions enforce the candidate gates (0.937917ms)
✔ the default local check enforces coverage (0.386542ms)
✔ cmux documentation and project Dock config describe the supported right-sidebar host (1.551333ms)
✔ live release cleanup is isolated from the operator's Herdr installation (0.308583ms)
✔ sealed release logs are not hidden by the general log ignore (0.287916ms)
✔ sealed evidence is excluded from later archives and preserves terminal bytes (0.285333ms)
✔ the Docker Linux worker pins a checksummed Herdr and is part of the release runbook (0.70525ms)
✔ search folder state uses one bounded scope and row signatures reflect content (1.2835ms)
✔ folder collapse keys cover every tree ancestor and grouped folder (0.558792ms)
✔ folder expansion survives an ancestor collapse while newly discovered descendants start collapsed (0.0935ms)
✔ tree rows retain enough ancestry to distinguish siblings from nested children (7.010916ms)
✔ 20k-path files model materializes only the viewport at supported widths (188.641333ms)
✔ metadata filtering is dependency-specific and conservative when unhealthy (0.787167ms)
✔ ignored noise uses one NUL-safe batch and caches exact paths (3.736291ms)
✔ tracked paths, tracked directory renames, and submodule children bypass ignores (0.402542ms)
✔ own and sibling indexes are distinct for primary and linked worktrees (0.241542ms)
✔ ignore/index/config changes invalidate classification without discarding tracked ignores (0.771917ms)
✔ unknown names, external paths, directory mode, and provider errors recover conservatively (0.551167ms)
✔ classification failure and a generation change during classification never drop work (0.501167ms)
✔ close cancels pending work and drops in-flight classifier completions (0.598375ms)
✔ bounded ignore LRU promotes true and false hits and conservatively reclassifies evicted paths (0.5155ms)
✔ ignore cache rejects invalid capacities and bounds a batch larger than its capacity (0.928875ms)
✔ ls-files stage parser retains hidden worktree-presence flags (1.752667ms)
✔ commit machine formats preserve control characters and unambiguous paths (0.322209ms)
✔ porcelain v2 parser preserves spaces, tabs, unicode, renames, and conflicts (0.151416ms)
✔ combined raw and numstat output preserves metadata, stats, and unusual paths (0.245458ms)
✔ a silent handshake expires and close settles without an abandoned connection (51.562667ms)
✔ initial connection sends exactly one repository subscription (1.927292ms)
✔ blocked client controls wait for drain and then flush in order (7.678834ms)
✔ blocked client controls enforce the count bound and release pending requests (13.4495ms)
✔ blocked client controls enforce the bytes bound and release pending requests (13.205167ms)
✔ disconnect retains stale state and retries beyond a failed connection window (102.183917ms)
✔ a coordinator that never drains is disconnected at the blocked-write deadline (22.420584ms)
✔ unanswered requests time out and do not make unsubscribe or client close hang (42.685292ms)
✔ closing before connect finishes destroys the arriving socket and suppresses state (0.401042ms)
✔ an initial retry keeps a standalone process alive until ready settles (89.051916ms)
✔ an independent Node client connects successfully after its initial refusal (77.582708ms)
✔ coordinator transport drains controls in order and enforces blocked-write bounds (9.017708ms)
✔ eight socket clients share one engine build and one edit build (32.671958ms)
✔ a disconnected client resubscribes and maps a restarted engine to a fresh local generation (14.248542ms)
✔ host refresh suppresses unchanged context and reconnect follows a moved rail terminal (47.173ms)
✔ a non-repository engine migrates to the Git identity when a late client joins (307.719167ms)
✔ relocated Git metadata gets a distinct engine instead of relabeling an active context (663.772708ms)
✔ an unencodable snapshot is typed and remains non-shareable for that engine key (2.579292ms)
✔ atomic launch claims allow one child and reclaim a dead owner (37.932916ms)
✔ the thin launcher starts one real daemon and records its complete lifecycle (2969.819917ms)
✔ a client that disconnects while its repository identity resolves leaves the coordinator idle (12.253208ms)
✔ a repository subscription closed while it starts is never registered (23.773208ms)
✔ effective Git environment is deterministic, conservative, and excludes resolved SideRail inputs (1.334292ms)
✔ Git executable identity resolves PATH to canonical file identity (4.6135ms)
✔ code fingerprint covers canonical checkout path, runtime paths, and bytes (11.477208ms)
✔ coordinator namespace separates user, host session, code, and Git-impact environment (1.546833ms)
✔ effective runtime semantics include immutable environment overrides only (0.213209ms)
✔ private runtime paths are mode 0700, short, stable, and do not claim the lease (2.604583ms)
✔ unsafe configured runtime directories and symlinks are never used (1.484792ms)
✔ repository identity shares subdirectories and resolves a relative alternate index from worktree root (153.593166ms)
✔ linked worktrees have distinct per-worktree Git dirs and one common Git dir (154.627167ms)
✔ ordinary non-repositories use canonical filesystem identity (29.763375ms)
✔ missing executables and ambiguous environment values fail explicitly (0.324ms)
✔ malformed namespace inputs cannot collapse incompatible coordinators (0.384291ms)
✔ runtime paths reject wrong ownership, inaccessible filesystems, and excessive socket lengths (0.219542ms)
✔ executable and code identity failures are typed instead of borrowing another context (0.437792ms)
✔ ambiguous repository responses fail before a potentially incorrect shared snapshot (0.340542ms)
✔ only Git's own exit marks a directory as outside Git (2.461917ms)
✔ snapshot codec preserves only the schema-declared Map and own-property presence (1.79225ms)
✔ snapshot codec preserves an empty commit path Map (0.109333ms)
✔ snapshot codec rejects arbitrary Maps, cycles, tags, and forged undefined paths (0.385459ms)
✔ four-byte framing handles split headers, split payloads, and multiple frames (0.318166ms)
✔ frame decoder rejects oversize, malformed, and truncated frames and can reset (0.157667ms)
✔ frame encoder enforces the caller-selected bound (0.090167ms)
✔ client validator accepts typed repository and host requests (0.262167ms)
✔ validators reject unknown fields and command or environment injection (0.120875ms)
✔ server validator accepts encoded repository and exact host deliveries (0.240917ms)
✔ typed wire messages reject malformed scalar fields and contradictory responses (0.682292ms)
✔ snapshot schema rejects forged Maps and restores nested undefined without prototype mutation (0.676834ms)
✔ framing rejects invalid limits, unserializable messages, and zero-length frames (0.2995ms)
✔ runtime namespace follows immutable env overrides while config-file edits stay in one namespace (35.804416ms)
✔ process start identity uses an absolute system command independent of PATH (0.776708ms)
✔ runtime rejects mismatched identity and lost launch leases before binding (1.606333ms)
✔ runtime owns signal, coordinator, socket, owner, and lease cleanup (6.759834ms)
✔ process identity rejects unsupported and empty results (0.158916ms)
✔ idle shutdown rechecks new clients, and listen failures release owned resources (8.461834ms)
✔ shutdown errors reject completion and a changed lease is never removed (23.95375ms)
✔ cwd-dependent executable and config environments explicitly remain in process (0.288917ms)
✔ an asynchronous watcher error closes only that watcher and reaches recovery (0.606333ms)
✔ the release witness can isolate the recovery poll from filesystem watchers (0.10775ms)
✔ git watcher resolves and deduplicates per-worktree and common git directories (2.305584ms)
✔ git watcher never runs Git for an empty repository root (0.121458ms)
✔ session snapshot uses one documented socket request (1.091625ms)
✔ one source shares its initial snapshot and publishes semantic changes only (0.677625ms)
✔ concurrent refresh requests queue one follow-up without overlapping snapshots (2.470584ms)
✔ fallback cadence is one snapshot per completed interval and stops without subscribers (0.536667ms)
✔ snapshot failure is explicit, retains no false context, and schedules retry (0.235167ms)
✔ a listener failure is isolated from other subscribers and future polling (0.168708ms)
✔ default host source uses the socket and its timer without launching a CLI (54.4005ms)
✔ host response validation fails explicitly and inactive queued refreshes settle (0.523375ms)
✔ content selection follows each tab's focused pane and ignores SideRail panes (1.014959ms)
✔ live cwd resolution is scoped to the rail's own tab (0.6925ms)
✔ a focused SideRail Demo never becomes the main rail's content source (0.067083ms)
✔ a stored SideRail Demo source is discarded in favor of real tab content (0.117209ms)
✔ a moved rail resolves cwd from its current workspace instead of its launch workspace (0.159667ms)
✔ snapshot context follows a moved rail by terminal identity and reports visibility (0.162125ms)
✔ snapshot context distinguishes hidden and no-content rails (0.101416ms)
✔ configured sidebar width shrinks a new right split to exact columns (0.690666ms)
✔ configured width never takes more than half a narrow split (0.082833ms)
✔ configured width respects Herdr's minimum split ratio (0.053042ms)
✔ sidebar resize uses Herdr layout and pane APIs without changing focus (0.620875ms)
✔ orphaned pane locks are recovered instead of suppressing auto-open (7.685417ms)
✔ a live lock cannot be age-evicted or released by an earlier owner (104.807958ms)
✔ an orphaned reclaimer cannot permanently wedge a pane lock (4.186792ms)
✔ current and older-spelling rails are adopted, deduplicated, and never reopened from themselves (5.71525ms)
✔ toggle closes only the verified SideRail rail and clears its tab state (2.3345ms)
✔ toggle opens a rail when the current tab has none (3.14075ms)
✔ automatic ensure uses a safe outer-right split without layout staging (2.036333ms)
✔ legacy rails are replaced at the right edge using the tab-focused source cwd (2.23275ms)
✔ legacy migration open failure retains the verified legacy rail (1.954167ms)
✔ automatic ensure adopts a middle rail without rearranging user panes (2.395666ms)
✔ rightmost placement is independent of pane listing order (0.120958ms)
SideRail open skipped tab w1:t1 because an outer-right split is not safe
✔ automatic ensure skips an unsafe vertical layout without staging or opening (2.203625ms)
SideRail open skipped tab w1:t1 because an outer-right split is not safe
✔ manual open also skips an unsafe vertical layout without rearranging user panes (1.85175ms)
SideRail open skipped tab w1:t1 because an outer-right split is not safe
✔ manual open retains an existing verified rail when replacement is unsafe (2.29825ms)
✔ manual replace retargets an existing rail while ensure adopts it (2.279ms)
✔ replacement open failure retains the existing verified rail (1.859584ms)
✔ replace compensates the new pane when the owned rail cannot close (2.094416ms)
✔ zoomed tabs are unzoomed for replacement and restored afterward (2.775125ms)
✔ SideRail Demo panes use entrypoint-specific identity instead of accumulating (2.370625ms)
✔ a SideRail Demo pane cannot become the main rail's content source (1.616334ms)
✔ a user pane renamed like SideRail is never treated as plugin-owned (2.667958ms)
✔ ownership inspection failure aborts instead of opening a duplicate rail (1.444875ms)
✔ an invalid plugin-open pane id is never moved into the target tab (1.706583ms)
✔ closed-tab cleanup removes state and orphan locks only for that tab (2.411042ms)
✔ verified orphan plugin panes fall back to generic close only for plugin_pane_not_found (0.9395ms)
✔ other plugin close failures never broaden into generic pane closure (0.999584ms)
✔ requestHerdr sends NDJSON and returns the matching result (5.031083ms)
✔ subscribeHerdr preserves pushed event order after its acknowledgement (2.277834ms)
✔ event names normalize from emitted snake_case to subscription dot notation (0.09725ms)
✔ requestHerdr surfaces structured server errors (1.504083ms)
✔ a timed-out event wait does not consume the next event (11.847041ms)
▶ invalid and oversized response lines reject without crashing the process
  ✔ invalid JSON (1.473833ms)
  ✔ oversized complete line (0.981375ms)
✔ invalid and oversized response lines reject without crashing the process (2.763792ms)
✔ a cmux Dock never inherits Herdr workspace, pane, or tab identity (1.318167ms)
✔ a cmux Dock without a project cwd falls back to its own directory, never a Herdr one (0.08725ms)
✔ a Herdr pane never inherits cmux Dock identity (0.100041ms)
✔ Herdr identity prefers explicit overrides, then plugin context, then ambient variables (0.0735ms)
✔ an explicit repo root still overrides a cmux Dock project directory (0.045125ms)
✔ a malformed or non-object Herdr plugin context degrades to no context (0.076208ms)
✔ blank and whitespace-only host variables are treated as absent (0.054708ms)
✔ an unknown host is treated as Herdr rather than granting Dock identity (0.047875ms)
✔ package info comes from the install's own package.json (0.723333ms)
✔ Herdr setup links once, is idempotent, and moves a stale local link (0.687417ms)
✔ Herdr setup refuses to replace a GitHub-managed install and rejects malformed listings (0.37225ms)
✔ Herdr plugin lookup normalizes unexpected field types (0.09275ms)
✔ Herdr ownership check only accepts a local link at this install (0.166458ms)
✔ the Dock control quotes install paths for cmux's login shell (0.220333ms)
✔ the global Dock config lives under HOME (0.79475ms)
✔ cmux setup creates, preserves, updates, and removes only its own control (3.483292ms)
✔ cmux setup never overwrites an unrelated control or malformed config (2.7395ms)
✔ cmux config read errors other than a missing file surface (1.199ms)
✔ only the exact generated command is recognized as a SideRail control (2.187875ms)
✔ an install path containing a quote round-trips through setup and uninstall (2.312916ms)
✔ a swapped install is reported only after its tree settles across two ticks (5.076708ms)
✔ the cmux launch waits for its own bootstrap, not only the rail it imports (3.437708ms)
✔ an empty source tree or a directory in place of an entrypoint is not ready (3.655125ms)
✔ files changing inside a stable checkout never trigger a restart (1.745625ms)
✔ a rail whose launcher died is reported orphaned instead of lingering (1.696125ms)
✔ an explicit launch identity is the baseline, so an early swap is still detected (1.889167ms)
✔ launch entrypoints include the launched script inside the install and always the rail (0.594542ms)
✔ the launch context is captured from this package when the module loads (0.127ms)
✔ the default timer is real and unreferenced (1.76125ms)
✔ worktree presence validation checks only candidates and stops at its budget (1.649541ms)
✔ fixture state is derived by the production provider (432.13975ms)
✔ linked worktrees report the common repository name separately from the branch (333.5095ms)
✔ provider resolves branch Git config after explicit bases and validates it as a commit (1936.54175ms)
✔ live branch switches reload configured bases and keep stale local main clean (1580.620125ms)
✔ Files projection follows real committed, staged, unstaged, untracked, and recreated paths (661.3975ms)
✔ inspection leaves HEAD, refs, index, status, and worktree bytes unchanged (507.062458ms)
✔ refresh and commit details use one exact-copy diff scan per comparison (391.95225ms)
✔ non-repository directories provide a bounded filesystem Files state (76.629625ms)
✔ configured bases must resolve to commits and never silently fall back (335.776958ms)
✔ a configured base with unrelated history never masquerades as a merge base (270.176917ms)
✔ invalid UTF-8 in display-only commit metadata does not hide repository state (335.066083ms)
﹣ non-UTF-8 Git paths fail visibly instead of collapsing identities (0.084291ms) # SKIP
✔ Against Raw uses the same merge base as its diff after branches diverge (441.651083ms)
✔ staged copy identity and colon-prefixed index paths remain exact (298.588667ms)
✔ exact-revision materialization preserves bounded binary bytes for viewers (74.235792ms)
✔ staged, unstaged, against, commit, untracked, and clean descriptors are independent (488.207625ms)
✔ raw preview identifies revisions and rejects escaping symlinks (168.915417ms)
✔ missing worktree content never falls back unless the selected state is deleted (94.994625ms)
✔ provider handles unborn and detached repositories plus unusual renamed paths (880.83975ms)
✔ rename pathspecs preserve identity in every diff scope (0.203167ms)
✔ rename and copy previews retain Git identity across against, workspace, commit, and staged views (501.600416ms)
✔ commit history and file details use one explicit first-parent comparison (576.470625ms)
✔ untracked text line counts match Git numstat semantics (318.774666ms)
✔ untracked statistics stop at an aggregate inspection budget (339.625625ms)
✔ clean tracked files retain symlink and executable metadata (294.315667ms)
✔ unstaged type changes use worktree mode rather than index mode (286.446167ms)
✔ against-base model retains deletion, rename, copy, executable, and symlink metadata (387.194292ms)
✔ unmerged porcelain state remains an explicit conflict in both scopes (454.440958ms)
✔ raw content limits fail safely before reading unbounded data (165.867791ms)
✔ historical and index blobs receive bounded binary and UTF-8 validation without fallback (523.827458ms)
✔ non-regular worktree entries are rejected without opening a blocking stream (33.969708ms)
✔ commit history is bounded while retaining an exact total (5937.286167ms)
✔ submodule gitlinks remain first-class canonical metadata (1059.222542ms)
✔ selection follows the same path when a refresh changes its descriptor (0.904125ms)
✔ Files view combines base-branch diffs with grey unchanged files (7.453834ms)
✔ Files view omits deleted paths but keeps files recreated at the same path (0.144ms)
✔ Files view omits deleted paths when no base comparison is available (0.071541ms)
✔ Files view omits an indexed addition deleted before its first commit (0.060708ms)
✔ canonical clean files preserve tracked mode metadata (0.114209ms)
✔ manifest routes every runtime entrypoint through an absolute shell and launcher (3.090625ms)
✔ launcher accepts an absolute Node executable whose path contains spaces (82.273417ms)
✔ cmux bootstrap preserves an explicit Node executable through a restricted Dock PATH (85.028917ms)
✔ direct cmux bootstrap enters a login shell after SideRail exits (256.316958ms)
✔ launcher rejects missing and unsupported Node before running the target (167.164042ms)
✔ in-process Node version guard rejects unsupported majors (0.198292ms)
✔ launcher reruns a rail from its launch directory after an install-swap restart (122.774791ms)
✔ a restart that fails while the new install settles is retried until it starts (2211.039292ms)
✔ a restart that keeps failing stops after five restarted launches with its own status (4305.059209ms)
✔ a first-run failure and a signal after a restart are never retried (204.832583ms)
✔ launcher does not rerun non-rail entrypoints that exit with the restart status (82.9355ms)
✔ preview state is scoped by workspace, source tab, and entrypoint (3.0405ms)
✔ opening a preview records it, renames its tab, and closes only a verified stale preview (4.373792ms)
✔ reused user pane id is never closed from stale preview state (2.394583ms)
✔ wrong workspace is never closed from stale preview state (2.129ms)
✔ unrelated process is never closed from stale preview state (2.06025ms)
✔ same-named script from another checkout is never closed from stale preview state (2.161084ms)
✔ inspection failure leaves the old pane open without hiding the successful new preview (1.873292ms)
✔ malformed open response does not overwrite existing preview ownership (2.011417ms)
✔ missing stale panes are discarded without a destructive close (2.137875ms)
✔ open failure preserves stale ownership and rename failure is only a warning (2.11125ms)
✔ post-open state failure closes the new pane and preserves old ownership (1.660291ms)
✔ post-open state failure never closes a foreign pane from a malformed open response (1.415833ms)
✔ an unwritable preview state root fails inside the guarded lifecycle before opening a pane (0.665417ms)
✔ preview search normalizes content once and narrows prior candidates (1.377667ms)
✔ cached search results retain display columns without another position pass (0.329417ms)
✔ preview search restores cached prefixes, handles Unicode, and resets by content (0.143541ms)
✔ preview search bounds query and retained candidate memory (1008.063875ms)
✔ Git status never refreshes the index even when caller options enable optional locks (80.688792ms)
✔ concurrent Git process contexts keep config and index environments isolated (55.418833ms)
✔ process stdout remains text by default and can preserve exact bytes (73.838916ms)
✔ strict process decoding rejects invalid UTF-8 instead of merging byte identities (36.369542ms)
✔ process input can be supplied as exact bytes (39.047583ms)
✔ timeouts settle without waiting for descendants that inherited output pipes (51.774875ms)
✔ timeouts terminate descendants in the command process group (553.785209ms)
✔ abort signals terminate and await the command process group (553.989959ms)
✔ hidden rails retain new snapshots without redraw; showing uses cached state without Git (1.45275ms)
✔ context switches drop late results and no-content state releases the subscription (0.696083ms)
✔ visible age timer is local only and hidden/closed rails cancel it (0.173833ms)
✔ startup failure is visible and closing a pending subscription discards completion (0.198833ms)
✔ commit ages advance from absolute author times without another provider read (0.240125ms)
✔ optional UI hooks can be omitted without breaking the subscription lifecycle (0.239833ms)
✔ sibling worktrees share the workspace's repository, main checkout first (3.308584ms)
✔ a worktree resolves by label, workspace id, or checkout path (1.834208ms)
✔ a pinned target replaces the followed cwd until its checkout disappears (0.162708ms)
✔ target files round-trip per tab and are removed with their tab or workspace (5.58575ms)
✔ a rail sees its target file written and removed (64.346084ms)
✔ a pane's checkout is its root and branch, or says why it is unknown (1.423542ms)
✔ checkouts compare by real path, not spelling (1.377833ms)
✔ dirty bursts coalesce and retain the two-second start cadence (1.935417ms)
✔ a dirty event during a read queues exactly one throttled follow-up (0.326708ms)
✔ a manual request during a read receives one immediate follow-up (0.204667ms)
✔ a due reconciliation covers an already pending dirty event without another read (0.857708ms)
✔ healthy reconciliation and degraded fallback honor maximum jitter bounds (0.356333ms)
✔ runtime interval updates reschedule only when a value changes (0.19125ms)
✔ provider failure retains bounded retry and close aborts owned work (0.502875ms)
✔ a 200,000-event dirty burst retains one deferred, deadline, timer and status update (22.100083ms)
✔ a large mid-read burst captures a newer generation and settles against the follow-up, never the active dirty read (16.422ms)
✔ coalesced dirty callers share rejection on provider failure and pending close (0.193166ms)
✔ archive member verification rejects local-only and removed artifacts (1.433875ms)
✔ release evidence binds nine hashed local logs to one candidate (17.765834ms)
✔ release evidence rejects failed, stale, mismatched, and malformed local records (12.248583ms)
✔ repository client stamps immutable tokens and drops closed-context deliveries (1.126ms)
✔ in-process subscription preserves one engine owner and closes it only when requested (1.834583ms)
✔ client close invalidates a subscription whose ready result arrives later (0.764125ms)
✔ real ignored noise and a sibling index do not rebuild the primary worktree (3185.135166ms)
✔ real worktree, index, ref, and configuration mutations match the full provider oracle (17774.754792ms)
✔ real merge, rebase, cherry-pick, revert, bisect, and sibling-ref transitions stay on the oracle (10412.153083ms)
✔ quiet reads preserve index bytes and reconciliation repairs failed or replaced watch roots (547.708958ms)
✔ an unborn repository becomes a committed repository through native invalidation (1380.08825ms)
✔ a missing-object provider error retains state and bounded fallback recovers it (2129.172834ms)
✔ reconciliation repairs a silently lost event and a replaced real watch root (3032.696584ms)
✔ an eligible native event meets the production 125 ms / 2 second latency contract (2862.530125ms)
✔ repository engine owns startup, subscriptions, manual refresh, and watcher snapshots (2.759541ms)
✔ watcher-reported degraded health is preserved and reconciliation checks roots first (0.6645ms)
✔ refresh failure retains the last snapshot and later success clears the error (0.659125ms)
✔ provider config changes update the engine reconciliation interval (0.332292ms)
✔ watch invalidation refreshes once and a watcher update failure degrades the delivery (0.282542ms)
✔ watch factory failure degrades state and an initial provider failure rejects ready (0.31525ms)
✔ late subscribers replay current state and close disposes a watcher still starting (0.396666ms)
✔ opt-in engine evidence counts provider builds without logging context paths (6.336625ms)
✔ real provider engines keep simultaneous alternate-index environments isolated (292.396708ms)
✔ watcher bursts attach one rejection handler per dirty batch, including an active-read follow-up (128.120917ms)
✔ release screenshots have the declared dimensions and resolvable source commits (1.612541ms)
✔ state mode is explicit and rejects unknown rollback values (0.73675ms)
✔ only typed identity and snapshot-size failures select explicit fallback (0.068709ms)
✔ namespace semantics follow immutable environment overrides, not mutable config contents (0.532458ms)
✔ delivery localization preserves provider errors and never mutates a shared snapshot (0.541292ms)
✔ bootstrap stays dormant and exposes repository and host subscription seams (1.180667ms)
✔ local config is reloaded for every shared delivery (0.452584ms)
✔ different immutable semantics cannot borrow the first runtime (0.31625ms)
✔ typed identity failure switches one subscription to explicit in-process fallback (0.482833ms)
✔ post-initial oversize signal switches automatically and ignores the old epoch (3.4ms)
✔ normal shared connection errors remain visible and do not silently fall back (0.380292ms)
✔ close does not wait on a blocked ready or unbounded remote close (11.558875ms)
✔ switching context closes the old subscription before opening the next (0.552334ms)
✔ explicit in-process mode is selected before shared runtime construction (0.096667ms)
✔ real facade and daemon derive one namespace and deliver repository state (1582.5755ms)
✔ real in-process fallback remains refreshable and closes its engine (117.559666ms)
✔ manual refresh switches on a typed size failure but preserves ordinary errors (0.613833ms)
✔ facade rejects malformed identities and invalid subscription contracts (0.327792ms)
✔ a wide-ambiguous terminal keeps every row inside the rail width (1084.232458ms)
✔ demo snapshot is coherent at 25 columns (556.861541ms)
✔ demo snapshot is coherent at 36 columns (519.22025ms)
✔ demo snapshot is coherent at 52 columns (472.180542ms)
✔ demo snapshot is coherent at 100 columns (502.777833ms)
✔ demo snapshot ignores ambient user configuration and SideRail overrides (503.019375ms)
✔ Files view starts with folders collapsed at 25 columns (501.78775ms)
✔ Files view starts with folders collapsed at 100 columns (500.882416ms)
✔ production Files repaint materializes only the 20k-path viewport (1670.211958ms)
✔ Files search expands matching paths from collapsed folders for keyboard access (540.095542ms)
✔ a selected folder row is legible instead of muted against the selection (432.537208ms)
✔ keyboard navigation expands an initially collapsed Files folder (473.895042ms)
✔ Changes search includes commit history summaries (506.650084ms)
✔ commit-history search filters expanded commit children (492.483417ms)
✔ loaded commit search rows replace preview glyphs with real status and stats (494.79725ms)
✔ Changes and Files default to Tree at narrow and wide widths (2003.645458ms)
✔ Tree and Folders layouts render identical file status and stats (1029.0895ms)
✔ rendered status matrix includes Git glyphs, numeric stats, and binary labels (739.427333ms)
✔ conflicted files render their dedicated on-screen glyph (1139.708833ms)
✔ large repositories fully render Changes and Files without continuation controls (2015.220709ms)
✔ Files render includes current untracked paths and excludes every deleted path (1127.979375ms)
✔ sidebar rows stay within terminal width for wide filenames (896.270458ms)
✔ clean Changes view states that the worktree is clean (664.763542ms)
✔ non-repository Files stays browsable with one neutral file icon (328.218958ms)
✔ keyboard can expand a commit-summary search result (495.078583ms)
✔ help overlay explains keys and icons, scrolls, and returns to a highlighted selection (798.523458ms)
✔ Escape clears a keyboard selection before a second press closes the rail (1008.643709ms)
✔ fatal rail errors restore terminal modes before exiting nonzero (472.008375ms)
✔ selection survives edit, stage, and commit refreshes while Files drops a later deletion (6322.395583ms)
✔ the live rail clears main history when branches change (4556.682167ms)
✔ terminal editor return and manual reload both re-read preview content (278.127958ms)
✔ preview processes coalesced search input, advances matches, and exposes horizontal navigation (217.160416ms)
✔ embedded Markdown rendering stays inside the pageable preview viewport (390.725959ms)
✔ a hostile repository config cannot auto-launch a preview executable (86.042167ms)
✔ embedded Glow renders the selected Markdown bytes through stdin (742.433916ms)
✔ a configured Markdown action auto-opens embedded Glow and action 3 renders it again (1663.605958ms)
✔ preview reports repaint latency for a large allowed line count (6444.692333ms)
ℹ 75,000-line preview repaint: 661ms
✔ preview avoids wrapped-row amplification for a pathological single line (512.215292ms)
✔ preview rejects pathological line counts before rendered-memory amplification (476.211042ms)
✔ one shared worker retains then removes many owner-only preview directories (1065.339834ms)
✔ shared cleanup refuses arbitrary temporary directories (2.717583ms)
✔ cleanup-worker spawn errors are contained and reported (2.88775ms)
✔ the shared worker directly expires markers and releases its ownership lock (27.443916ms)
✔ Files notices disclose independent scan and presence truncation (4.487917ms)
✔ cmux file clicks open one native preview while Herdr keeps double-click open (0.210958ms)
✔ selection reconciliation preserves errors and active transient status (0.10625ms)
✔ terminal text blocks OSC52 and every terminal control family (0.284417ms)
✔ clean Files metadata opens Raw even with a workspace descriptor (0.068042ms)
✔ successful asynchronous actions restore the pre-busy status (0.054583ms)
✔ commit preview context distinguishes first-parent and root comparisons (0.051917ms)
✔ preview tab names use a safe capped basename (0.66925ms)
✔ ambiguous-width characters follow the configured terminal setting (0.140833ms)
✔ terminal layout helpers measure, truncate, pad, and compact by display columns (0.399792ms)
✔ preview wrapping preserves gutters, ANSI styles, Unicode width, and source rows (0.562166ms)
✔ embedded renderer output keeps only SGR styling (0.124542ms)
✔ terminal input decoder preserves ordered coalesced keyboard, CSI, and mouse events (10.857958ms)
✔ pointer clicks recognize a cmux-paced double click and reset after opening (0.163834ms)
✔ an intervening non-file click cancels a pending file double click (0.092917ms)
✔ an intervening blank click cancels a pending file double click (0.076416ms)
✔ wheel and keyboard input cancel a pending file double click without treating mouse release as input (0.075125ms)
✔ summary-only commit matches can expand to meaningful file content (0.094459ms)
✔ poll timers reject corrupted intervals independently of configuration (0.07475ms)
✔ filesystem invalidations coalesce and enforce a minimum refresh cadence (0.1265ms)
✔ a successful refresh clears only refresh failures (0.039833ms)
✔ SGR mouse reports can be removed without leaking bytes into search text (0.087292ms)
✔ startup provider failures become an actionable render state (0.090709ms)
✔ sidebar snapshots cannot emit OSC52 from repository and filename data (393.589042ms)
✔ preview requests serialize and skip superseded queued selections (0.356834ms)
✔ keyboard selection reveal uses rendered row position (0.081666ms)
✔ the fallback palette is indexed so it inherits the terminal theme (0.624834ms)
✔ color values accept every documented Herdr spelling (0.31075ms)
✔ token reading keeps hash colors and ignores unrelated sections (0.682542ms)
✔ scalar reading handles bare, escaped, and unterminated values (0.074833ms)
✔ [ui] accent applies only when [theme.custom] omits one (0.061792ms)
✔ only the four documented tokens override the fallback palette (0.119208ms)
✔ the config path honours HERDR_CONFIG_PATH ahead of XDG and HOME (0.100125ms)
✔ a missing, unreadable, or cmux-hosted config leaves the fallback palette (5.287416ms)
✔ compact commit ages preserve value and unit (0.715584ms)
✔ root files sort after every folder group (7.983708ms)
✔ uninstall closes only live pane instances owned by this checkout before unlinking (1.286625ms)
✔ uninstall fails closed on a reused or spoofed SideRail pane (0.466417ms)
✔ the rail shows a chosen Herdr worktree and follows its pane again when released (shared) (1010.870291ms)
✔ the rail shows a chosen Herdr worktree and follows its pane again when released (in-process) (892.702959ms)
ℹ tests 563
ℹ suites 0
ℹ pass 562
ℹ fail 0
ℹ cancelled 0
ℹ skipped 1
ℹ todo 0
ℹ duration_ms 138990.791125
ℹ start of coverage report
ℹ --------------------------------------------------------------------------------------------------------------------------------------------------------------------------------------
ℹ file                          | line % | branch % | funcs % | uncovered lines
ℹ --------------------------------------------------------------------------------------------------------------------------------------------------------------------------------------
ℹ src                           |        |          |         | 
ℹ  cmux-context-watch.mjs       | 100.00 |    96.77 |  100.00 | 
ℹ  cmux-context.mjs             |  98.40 |    88.14 |   97.87 | 106-107 115-116 255-257 308-309
ℹ  cmux-preview-lifecycle.mjs   |  98.07 |    86.98 |  100.00 | 172-174 215-217 381-382
ℹ  cmux-resume.mjs              | 100.00 |    90.00 |  100.00 | 
ℹ  config.mjs                   |  97.24 |    92.86 |   96.67 | 65-66 69-70 144-145 159-160
ℹ  debug-log.mjs                |  86.67 |    83.33 |  100.00 | 13-14
ℹ  diff-view.mjs                |  86.67 |    82.35 |  100.00 | 45-48 67-72
ℹ  direct-file-open.mjs         | 100.00 |    73.33 |  100.00 | 
ℹ  files-view-model.mjs         |  98.36 |    91.76 |   95.65 | 145-147
ℹ  fixture.mjs                  | 100.00 |   100.00 |  100.00 | 
ℹ  git-invalidation.mjs         |  98.63 |    89.15 |   97.87 | 337-341
ℹ  git-parsers.mjs              | 100.00 |    95.06 |  100.00 | 
ℹ  git-provider.mjs             |  98.23 |    92.41 |  100.00 | 85-86 159-160 227-229 327-328 455-456
ℹ  git-state-client.mjs         |  92.30 |    80.89 |   93.51 | 57-60 96-97 107-108 154-157 184-186 246-250 263-269 342-343 405-409 428-431 468 531-536 620-623 666-669 693-694 702-703
ℹ  git-state-coordinator.mjs    |  93.31 |    78.81 |   90.38 | 156-157 215-217 281-283 289-292 315-317 329-330 339-340 342-345 369-370 372-375 409-411
ℹ  git-state-identity.mjs       |  99.61 |    93.24 |  100.00 | 146-147
ℹ  git-state-protocol.mjs       | 100.00 |    97.69 |  100.00 | 
ℹ  git-state-runtime.mjs        |  97.97 |    92.50 |   90.48 | 176-180
ℹ  git-watch.mjs                | 100.00 |    92.31 |  100.00 | 
ℹ  herdr-context-watch.mjs      | 100.00 |    93.51 |   96.00 | 
ℹ  herdr-context.mjs            |  89.26 |    69.81 |  100.00 | 35-45 119-120
ℹ  herdr-layout.mjs             | 100.00 |    71.43 |   83.33 | 
ℹ  herdr-pane-state.mjs         |  94.15 |    72.22 |   90.91 | 73-74 82-83 114 116 183-187
ℹ  herdr-plugin-pane.mjs        | 100.00 |   100.00 |  100.00 | 
ℹ  herdr-socket.mjs             |  94.15 |    85.11 |   92.31 | 37-41 115-116 150-152
ℹ  host-identity.mjs            | 100.00 |   100.00 |  100.00 | 
ℹ  host-setup.mjs               | 100.00 |    99.15 |  100.00 | 
ℹ  install-watch.mjs            | 100.00 |    92.50 |   90.91 | 
ℹ  model.mjs                    |  84.44 |    90.48 |   82.35 | 64-74 85-87
ℹ  node-version.mjs             | 100.00 |   100.00 |  100.00 | 
ℹ  preview-pane-lifecycle.mjs   |  89.82 |    76.56 |  100.00 | 86-97 123-127
ℹ  preview-provider.mjs         |  98.31 |    85.81 |  100.00 | 62 94 160 223
ℹ  preview-search.mjs           | 100.00 |    87.50 |  100.00 | 
ℹ  process.mjs                  |  93.85 |    89.71 |   85.00 | 81 91-94 119-120 156 184-185 187-188
ℹ  rail-state-client.mjs        | 100.00 |   100.00 |   88.89 | 
ℹ  rail-target.mjs              |  97.79 |    87.06 |   96.88 | 30-31 137-138
ℹ  refresh-scheduler.mjs        |  98.98 |    86.73 |   93.94 | 234-235 264
ℹ  repository-client.mjs        |  94.02 |    61.11 |   93.75 | 58-59 84-88
ℹ  repository-engine.mjs        | 100.00 |    84.25 |  100.00 | 
ℹ  shared-rail-runtime.mjs      |  97.96 |    86.55 |   86.36 | 202-204 227-229 258-259
ℹ  temporary-copy-retention.mjs |  94.81 |    75.44 |  100.00 | 65-66 68-69 72 151-153
ℹ  terminal-ui.mjs              |  98.54 |    90.84 |   94.34 | 194-196 247-249 362-363
ℹ  theme.mjs                    | 100.00 |    97.14 |  100.00 | 
ℹ  tui-format.mjs               | 100.00 |    77.78 |  100.00 | 
ℹ --------------------------------------------------------------------------------------------------------------------------------------------------------------------------------------
ℹ all files                     |  97.19 |    88.46 |   95.38 | 
ℹ --------------------------------------------------------------------------------------------------------------------------------------------------------------------------------------
ℹ end of coverage report
