
added 91 packages, and audited 92 packages in 808ms

29 packages are looking for funding
  run `npm fund` for details

found 0 vulnerabilities

> siderail@0.2.0 check
> npm run lint && npm run test:coverage


> siderail@0.2.0 lint
> node scripts/lint.mjs && eslint . && knip --include exports


> siderail@0.2.0 test:coverage
> node --test --test-concurrency=1 --experimental-test-coverage --test-coverage-include='src/**/*.mjs' --test-coverage-lines=95 --test-coverage-branches=86 --test-coverage-functions=95 test/*.test.mjs

✔ tab creation uses the event tab instead of the globally focused tab (0.9475ms)
✔ startup reconciliation chooses one non-SideRail pane per tab (0.29975ms)
✔ event reconciliation filters to the created tab (0.073042ms)
✔ legacy layout-staging tabs never trigger auto-open (0.052083ms)
✔ bounded sweep caps workers and preserves mixed partial results (0.7905ms)
✔ bounded sweep does not dequeue work after its global deadline (0.105583ms)
✔ bounded sweep cancels every target when the deadline has already expired (0.084834ms)
✔ bounded sweep reports both active and queued jobs as deadline-cancelled (0.152375ms)
✔ auto-open target gives its process group the remaining deadline and recovery grace (2.705667ms)
✔ the global auto-open deadline starts before Herdr discovery (4.473917ms)
✔ only user configuration can disable automatic Herdr opening (2.527459ms)
✔ non-Git legacy labels never authorize closing a user pane (198.596583ms)
✔ Herdr launch keeps plugin code rooted while passing the selected repository explicitly (287.173916ms)
✔ help and version need no host (8.299416ms)
✔ unknown commands and hosts fail with usage (2.428792ms)
✔ setup with no host registers every detected host (4.462833ms)
✔ setup skips missing hosts, and fails when none is found (4.76575ms)
✔ cmux is detected from PATH or the macOS application (4.2475ms)
✔ setup reports a moved Herdr link and an updated Dock control (1.631875ms)
✔ status reports each host, including stale and missing registrations (6.000417ms)
✔ uninstall removes only registrations that belong to this install (4.494041ms)
✔ explicit cmux uninstall removes a control from another install (1.764ms)
✔ Herdr failures other than a missing executable propagate (0.775292ms)
✔ the installed bin runs through a symlink and reports errors on stderr (105.781084ms)
✔ the bin exits cleanly when its reader closes the pipe early (207.311333ms)
✔ uninstall unlinks only the plugin id it verified, whatever HERDR_PLUGIN_ID says (2.513ms)
✔ default uninstall recognizes this install's control at a quoted path and leaves a quoted foreign one (3.240375ms)
✔ target pins the caller's tab to an open worktree and --follow releases it (3.974292ms)
✔ target lists worktrees as JSON for agents (1.871834ms)
✔ target rejects unknown worktrees, tabs, and ambiguous arguments (1.98575ms)
✔ cmux context events are scoped to the Dock owner window (0.53025ms)
✔ cmux context watcher decodes chunked events and closes its child (1.346375ms)
✔ cmux context watcher tolerates an unavailable stream without an error observer (0.337875ms)
✔ an unscoped watcher accepts every window while events without a window are never dropped (0.056667ms)
✔ an event payload window overrides nothing when the frame already names another window (0.04375ms)
✔ closing a cmux context watcher twice kills its child exactly once (0.269459ms)
✔ a clean cmux event stream exit is not an error but still reports the lost stream (0.792083ms)
✔ an unrequested cmux event stream failure reports both the error and the lost stream (0.295541ms)
✔ closing a cmux context watcher deliberately reports neither an error nor a lost stream (0.257708ms)
✔ a cmux context watcher without a close observer still tolerates an exit (0.2335ms)
✔ cmux executable selection prefers an explicit override and then the bundled CLI (0.660667ms)
✔ cmux Dock control ownership is keyed by its own surface, not the workspace it follows (7.339459ms)
✔ cmux Dock control registration rejects incomplete, missing, malformed, and mismatched ownership (5.27325ms)
✔ cmux Dock control registration follows a live surface across workspace changes (1.60825ms)
✔ cmux Dock registration liveness requires the recorded process (0.141709ms)
✔ a reused process id cannot revive a version 3 registration (0.088541ms)
✔ a markerless version 3 record is invalid rather than silently process-id only (1.52825ms)
✔ registration fails rather than writing a version 3 record without a start marker (0.893917ms)
✔ the process start marker is read in a fixed locale and zone (0.205875ms)
✔ the process start marker rejects a row that belongs to another process (0.34725ms)
✔ main workspace selection never treats the SideRail Dock surface as its source surface (0.082708ms)
✔ cmux context resolves live main-area cwd while preserving every Dock identity (0.879292ms)
✔ cmux context falls back to the configured project cwd when discovery fails (0.200209ms)
✔ cmux context can resolve an older caller-scoped workspace without a window id (0.824125ms)
✔ cmux context remains anchored to its owner window when global focus moves (0.261167ms)
✔ cmux context recovers the selected project from the focused surface when workspace cwd is stale (0.36325ms)
✔ cmux context pins a valid main-surface launch folder when Dock activity contaminates workspace cwd (0.325625ms)
✔ cmux context never substitutes the SideRail Dock cwd for a missing selected project (0.161583ms)
✔ Dock owner window is discovered from the Dock's own surface when cmux reports no caller (0.121833ms)
✔ Dock owner window discovery is skipped without a surface of its own (0.038875ms)
✔ Dock owner window falls back to a live window hint before the global-Dock workspace convention (0.089792ms)
✔ cmux context resolves the Dock-owning window when identify has no caller and focus is elsewhere (0.592667ms)
✔ cmux context never resolves the focused window's project for a Dock owned by another window (0.273417ms)
✔ cmux context reuses a cached owner window without repeating Dock discovery (0.252209ms)
✔ cmux context still resolves a project when Dock owner discovery fails outright (0.272208ms)
✔ a checked-out candidate outranks an existing but unversioned directory (0.127292ms)
✔ no checked-out candidate keeps the first existing directory rather than an unusable path (0.089792ms)
✔ repository detection accepts a linked worktree whose .git is a file (2.102833ms)
✔ cmux Dock control state paths cannot escape the SideRail cache directory (1.927167ms)
✔ cmux Dock control lookup ignores another control's record for the same surface (2.353833ms)
✔ cmux Dock control lookup prefers the current workspace and then the newest record (2.344375ms)
✔ a main surface launched from home does not outrank the workspace's checked-out project (0.196417ms)
✔ a legacy record is migrated forward and its duplicates for the same surface are removed (4.385333ms)
✔ a version 3 record is preferred without ever scanning legacy records (1.735458ms)
✔ a failed migration still returns the legacy record rather than losing the control (1.412708ms)
✔ legacy selection prefers the current workspace and then the newest record (9.68575ms)
✔ a dead process never causes a record to be pruned, so relaunch can still find its Dock (1.983083ms)
✔ a registration landing mid-migration is never clobbered by the legacy record (2.519375ms)
✔ concurrent migrations of one legacy record agree on a single canonical winner (6.361584ms)
✔ manual launch creates one unfocused Dock terminal and reveals Dock without stealing focus (2.958792ms)
✔ manual launch adopts an existing SideRail Dock surface instead of duplicating it (1.015208ms)
✔ manual launch recognizes its configured Dock caller identity even with cmux's startup wrapper (0.490208ms)
✔ manual launch can coexist with an unrelated configured Dock control (0.344625ms)
✔ manual launch adopts a registered configured SideRail control (0.390667ms)
✔ manual launch finds an active configured control after the main workspace changes (0.300625ms)
✔ manual launch reuses a registered post-q login shell (0.384708ms)
✔ manual launch waits for a starting configured control to register (0.294917ms)
✔ manual launch adopts a Dock surface with an exposed SideRail control id (0.279417ms)
✔ manual launch fails closed without a selected main workspace or Dock response (0.72725ms)
✔ Dock relaunch command restates variables and quotes shell metacharacters (0.105459ms)
✔ relaunching an existing Dock surface restores the owner window and project directory (1.003667ms)
✔ a relaunched Dock surface receives exactly the environment a created one does (0.47975ms)
✔ a Dock launch without a resolvable owner window omits the window variable rather than guessing (0.445083ms)
✔ a relaunch decision awaits an asynchronous liveness verdict (0.304875ms)
✔ an active registration is still adopted rather than relaunched (0.2475ms)
✔ clean rows open an exact read-only materialization in cmux's native file viewer (8.364333ms)
✔ changed rows open their exact selected revision in cmux's native file viewer (2.607417ms)
✔ missing main surface falls back within the explicit workspace without inheriting the Dock surface (2.599833ms)
✔ Dock surface is never closed from stale cmux native-preview state (2.600459ms)
✔ foreign type is never closed from stale cmux native-preview state (2.044042ms)
✔ foreign id is never closed from stale cmux native-preview state (2.31475ms)
✔ a missing stale surface releases its retained native-file materialization (3.033334ms)
✔ each open adds a new native tab and stable ownership survives Dock surface rotation (3.397916ms)
✔ stable control ownership migrates legacy surface-keyed preview state (2.652875ms)
✔ replacement-era ownership migrates without closing its native tabs (2.273042ms)
✔ unreadable legacy ownership is reported without blocking a new preview (2.175708ms)
▶ native identity names the actual bytes for clean and deletion fallbacks
  ✔ clean Files row (1.823709ms)
  ✔ staged deletion (1.999875ms)
  ✔ commit deletion (1.62775ms)
  ✔ unstaged worktree (2.379167ms)
  ✔ untracked worktree (1.853833ms)
  ✔ against-base revision (1.78875ms)
  ✔ against-base worktree fallback (1.959458ms)
  ✔ selected commit revision (1.55775ms)
  ✔ filesystem worktree (1.54275ms)
✔ native identity names the actual bytes for clean and deletion fallbacks (17.328417ms)
✔ transient discovery failures retain open tabs and later prune only closed tabs (4.750417ms)
✔ malformed ownership is ignored while an unreadable ownership path fails before cmux mutation (2.4175ms)
✔ ownership write failure closes the new native surface and removes its materialization (1.598875ms)
✔ ownership failure reports failed compensation without hiding either error (1.311584ms)
✔ malformed native open responses fail and remove prepared files (1.380625ms)
✔ partial native open reports failed close compensation (1.484666ms)
✔ a failed native file-open command removes the prepared materialization (1.355167ms)
✔ direct file-open payloads and fallback filenames remain supported (2.051833ms)
✔ stale preview inspection failures are warnings and retain the old materialization (1.987292ms)
✔ a cleanup-state rewrite failure remains a warning after verified cleanup (1.543375ms)
✔ stale state can never remove a materialization outside SideRail's cache (2.062333ms)
✔ cmux preview requires a resolved main workspace (0.39825ms)
✔ surface ownership requires exact id, native panel type, and main-area scope (0.182208ms)
✔ a native open that returns no surface identity removes its materialization and fails (1.408208ms)
✔ an unreadable materialization target is cleaned up rather than left half written (0.909708ms)
✔ preview ownership survives a cache directory that does not exist yet (1.658959ms)
✔ a preview state path is confined to the SideRail cache for hostile identities (0.470542ms)
✔ cmux Dock restart command preserves absolute paths with shell metacharacters (0.553625ms)
✔ cmux Dock restart command restates the host environment a resume binding cannot store (0.097875ms)
✔ cmux Dock resume registration is scoped to its window and surface (0.6435ms)
✔ cmux Dock resume registration ignores foreign and incomplete controls (0.08475ms)
✔ cmux Dock resume registration survives a restore that dropped the owner window id (0.15575ms)
✔ cmux Dock resume registration reports a retained manual approval (0.086ms)
✔ live pane owns the single product title (3.279208ms)
✔ Herdr opens SideRail for restored and newly created tabs (0.594708ms)
✔ Herdr exposes a current-tab SideRail toggle action (0.364375ms)
✔ file previews open in a dedicated Herdr tab (0.605792ms)
✔ cmux previews use native file tabs without changing the Herdr preview (0.71975ms)
✔ preview scrolling repaints in place without clearing the screen (0.597916ms)
✔ manual refresh confirmation is transient (0.423667ms)
✔ configuration validates version, launch mode, and refresh bounds (0.959916ms)
✔ the shipped example is governed by runtime validation alone (0.630792ms)
✔ configuration requires a version and rejects nested unknown keys (0.2695ms)
✔ viewer actions resolve conditionally by selected filename (0.527125ms)
✔ viewer executable preflight detects commands without invoking them (2.11875ms)
✔ installed Markdown rules bypass the generic preview only when system open is directly usable (1.172125ms)
✔ configuration rejects mistyped structured values (0.09475ms)
✔ user configuration merges by key and environment wins (2.144958ms)
✔ an explicit Glow TUI rule is preserved (1.490166ms)
✔ environment overrides do not mutate built-in defaults (0.998458ms)
✔ editor integration is optional and EDITOR remains a fallback (0.937542ms)
✔ invalid environment overrides report errors without replacing valid defaults (0.841375ms)
✔ out-of-range polling overrides preserve a user interval (1.95325ms)
✔ structured file diff removes Git plumbing and tracks both line numbers (1.425708ms)
✔ structured file diff preserves meaningful file metadata (0.091834ms)
✔ structured file diff parses combined conflict hunks (0.219708ms)
✔ diff rows neutralize repository-controlled terminal sequences (0.249333ms)
✔ structured diff parsing strips Git color without losing hunk semantics (0.076ms)
✔ clean Markdown opens its worktree path directly with the system application (4.252125ms)
✔ historical Markdown opens an exact read-only copy and schedules its cleanup (116.719417ms)
✔ a failed system open removes its temporary copy (2.383791ms)
✔ security policy directs reports to the repository's private reporting channel (3.213375ms)
✔ documentation states the eventual refresh and user-only configuration contracts (1.133125ms)
✔ public installation and release evidence instructions enforce the candidate gates (1.004709ms)
✔ the default local check enforces coverage (0.331416ms)
✔ cmux documentation and project Dock config describe the supported right-sidebar host (1.849583ms)
✔ live release cleanup is isolated from the operator's Herdr installation (0.273417ms)
✔ sealed release logs are not hidden by the general log ignore (0.261291ms)
✔ sealed evidence is excluded from later archives and preserves terminal bytes (0.4655ms)
✔ the Docker Linux worker pins a checksummed Herdr and is part of the release runbook (0.781667ms)
✔ search folder state uses one bounded scope and row signatures reflect content (0.94575ms)
✔ folder collapse keys cover every tree ancestor and grouped folder (0.518166ms)
✔ folder expansion survives an ancestor collapse while newly discovered descendants start collapsed (0.089375ms)
✔ tree rows retain enough ancestry to distinguish siblings from nested children (6.915459ms)
✔ 20k-path files model materializes only the viewport at supported widths (162.951708ms)
✔ metadata filtering is dependency-specific and conservative when unhealthy (0.866709ms)
✔ ignored noise uses one NUL-safe batch and caches exact paths (3.583958ms)
✔ tracked paths, tracked directory renames, and submodule children bypass ignores (0.455959ms)
✔ own and sibling indexes are distinct for primary and linked worktrees (0.308666ms)
✔ ignore/index/config changes invalidate classification without discarding tracked ignores (0.767167ms)
✔ unknown names, external paths, directory mode, and provider errors recover conservatively (0.306792ms)
✔ classification failure and a generation change during classification never drop work (0.358833ms)
✔ close cancels pending work and drops in-flight classifier completions (0.439167ms)
✔ bounded ignore LRU promotes true and false hits and conservatively reclassifies evicted paths (0.572333ms)
✔ ignore cache rejects invalid capacities and bounds a batch larger than its capacity (0.964666ms)
✔ ls-files stage parser retains hidden worktree-presence flags (1.36725ms)
✔ commit machine formats preserve control characters and unambiguous paths (0.286709ms)
✔ porcelain v2 parser preserves spaces, tabs, unicode, renames, and conflicts (0.141375ms)
✔ combined raw and numstat output preserves metadata, stats, and unusual paths (0.240709ms)
✔ a silent handshake expires and close settles without an abandoned connection (53.550541ms)
✔ initial connection sends exactly one repository subscription (1.707958ms)
✔ blocked client controls wait for drain and then flush in order (7.688041ms)
✔ blocked client controls enforce the count bound and release pending requests (13.168584ms)
✔ blocked client controls enforce the bytes bound and release pending requests (13.9505ms)
✔ disconnect retains stale state and retries beyond a failed connection window (101.462208ms)
✔ a coordinator that never drains is disconnected at the blocked-write deadline (21.730083ms)
✔ unanswered requests time out and do not make unsubscribe or client close hang (41.771625ms)
✔ closing before connect finishes destroys the arriving socket and suppresses state (0.387292ms)
✔ an initial retry keeps a standalone process alive until ready settles (88.046541ms)
✔ an independent Node client connects successfully after its initial refusal (76.409666ms)
✔ coordinator transport drains controls in order and enforces blocked-write bounds (8.252834ms)
✔ eight socket clients share one engine build and one edit build (30.280459ms)
✔ a disconnected client resubscribes and maps a restarted engine to a fresh local generation (35.937458ms)
✔ host refresh suppresses unchanged context and reconnect follows a moved rail terminal (46.666083ms)
✔ a non-repository engine migrates to the Git identity when a late client joins (251.697375ms)
✔ relocated Git metadata gets a distinct engine instead of relabeling an active context (600.161083ms)
✔ an unencodable snapshot is typed and remains non-shareable for that engine key (3.462208ms)
✔ atomic launch claims allow one child and reclaim a dead owner (35.606291ms)
✔ the thin launcher starts one real daemon and records its complete lifecycle (2968.675916ms)
✔ a client that disconnects while its repository identity resolves leaves the coordinator idle (13.048667ms)
✔ a repository subscription closed while it starts is never registered (23.142834ms)
✔ effective Git environment is deterministic, conservative, and excludes resolved SideRail inputs (1.03775ms)
✔ Git executable identity resolves PATH to canonical file identity (4.448ms)
✔ code fingerprint covers canonical checkout path, runtime paths, and bytes (10.850667ms)
✔ coordinator namespace separates user, host session, code, and Git-impact environment (1.433084ms)
✔ effective runtime semantics include immutable environment overrides only (0.200459ms)
✔ private runtime paths are mode 0700, short, stable, and do not claim the lease (2.35475ms)
✔ unsafe configured runtime directories and symlinks are never used (1.397875ms)
✔ repository identity shares subdirectories and resolves a relative alternate index from worktree root (156.43675ms)
✔ linked worktrees have distinct per-worktree Git dirs and one common Git dir (158.456ms)
✔ ordinary non-repositories use canonical filesystem identity (32.545792ms)
✔ missing executables and ambiguous environment values fail explicitly (0.343375ms)
✔ malformed namespace inputs cannot collapse incompatible coordinators (0.399209ms)
✔ runtime paths reject wrong ownership, inaccessible filesystems, and excessive socket lengths (0.228958ms)
✔ executable and code identity failures are typed instead of borrowing another context (0.298458ms)
✔ ambiguous repository responses fail before a potentially incorrect shared snapshot (0.271625ms)
✔ only Git's own exit marks a directory as outside Git (2.264417ms)
✔ snapshot codec preserves only the schema-declared Map and own-property presence (1.771041ms)
✔ snapshot codec preserves an empty commit path Map (0.110083ms)
✔ snapshot codec rejects arbitrary Maps, cycles, tags, and forged undefined paths (0.382792ms)
✔ four-byte framing handles split headers, split payloads, and multiple frames (0.339292ms)
✔ frame decoder rejects oversize, malformed, and truncated frames and can reset (0.164334ms)
✔ frame encoder enforces the caller-selected bound (0.089375ms)
✔ client validator accepts typed repository and host requests (0.259167ms)
✔ validators reject unknown fields and command or environment injection (0.122583ms)
✔ server validator accepts encoded repository and exact host deliveries (0.255333ms)
✔ typed wire messages reject malformed scalar fields and contradictory responses (0.720958ms)
✔ snapshot schema rejects forged Maps and restores nested undefined without prototype mutation (0.547958ms)
✔ framing rejects invalid limits, unserializable messages, and zero-length frames (0.302708ms)
✔ runtime namespace follows immutable env overrides while config-file edits stay in one namespace (30.517834ms)
✔ process start identity uses an absolute system command independent of PATH (0.729583ms)
✔ runtime rejects mismatched identity and lost launch leases before binding (1.000417ms)
✔ runtime owns signal, coordinator, socket, owner, and lease cleanup (6.499875ms)
✔ process identity rejects unsupported and empty results (0.148084ms)
✔ idle shutdown rechecks new clients, and listen failures release owned resources (8.57975ms)
✔ shutdown errors reject completion and a changed lease is never removed (8.100833ms)
✔ cwd-dependent executable and config environments explicitly remain in process (0.258166ms)
✔ an asynchronous watcher error closes only that watcher and reaches recovery (0.51775ms)
✔ the release witness can isolate the recovery poll from filesystem watchers (0.092209ms)
✔ git watcher resolves and deduplicates per-worktree and common git directories (2.0155ms)
✔ git watcher never runs Git for an empty repository root (0.090167ms)
✔ session snapshot uses one documented socket request (0.988375ms)
✔ one source shares its initial snapshot and publishes semantic changes only (0.633875ms)
✔ concurrent refresh requests queue one follow-up without overlapping snapshots (2.312042ms)
✔ fallback cadence is one snapshot per completed interval and stops without subscribers (0.431584ms)
✔ snapshot failure is explicit, retains no false context, and schedules retry (0.192166ms)
✔ a listener failure is isolated from other subscribers and future polling (0.15775ms)
✔ default host source uses the socket and its timer without launching a CLI (55.580709ms)
✔ host response validation fails explicitly and inactive queued refreshes settle (0.354917ms)
✔ content selection follows each tab's focused pane and ignores SideRail panes (0.931917ms)
✔ live cwd resolution is scoped to the rail's own tab (0.62225ms)
✔ a focused SideRail Demo never becomes the main rail's content source (0.061667ms)
✔ a stored SideRail Demo source is discarded in favor of real tab content (0.107834ms)
✔ a moved rail resolves cwd from its current workspace instead of its launch workspace (0.15175ms)
✔ snapshot context follows a moved rail by terminal identity and reports visibility (0.150333ms)
✔ snapshot context distinguishes hidden and no-content rails (0.099709ms)
✔ configured sidebar width shrinks a new right split to exact columns (0.595917ms)
✔ configured width never takes more than half a narrow split (0.07525ms)
✔ configured width respects Herdr's minimum split ratio (0.047167ms)
✔ sidebar resize uses Herdr layout and pane APIs without changing focus (0.576375ms)
✔ orphaned pane locks are recovered instead of suppressing auto-open (8.640375ms)
✔ a live lock cannot be age-evicted or released by an earlier owner (106.03725ms)
✔ an orphaned reclaimer cannot permanently wedge a pane lock (3.939792ms)
✔ current and older-spelling rails are adopted, deduplicated, and never reopened from themselves (5.052625ms)
✔ toggle closes only the verified SideRail rail and clears its tab state (2.252292ms)
✔ toggle opens a rail when the current tab has none (2.598042ms)
✔ automatic ensure uses a safe outer-right split without layout staging (2.156875ms)
✔ legacy rails are replaced at the right edge using the tab-focused source cwd (2.787792ms)
✔ legacy migration open failure retains the verified legacy rail (2.128292ms)
✔ automatic ensure adopts a middle rail without rearranging user panes (2.2185ms)
✔ rightmost placement is independent of pane listing order (0.1085ms)
SideRail open skipped tab w1:t1 because an outer-right split is not safe
✔ automatic ensure skips an unsafe vertical layout without staging or opening (2.271417ms)
SideRail open skipped tab w1:t1 because an outer-right split is not safe
✔ manual open also skips an unsafe vertical layout without rearranging user panes (2.086083ms)
SideRail open skipped tab w1:t1 because an outer-right split is not safe
✔ manual open retains an existing verified rail when replacement is unsafe (2.131208ms)
✔ manual replace retargets an existing rail while ensure adopts it (2.410875ms)
✔ replacement open failure retains the existing verified rail (2.211667ms)
✔ replace compensates the new pane when the owned rail cannot close (2.040083ms)
✔ zoomed tabs are unzoomed for replacement and restored afterward (2.44725ms)
✔ SideRail Demo panes use entrypoint-specific identity instead of accumulating (1.863709ms)
✔ a SideRail Demo pane cannot become the main rail's content source (1.909417ms)
✔ a user pane renamed like SideRail is never treated as plugin-owned (2.752333ms)
✔ ownership inspection failure aborts instead of opening a duplicate rail (1.952458ms)
✔ an invalid plugin-open pane id is never moved into the target tab (2.190166ms)
✔ closed-tab cleanup removes state and orphan locks only for that tab (2.488084ms)
✔ verified orphan plugin panes fall back to generic close only for plugin_pane_not_found (0.98525ms)
✔ other plugin close failures never broaden into generic pane closure (0.656208ms)
✔ requestHerdr sends NDJSON and returns the matching result (5.849791ms)
✔ subscribeHerdr preserves pushed event order after its acknowledgement (1.854041ms)
✔ event names normalize from emitted snake_case to subscription dot notation (0.10625ms)
✔ requestHerdr surfaces structured server errors (1.634625ms)
✔ a timed-out event wait does not consume the next event (12.540708ms)
▶ invalid and oversized response lines reject without crashing the process
  ✔ invalid JSON (1.441958ms)
  ✔ oversized complete line (1.233958ms)
✔ invalid and oversized response lines reject without crashing the process (2.974166ms)
✔ a cmux Dock never inherits Herdr workspace, pane, or tab identity (1.637916ms)
✔ a cmux Dock without a project cwd falls back to its own directory, never a Herdr one (0.129708ms)
✔ a Herdr pane never inherits cmux Dock identity (0.130416ms)
✔ Herdr identity prefers explicit overrides, then plugin context, then ambient variables (0.081917ms)
✔ an explicit repo root still overrides a cmux Dock project directory (0.049625ms)
✔ a malformed or non-object Herdr plugin context degrades to no context (0.098292ms)
✔ blank and whitespace-only host variables are treated as absent (0.061875ms)
✔ an unknown host is treated as Herdr rather than granting Dock identity (0.0445ms)
✔ package info comes from the install's own package.json (0.877792ms)
✔ Herdr setup links once, is idempotent, and moves a stale local link (0.758417ms)
✔ Herdr setup refuses to replace a GitHub-managed install and rejects malformed listings (0.372166ms)
✔ Herdr plugin lookup normalizes unexpected field types (0.101417ms)
✔ Herdr ownership check only accepts a local link at this install (0.172875ms)
✔ the Dock control quotes install paths for cmux's login shell (0.249958ms)
✔ the global Dock config lives under HOME (0.641542ms)
✔ cmux setup creates, preserves, updates, and removes only its own control (3.185417ms)
✔ cmux setup never overwrites an unrelated control or malformed config (2.613084ms)
✔ cmux config read errors other than a missing file surface (1.495208ms)
✔ only the exact generated command is recognized as a SideRail control (2.4645ms)
✔ an install path containing a quote round-trips through setup and uninstall (2.366625ms)
✔ a swapped install is reported only after its tree settles across two ticks (7.315792ms)
✔ the cmux launch waits for its own bootstrap, not only the rail it imports (6.757625ms)
✔ an empty source tree or a directory in place of an entrypoint is not ready (4.866417ms)
✔ files changing inside a stable checkout never trigger a restart (2.009292ms)
✔ a rail whose launcher died is reported orphaned instead of lingering (1.589792ms)
✔ an explicit launch identity is the baseline, so an early swap is still detected (2.214083ms)
✔ launch entrypoints include the launched script inside the install and always the rail (0.615125ms)
✔ the launch context is captured from this package when the module loads (0.144834ms)
✔ the default timer is real and unreferenced (1.939541ms)
✔ worktree presence validation checks only candidates and stops at its budget (1.482375ms)
✔ fixture state is derived by the production provider (418.70325ms)
✔ linked worktrees report the common repository name separately from the branch (397.579792ms)
✔ provider resolves branch Git config after explicit bases and validates it as a commit (1811.871834ms)
✔ live branch switches reload configured bases and keep stale local main clean (1673.836916ms)
✔ Files projection follows real committed, staged, unstaged, untracked, and recreated paths (689.245084ms)
✔ inspection leaves HEAD, refs, index, status, and worktree bytes unchanged (531.955375ms)
✔ refresh and commit details use one exact-copy diff scan per comparison (464.61825ms)
✔ non-repository directories provide a bounded filesystem Files state (85.973584ms)
✔ configured bases must resolve to commits and never silently fall back (376.335ms)
✔ a configured base with unrelated history never masquerades as a merge base (292.484833ms)
✔ invalid UTF-8 in display-only commit metadata does not hide repository state (360.456791ms)
﹣ non-UTF-8 Git paths fail visibly instead of collapsing identities (0.088333ms) # SKIP
✔ Against Raw uses the same merge base as its diff after branches diverge (455.627792ms)
✔ staged copy identity and colon-prefixed index paths remain exact (311.503792ms)
✔ exact-revision materialization preserves bounded binary bytes for viewers (75.807542ms)
✔ staged, unstaged, against, commit, untracked, and clean descriptors are independent (481.197041ms)
✔ raw preview identifies revisions and rejects escaping symlinks (161.040083ms)
✔ missing worktree content never falls back unless the selected state is deleted (89.72775ms)
✔ provider handles unborn and detached repositories plus unusual renamed paths (1970.138125ms)
✔ rename pathspecs preserve identity in every diff scope (0.20275ms)
✔ rename and copy previews retain Git identity across against, workspace, commit, and staged views (478.113542ms)
✔ commit history and file details use one explicit first-parent comparison (573.1555ms)
✔ untracked text line counts match Git numstat semantics (286.159041ms)
✔ untracked statistics stop at an aggregate inspection budget (305.16475ms)
✔ clean tracked files retain symlink and executable metadata (267.787625ms)
✔ unstaged type changes use worktree mode rather than index mode (271.402292ms)
✔ against-base model retains deletion, rename, copy, executable, and symlink metadata (873.381834ms)
✔ unmerged porcelain state remains an explicit conflict in both scopes (486.427ms)
✔ raw content limits fail safely before reading unbounded data (163.283792ms)
✔ historical and index blobs receive bounded binary and UTF-8 validation without fallback (479.068042ms)
✔ non-regular worktree entries are rejected without opening a blocking stream (30.848916ms)
✔ commit history is bounded while retaining an exact total (5873.348209ms)
✔ submodule gitlinks remain first-class canonical metadata (1071.304916ms)
✔ selection follows the same path when a refresh changes its descriptor (0.880042ms)
✔ Files view combines base-branch diffs with grey unchanged files (7.503083ms)
✔ Files view omits deleted paths but keeps files recreated at the same path (0.133667ms)
✔ Files view omits deleted paths when no base comparison is available (0.065459ms)
✔ Files view omits an indexed addition deleted before its first commit (0.069083ms)
✔ canonical clean files preserve tracked mode metadata (0.109958ms)
✔ manifest routes every runtime entrypoint through an absolute shell and launcher (3ms)
✔ launcher accepts an absolute Node executable whose path contains spaces (84.237958ms)
✔ cmux bootstrap preserves an explicit Node executable through a restricted Dock PATH (91.180917ms)
✔ direct cmux bootstrap enters a login shell after SideRail exits (343.368375ms)
✔ launcher rejects missing and unsupported Node before running the target (166.368875ms)
✔ in-process Node version guard rejects unsupported majors (0.233208ms)
✔ launcher reruns a rail from its launch directory after an install-swap restart (282.314167ms)
✔ a restart that fails while the new install settles is retried until it starts (2272.482125ms)
✔ a restart that keeps failing stops after five restarted launches with its own status (4302.042375ms)
✔ a first-run failure and a signal after a restart are never retried (205.144875ms)
✔ launcher does not rerun non-rail entrypoints that exit with the restart status (80.924416ms)
✔ preview state is scoped by workspace, source tab, and entrypoint (3.278125ms)
✔ opening a preview records it, renames its tab, and closes only a verified stale preview (3.987416ms)
✔ reused user pane id is never closed from stale preview state (1.71825ms)
✔ wrong workspace is never closed from stale preview state (1.758042ms)
✔ unrelated process is never closed from stale preview state (1.941ms)
✔ same-named script from another checkout is never closed from stale preview state (2.216291ms)
✔ inspection failure leaves the old pane open without hiding the successful new preview (1.811ms)
✔ malformed open response does not overwrite existing preview ownership (1.714333ms)
✔ missing stale panes are discarded without a destructive close (1.597083ms)
✔ open failure preserves stale ownership and rename failure is only a warning (1.920125ms)
✔ post-open state failure closes the new pane and preserves old ownership (1.305875ms)
✔ post-open state failure never closes a foreign pane from a malformed open response (1.431292ms)
✔ an unwritable preview state root fails inside the guarded lifecycle before opening a pane (0.617708ms)
✔ preview search normalizes content once and narrows prior candidates (1.341416ms)
✔ cached search results retain display columns without another position pass (0.310458ms)
✔ preview search restores cached prefixes, handles Unicode, and resets by content (0.138083ms)
✔ preview search bounds query and retained candidate memory (1043.684916ms)
✔ Git status never refreshes the index even when caller options enable optional locks (77.35125ms)
✔ concurrent Git process contexts keep config and index environments isolated (50.043167ms)
✔ process stdout remains text by default and can preserve exact bytes (76.79875ms)
✔ strict process decoding rejects invalid UTF-8 instead of merging byte identities (35.991875ms)
✔ process input can be supplied as exact bytes (35.834125ms)
✔ timeouts settle without waiting for descendants that inherited output pipes (51.555917ms)
✔ timeouts terminate descendants in the command process group (554.027ms)
✔ abort signals terminate and await the command process group (554.600834ms)
✔ hidden rails retain new snapshots without redraw; showing uses cached state without Git (1.25925ms)
✔ context switches drop late results and no-content state releases the subscription (0.651959ms)
✔ visible age timer is local only and hidden/closed rails cancel it (0.155666ms)
✔ startup failure is visible and closing a pending subscription discards completion (0.127833ms)
✔ commit ages advance from absolute author times without another provider read (0.226416ms)
✔ optional UI hooks can be omitted without breaking the subscription lifecycle (0.228417ms)
✔ sibling worktrees share the workspace's repository, main checkout first (2.847958ms)
✔ a worktree resolves by label, workspace id, or checkout path (3.348375ms)
✔ a pinned target replaces the followed cwd until its checkout disappears (0.270625ms)
✔ target files round-trip per tab and are removed with their tab or workspace (5.652708ms)
✔ a rail sees its target file written and removed (63.7815ms)
✔ a pane's checkout is its root and branch, or says why it is unknown (1.758208ms)
✔ checkouts compare by real path, not spelling (1.34ms)
✔ dirty bursts coalesce and retain the two-second start cadence (1.677583ms)
✔ a dirty event during a read queues exactly one throttled follow-up (0.288291ms)
✔ a manual request during a read receives one immediate follow-up (0.194709ms)
✔ a due reconciliation covers an already pending dirty event without another read (0.665917ms)
✔ healthy reconciliation and degraded fallback honor maximum jitter bounds (0.258584ms)
✔ runtime interval updates reschedule only when a value changes (0.168917ms)
✔ provider failure retains bounded retry and close aborts owned work (0.449208ms)
✔ a 200,000-event dirty burst retains one deferred, deadline, timer and status update (21.852916ms)
✔ a large mid-read burst captures a newer generation and settles against the follow-up, never the active dirty read (15.702ms)
✔ coalesced dirty callers share rejection on provider failure and pending close (0.193042ms)
✔ archive member verification rejects local-only and removed artifacts (1.2765ms)
✔ release evidence binds nine hashed local logs to one candidate (11.0205ms)
✔ release evidence rejects failed, stale, mismatched, and malformed local records (9.684375ms)
✔ repository client stamps immutable tokens and drops closed-context deliveries (1.03675ms)
✔ in-process subscription preserves one engine owner and closes it only when requested (1.541833ms)
✔ client close invalidates a subscription whose ready result arrives later (0.633041ms)
✔ real ignored noise and a sibling index do not rebuild the primary worktree (2567.319625ms)
✔ real worktree, index, ref, and configuration mutations match the full provider oracle (16937.321208ms)
✔ real merge, rebase, cherry-pick, revert, bisect, and sibling-ref transitions stay on the oracle (10286.271625ms)
✔ quiet reads preserve index bytes and reconciliation repairs failed or replaced watch roots (487.885542ms)
✔ an unborn repository becomes a committed repository through native invalidation (1327.787792ms)
✔ a missing-object provider error retains state and bounded fallback recovers it (2076.8835ms)
✔ reconciliation repairs a silently lost event and a replaced real watch root (2990.40025ms)
✔ an eligible native event meets the production 125 ms / 2 second latency contract (2886.726542ms)
✔ repository engine owns startup, subscriptions, manual refresh, and watcher snapshots (2.702333ms)
✔ watcher-reported degraded health is preserved and reconciliation checks roots first (0.620333ms)
✔ refresh failure retains the last snapshot and later success clears the error (0.657958ms)
✔ provider config changes update the engine reconciliation interval (0.296291ms)
✔ watch invalidation refreshes once and a watcher update failure degrades the delivery (0.262041ms)
✔ watch factory failure degrades state and an initial provider failure rejects ready (0.285125ms)
✔ late subscribers replay current state and close disposes a watcher still starting (0.341208ms)
✔ opt-in engine evidence counts provider builds without logging context paths (6.153292ms)
✔ real provider engines keep simultaneous alternate-index environments isolated (258.077125ms)
✔ watcher bursts attach one rejection handler per dirty batch, including an active-read follow-up (126.703792ms)
✔ release screenshots have the declared dimensions and resolvable source commits (5.403917ms)
✔ state mode is explicit and rejects unknown rollback values (0.747541ms)
✔ only typed identity and snapshot-size failures select explicit fallback (0.071042ms)
✔ namespace semantics follow immutable environment overrides, not mutable config contents (0.534834ms)
✔ delivery localization preserves provider errors and never mutates a shared snapshot (0.531834ms)
✔ bootstrap stays dormant and exposes repository and host subscription seams (1.181583ms)
✔ local config is reloaded for every shared delivery (0.295583ms)
✔ different immutable semantics cannot borrow the first runtime (0.221917ms)
✔ typed identity failure switches one subscription to explicit in-process fallback (0.446375ms)
✔ post-initial oversize signal switches automatically and ignores the old epoch (3.128583ms)
✔ normal shared connection errors remain visible and do not silently fall back (0.335333ms)
✔ close does not wait on a blocked ready or unbounded remote close (11.543167ms)
✔ switching context closes the old subscription before opening the next (0.480959ms)
✔ explicit in-process mode is selected before shared runtime construction (0.090167ms)
✔ real facade and daemon derive one namespace and deliver repository state (1486.430042ms)
✔ real in-process fallback remains refreshable and closes its engine (102.283709ms)
✔ manual refresh switches on a typed size failure but preserves ordinary errors (0.564958ms)
✔ facade rejects malformed identities and invalid subscription contracts (0.30675ms)
✔ a wide-ambiguous terminal keeps every row inside the rail width (1024.763625ms)
✔ demo snapshot is coherent at 25 columns (466.455833ms)
✔ demo snapshot is coherent at 36 columns (466.769ms)
✔ demo snapshot is coherent at 52 columns (462.005208ms)
✔ demo snapshot is coherent at 100 columns (475.9465ms)
✔ demo snapshot ignores ambient user configuration and SideRail overrides (463.375375ms)
✔ Files view starts with folders collapsed at 25 columns (470.716ms)
✔ Files view starts with folders collapsed at 100 columns (457.851291ms)
✔ production Files repaint materializes only the 20k-path viewport (1587.644125ms)
✔ Files search expands matching paths from collapsed folders for keyboard access (518.870875ms)
✔ a selected folder row is legible instead of muted against the selection (452.956417ms)
✔ keyboard navigation expands an initially collapsed Files folder (471.062708ms)
✔ Changes search includes commit history summaries (508.61525ms)
✔ commit-history search filters expanded commit children (494.482292ms)
✔ loaded commit search rows replace preview glyphs with real status and stats (473.694166ms)
✔ Changes and Files default to Tree at narrow and wide widths (1879.008125ms)
✔ Tree and Folders layouts render identical file status and stats (893.402834ms)
✔ rendered status matrix includes Git glyphs, numeric stats, and binary labels (643.980083ms)
✔ conflicted files render their dedicated on-screen glyph (510.680875ms)
✔ large repositories fully render Changes and Files without continuation controls (730.321ms)
✔ Files render includes current untracked paths and excludes every deleted path (430.269375ms)
✔ sidebar rows stay within terminal width for wide filenames (328.951208ms)
✔ clean Changes view states that the worktree is clean (374.899625ms)
✔ non-repository Files stays browsable with one neutral file icon (282.965ms)
✔ keyboard can expand a commit-summary search result (474.331917ms)
✔ help overlay explains keys and icons, scrolls, and returns to a highlighted selection (710.442208ms)
✔ Escape clears a keyboard selection before a second press closes the rail (510.633959ms)
✔ fatal rail errors restore terminal modes before exiting nonzero (421.222958ms)
✔ selection survives edit, stage, and commit refreshes while Files drops a later deletion (6305.98375ms)
✔ the live rail clears main history when branches change (4502.29675ms)
✔ terminal editor return and manual reload both re-read preview content (404.37275ms)
✔ preview processes coalesced search input, advances matches, and exposes horizontal navigation (195.14175ms)
✔ embedded Markdown rendering stays inside the pageable preview viewport (391.356959ms)
✔ a hostile repository config cannot auto-launch a preview executable (87.5305ms)
✔ embedded Glow renders the selected Markdown bytes through stdin (366.928083ms)
✔ a configured Markdown action auto-opens embedded Glow and action 3 renders it again (472.409958ms)
✔ preview reports repaint latency for a large allowed line count (1665.410125ms)
ℹ 75,000-line preview repaint: 20ms
✔ preview avoids wrapped-row amplification for a pathological single line (138.042ms)
✔ preview rejects pathological line counts before rendered-memory amplification (198.080834ms)
✔ one shared worker retains then removes many owner-only preview directories (1064.321584ms)
✔ shared cleanup refuses arbitrary temporary directories (2.27975ms)
✔ cleanup-worker spawn errors are contained and reported (1.803667ms)
✔ the shared worker directly expires markers and releases its ownership lock (26.493666ms)
✔ Files notices disclose independent scan and presence truncation (4.214625ms)
✔ cmux file clicks open one native preview while Herdr keeps double-click open (0.201792ms)
✔ selection reconciliation preserves errors and active transient status (0.101209ms)
✔ terminal text blocks OSC52 and every terminal control family (0.274709ms)
✔ clean Files metadata opens Raw even with a workspace descriptor (0.064791ms)
✔ successful asynchronous actions restore the pre-busy status (0.053125ms)
✔ commit preview context distinguishes first-parent and root comparisons (0.049042ms)
✔ preview tab names use a safe capped basename (0.622875ms)
✔ ambiguous-width characters follow the configured terminal setting (0.132167ms)
✔ terminal layout helpers measure, truncate, pad, and compact by display columns (0.381625ms)
✔ preview wrapping preserves gutters, ANSI styles, Unicode width, and source rows (0.557334ms)
✔ embedded renderer output keeps only SGR styling (0.113167ms)
✔ terminal input decoder preserves ordered coalesced keyboard, CSI, and mouse events (11.128667ms)
✔ pointer clicks recognize a cmux-paced double click and reset after opening (0.127ms)
✔ an intervening non-file click cancels a pending file double click (0.08ms)
✔ an intervening blank click cancels a pending file double click (0.073667ms)
✔ wheel and keyboard input cancel a pending file double click without treating mouse release as input (0.065209ms)
✔ summary-only commit matches can expand to meaningful file content (0.07175ms)
✔ poll timers reject corrupted intervals independently of configuration (0.080584ms)
✔ filesystem invalidations coalesce and enforce a minimum refresh cadence (0.119083ms)
✔ a successful refresh clears only refresh failures (0.039833ms)
✔ SGR mouse reports can be removed without leaking bytes into search text (0.070917ms)
✔ startup provider failures become an actionable render state (0.090792ms)
✔ sidebar snapshots cannot emit OSC52 from repository and filename data (330.875167ms)
✔ preview requests serialize and skip superseded queued selections (0.34225ms)
✔ keyboard selection reveal uses rendered row position (0.075ms)
✔ the fallback palette is indexed so it inherits the terminal theme (0.614083ms)
✔ color values accept every documented Herdr spelling (0.295541ms)
✔ token reading keeps hash colors and ignores unrelated sections (0.645125ms)
✔ scalar reading handles bare, escaped, and unterminated values (0.070458ms)
✔ [ui] accent applies only when [theme.custom] omits one (0.052458ms)
✔ only the four documented tokens override the fallback palette (0.114125ms)
✔ the config path honours HERDR_CONFIG_PATH ahead of XDG and HOME (0.089666ms)
✔ a missing, unreadable, or cmux-hosted config leaves the fallback palette (1.583875ms)
✔ compact commit ages preserve value and unit (0.643708ms)
✔ root files sort after every folder group (7.771916ms)
✔ uninstall closes only live pane instances owned by this checkout before unlinking (1.372583ms)
✔ uninstall fails closed on a reused or spoofed SideRail pane (0.50275ms)
✔ the rail shows a chosen Herdr worktree and follows its pane again when released (shared) (888.69475ms)
✔ the rail shows a chosen Herdr worktree and follows its pane again when released (in-process) (721.123042ms)
ℹ tests 563
ℹ suites 0
ℹ pass 562
ℹ fail 0
ℹ cancelled 0
ℹ skipped 1
ℹ todo 0
ℹ duration_ms 127665.457791
ℹ start of coverage report
ℹ --------------------------------------------------------------------------------------------------------------------------------------------------------------------------------------
ℹ file                          | line % | branch % | funcs % | uncovered lines
ℹ --------------------------------------------------------------------------------------------------------------------------------------------------------------------------------------
ℹ src                           |        |          |         | 
ℹ  cmux-context-watch.mjs       | 100.00 |    96.77 |  100.00 | 
ℹ  cmux-context.mjs             |  98.40 |    88.14 |   97.87 | 106-107 115-116 255-257 308-309
ℹ  cmux-preview-lifecycle.mjs   |  98.07 |    86.98 |  100.00 | 172-174 215-217 381-382
ℹ  cmux-resume.mjs              | 100.00 |    90.00 |  100.00 | 
ℹ  config.mjs                   |  97.24 |    92.86 |   96.67 | 65-66 69-70 144-145 159-160
ℹ  debug-log.mjs                |  86.67 |    83.33 |  100.00 | 13-14
ℹ  diff-view.mjs                |  86.67 |    82.35 |  100.00 | 45-48 67-72
ℹ  direct-file-open.mjs         | 100.00 |    73.33 |  100.00 | 
ℹ  files-view-model.mjs         |  98.36 |    91.76 |   95.65 | 145-147
ℹ  fixture.mjs                  | 100.00 |   100.00 |  100.00 | 
ℹ  git-invalidation.mjs         |  98.63 |    88.84 |   97.87 | 337-341
ℹ  git-parsers.mjs              | 100.00 |    95.06 |  100.00 | 
ℹ  git-provider.mjs             |  98.88 |    92.92 |  100.00 | 85-86 227-229 327-328
ℹ  git-state-client.mjs         |  92.30 |    80.89 |   93.51 | 57-60 96-97 107-108 154-157 184-186 246-250 263-269 342-343 405-409 428-431 468 531-536 620-623 666-669 693-694 702-703
ℹ  git-state-coordinator.mjs    |  92.05 |    77.63 |   90.38 | 90-92 104-106 156-157 215-217 281-283 289-292 315-317 329-330 339-340 342-345 369-370 372-375 409-411
ℹ  git-state-identity.mjs       |  99.61 |    93.24 |  100.00 | 146-147
ℹ  git-state-protocol.mjs       | 100.00 |    97.69 |  100.00 | 
ℹ  git-state-runtime.mjs        |  97.97 |    93.67 |   90.48 | 176-180
ℹ  git-watch.mjs                | 100.00 |    92.31 |  100.00 | 
ℹ  herdr-context-watch.mjs      | 100.00 |    93.51 |   96.00 | 
ℹ  herdr-context.mjs            |  89.26 |    69.81 |  100.00 | 35-45 119-120
ℹ  herdr-layout.mjs             | 100.00 |    71.43 |   83.33 | 
ℹ  herdr-pane-state.mjs         |  93.09 |    70.91 |   90.91 | 48-49 73-74 82-83 114 116 183-187
ℹ  herdr-plugin-pane.mjs        | 100.00 |   100.00 |  100.00 | 
ℹ  herdr-socket.mjs             |  94.15 |    85.11 |   92.31 | 37-41 115-116 150-152
ℹ  host-identity.mjs            | 100.00 |   100.00 |  100.00 | 
ℹ  host-setup.mjs               | 100.00 |    99.15 |  100.00 | 
ℹ  install-watch.mjs            | 100.00 |    92.50 |   90.91 | 
ℹ  model.mjs                    |  84.44 |    90.48 |   82.35 | 64-74 85-87
ℹ  node-version.mjs             | 100.00 |   100.00 |  100.00 | 
ℹ  preview-pane-lifecycle.mjs   |  89.82 |    76.56 |  100.00 | 86-97 123-127
ℹ  preview-provider.mjs         |  98.31 |    85.81 |  100.00 | 62 94 160 223
ℹ  preview-search.mjs           | 100.00 |    87.50 |  100.00 | 
ℹ  process.mjs                  |  93.85 |    89.71 |   85.00 | 81 91-94 119-120 156 184-185 187-188
ℹ  rail-state-client.mjs        | 100.00 |   100.00 |   88.89 | 
ℹ  rail-target.mjs              |  97.79 |    87.06 |   96.88 | 30-31 137-138
ℹ  refresh-scheduler.mjs        |  98.98 |    86.87 |   93.94 | 234-235 264
ℹ  repository-client.mjs        |  94.02 |    61.11 |   93.75 | 58-59 84-88
ℹ  repository-engine.mjs        | 100.00 |    84.25 |  100.00 | 
ℹ  shared-rail-runtime.mjs      |  97.96 |    86.55 |   86.36 | 202-204 227-229 258-259
ℹ  temporary-copy-retention.mjs |  94.81 |    75.44 |  100.00 | 65-66 68-69 72 151-153
ℹ  terminal-ui.mjs              |  98.54 |    90.84 |   94.34 | 194-196 247-249 362-363
ℹ  theme.mjs                    | 100.00 |    97.14 |  100.00 | 
ℹ  tui-format.mjs               | 100.00 |    77.78 |  100.00 | 
ℹ --------------------------------------------------------------------------------------------------------------------------------------------------------------------------------------
ℹ all files                     |  97.15 |    88.43 |   95.38 | 
ℹ --------------------------------------------------------------------------------------------------------------------------------------------------------------------------------------
ℹ end of coverage report

> siderail@0.2.0 snapshot
> node scripts/siderail.mjs --demo --snapshot --width 52 --height 46

 [1msiderail-fixture[0m                                   
  [38;5;7m↱ feature/sidebar[0m                                 
[38;5;8m────────────────────────────────────────────────────[0m
[48;5;8m[38;5;3m[1m CHANGES                  [0m[2m FILES                    [0m
[48;5;8m[2m ⌕ Search changes & commits…                        [0m
 [38;5;3m≡ Tree[0m   [38;5;7m↻ Refresh[0m                                 
[38;5;8m────────────────────────────────────────────────────[0m
[38;5;3m▏[0m› Against main  [2m2[0m                                  
 › Commits  [2m1[0m                                       
 ⌄ Staged  [2m1[0m                                        
 [38;5;8m[0m[38;5;7m› src/[0m                                             
 ⌄ Unstaged  [2m1[0m                                      
 [38;5;8m[0m[38;5;7m› src/[0m                                             
 ⌄ Untracked  [2m2[0m                                     
 [38;5;8m[0m[38;5;7m› assets/[0m                                          
 [38;5;8m[0m[38;5;7m› notes/[0m                                           
                                                    
                                                    
                                                    
                                                    
                                                    
                                                    
                                                    
                                                    
                                                    
                                                    
                                                    
                                                    
                                                    
                                                    
                                                    
                                                    
                                                    
                                                    
                                                    
                                                    
                                                    
                                                    
                                                    
                                                    
                                                    
                                                    
                                                    
                                                    
[38;5;8m────────────────────────────────────────────────────[0m
[2mj/k select · Enter open · ? help · / search · q[0m     

> siderail@0.2.0 artifact:verify
> node scripts/verify-artifact.mjs

Verified 5 manifest runtime files and 59 archive runtime dependencies, all in the npm files allowlist
v24.19.0
