
== pack 7887a1c59195b94a220c138557ab8be3e57baf69 and a patch-bumped upgrade
npm notice
npm notice 📦  siderail@0.2.0
npm notice Tarball Contents
npm notice 3.9kB CHANGELOG.md
npm notice 1.1kB LICENSE
npm notice 21.3kB README.md
npm notice 15.5kB docs/CMUX.md
npm notice 8.3kB docs/INSTALLATION.md
npm notice 4.6kB docs/THEMING.md
npm notice 9.4kB docs/TROUBLESHOOTING.md
npm notice 1.9kB herdr-plugin.toml
npm notice 2.8kB package.json
npm notice 9.5kB scripts/auto-open-herdr-tabs.mjs
npm notice 12.9kB scripts/cli.mjs
npm notice 1.1kB scripts/cmux-node-launcher.sh
npm notice 841B scripts/cmux-siderail.mjs
npm notice 28.2kB scripts/file-preview.mjs
npm notice 553B scripts/git-state-coordinator.mjs
npm notice 2.0kB scripts/node-launcher.sh
npm notice 22.5kB scripts/open-herdr-panel.mjs
npm notice 238B scripts/open-herdr-panel.sh
npm notice 903B scripts/resize-herdr-sidebar.mjs
npm notice 69.2kB scripts/siderail.mjs
npm notice 407B scripts/temporary-copy-cleaner.mjs
npm notice 4.5kB scripts/uninstall-herdr-plugin.mjs
npm notice 969B siderail.config.example.json
npm notice 2.3kB src/cmux-context-watch.mjs
npm notice 21.9kB src/cmux-context.mjs
npm notice 15.8kB src/cmux-preview-lifecycle.mjs
npm notice 2.8kB src/cmux-resume.mjs
npm notice 13.9kB src/config.mjs
npm notice 716B src/debug-log.mjs
npm notice 3.3kB src/diff-view.mjs
npm notice 2.1kB src/direct-file-open.mjs
npm notice 6.0kB src/files-view-model.mjs
npm notice 2.6kB src/fixture.mjs
npm notice 17.3kB src/git-invalidation.mjs
npm notice 6.8kB src/git-parsers.mjs
npm notice 23.9kB src/git-provider.mjs
npm notice 27.4kB src/git-state-client.mjs
npm notice 18.5kB src/git-state-coordinator.mjs
npm notice 19.1kB src/git-state-identity.mjs
npm notice 22.4kB src/git-state-protocol.mjs
npm notice 9.2kB src/git-state-runtime.mjs
npm notice 1.4kB src/git-watch.mjs
npm notice 6.7kB src/herdr-context-watch.mjs
npm notice 4.1kB src/herdr-context.mjs
npm notice 2.0kB src/herdr-layout.mjs
npm notice 6.7kB src/herdr-pane-state.mjs
npm notice 642B src/herdr-plugin-pane.mjs
npm notice 5.7kB src/herdr-socket.mjs
npm notice 2.0kB src/host-identity.mjs
npm notice 7.6kB src/host-setup.mjs
npm notice 4.7kB src/install-watch.mjs
npm notice 3.9kB src/model.mjs
npm notice 372B src/node-version.mjs
npm notice 5.8kB src/preview-pane-lifecycle.mjs
npm notice 12.1kB src/preview-provider.mjs
npm notice 2.4kB src/preview-search.mjs
npm notice 7.2kB src/process.mjs
npm notice 3.4kB src/rail-state-client.mjs
npm notice 7.5kB src/rail-target.mjs
npm notice 9.4kB src/refresh-scheduler.mjs
npm notice 4.3kB src/repository-client.mjs
npm notice 10.1kB src/repository-engine.mjs
npm notice 14.2kB src/shared-rail-runtime.mjs
npm notice 6.3kB src/temporary-copy-retention.mjs
npm notice 21.3kB src/terminal-ui.mjs
npm notice 4.8kB src/theme.mjs
npm notice 1.1kB src/tui-format.mjs
npm notice Tarball Details
npm notice name: siderail
npm notice version: 0.2.0
npm notice filename: siderail-0.2.0.tgz
npm notice package size: 155.0 kB
npm notice unpacked size: 594.4 kB
npm notice shasum: c84d8ad213f22d642bb3fe79d38f3c05bdd51bb8
npm notice integrity: sha512-rtzVA5zLtMzVO[...]VRqTyu3RL+tLg==
npm notice total files: 67
npm notice
npm notice
npm notice 📦  siderail@0.2.1
npm notice Tarball Contents
npm notice 3.9kB CHANGELOG.md
npm notice 1.1kB LICENSE
npm notice 21.3kB README.md
npm notice 15.5kB docs/CMUX.md
npm notice 8.3kB docs/INSTALLATION.md
npm notice 4.6kB docs/THEMING.md
npm notice 9.4kB docs/TROUBLESHOOTING.md
npm notice 1.9kB herdr-plugin.toml
npm notice 2.8kB package.json
npm notice 9.5kB scripts/auto-open-herdr-tabs.mjs
npm notice 12.9kB scripts/cli.mjs
npm notice 1.1kB scripts/cmux-node-launcher.sh
npm notice 841B scripts/cmux-siderail.mjs
npm notice 28.2kB scripts/file-preview.mjs
npm notice 553B scripts/git-state-coordinator.mjs
npm notice 2.0kB scripts/node-launcher.sh
npm notice 22.5kB scripts/open-herdr-panel.mjs
npm notice 238B scripts/open-herdr-panel.sh
npm notice 903B scripts/resize-herdr-sidebar.mjs
npm notice 69.2kB scripts/siderail.mjs
npm notice 407B scripts/temporary-copy-cleaner.mjs
npm notice 4.5kB scripts/uninstall-herdr-plugin.mjs
npm notice 969B siderail.config.example.json
npm notice 2.3kB src/cmux-context-watch.mjs
npm notice 21.9kB src/cmux-context.mjs
npm notice 15.8kB src/cmux-preview-lifecycle.mjs
npm notice 2.8kB src/cmux-resume.mjs
npm notice 13.9kB src/config.mjs
npm notice 716B src/debug-log.mjs
npm notice 3.3kB src/diff-view.mjs
npm notice 2.1kB src/direct-file-open.mjs
npm notice 6.0kB src/files-view-model.mjs
npm notice 2.6kB src/fixture.mjs
npm notice 17.3kB src/git-invalidation.mjs
npm notice 6.8kB src/git-parsers.mjs
npm notice 23.9kB src/git-provider.mjs
npm notice 27.4kB src/git-state-client.mjs
npm notice 18.5kB src/git-state-coordinator.mjs
npm notice 19.1kB src/git-state-identity.mjs
npm notice 22.4kB src/git-state-protocol.mjs
npm notice 9.2kB src/git-state-runtime.mjs
npm notice 1.4kB src/git-watch.mjs
npm notice 6.7kB src/herdr-context-watch.mjs
npm notice 4.1kB src/herdr-context.mjs
npm notice 2.0kB src/herdr-layout.mjs
npm notice 6.7kB src/herdr-pane-state.mjs
npm notice 642B src/herdr-plugin-pane.mjs
npm notice 5.7kB src/herdr-socket.mjs
npm notice 2.0kB src/host-identity.mjs
npm notice 7.6kB src/host-setup.mjs
npm notice 4.7kB src/install-watch.mjs
npm notice 3.9kB src/model.mjs
npm notice 372B src/node-version.mjs
npm notice 5.8kB src/preview-pane-lifecycle.mjs
npm notice 12.1kB src/preview-provider.mjs
npm notice 2.4kB src/preview-search.mjs
npm notice 7.2kB src/process.mjs
npm notice 3.4kB src/rail-state-client.mjs
npm notice 7.5kB src/rail-target.mjs
npm notice 9.4kB src/refresh-scheduler.mjs
npm notice 4.3kB src/repository-client.mjs
npm notice 10.1kB src/repository-engine.mjs
npm notice 14.2kB src/shared-rail-runtime.mjs
npm notice 6.3kB src/temporary-copy-retention.mjs
npm notice 21.3kB src/terminal-ui.mjs
npm notice 4.8kB src/theme.mjs
npm notice 1.1kB src/tui-format.mjs
npm notice Tarball Details
npm notice name: siderail
npm notice version: 0.2.1
npm notice filename: siderail-0.2.1.tgz
npm notice package size: 155.0 kB
npm notice unpacked size: 594.4 kB
npm notice shasum: e1ae83919578fd350d7b4960ee19bdc73196e41d
npm notice integrity: sha512-WZOtAcZ0HBRJy[...]GR3ImGtB+d/CQ==
npm notice total files: 67
npm notice
siderail-0.2.0.tgz: 67 files, sha256 ccf0180fbe8f09aad1ad8aacb860eb54fd2bce3a6990906bffed1bf08005d87f

== install 0.2.0 globally into a private prefix

== start a private Herdr server

== siderail setup registers both hosts and keeps other Dock controls
Herdr: linked plugin siderail
  Open it with: herdr plugin action invoke siderail.open-siderail
  Bind a toggle key with command "siderail.toggle-siderail" (see the README)
cmux: added the SideRail Dock control in /private/tmp/srn.RIiNVK/home/.config/cmux/dock.json
  New Docks pick it up automatically; use cmux's Dock config reload for an open Dock.
  A project's own .cmux/dock.json takes precedence over this global control.
repeated setup changed nothing

== the Dock launchers run the installed rail
installed demo rendered through the cmux launcher

== a rail auto-opens in a Git workspace from the npm install
rail w1:p2 runs from /private/tmp/srn.RIiNVK/prefix/lib/node_modules/siderail

== upgrade to 0.2.1 in place while the rail is open
rail w1:p2 restarted in place on 0.2.1

== toggle closes the upgraded rail and opens a new one
rail reopened as w1:p3

== a rail whose launcher alone is killed exits instead of lingering
rail 50235 exited after its launcher 50225 was killed

== siderail uninstall removes only this install's registrations
Herdr: unlinked siderail; closed 1 verified SideRail pane(s)
cmux: removed the SideRail Dock control from /private/tmp/srn.RIiNVK/home/.config/cmux/dock.json
no process from the install remains
kept ~/.local/state/siderail/releases/0.2.0/7887a1c59195b94a220c138557ab8be3e57baf69/package/siderail-0.2.0.tgz

npm install lifecycle passed for 7887a1c59195b94a220c138557ab8be3e57baf69 with herdr 0.9.1, v24.19.0, npm 11.17.0
