
> siderail@0.2.0 check
> npm run lint && npm run test:coverage


> siderail@0.2.0 lint
> node scripts/lint.mjs && eslint . && knip --include exports


> siderail@0.2.0 test:coverage
> node --test --test-concurrency=1 --experimental-test-coverage --test-coverage-include='src/**/*.mjs' --test-coverage-lines=95 --test-coverage-branches=86 --test-coverage-functions=95 test/*.test.mjs

✔ tab creation uses the event tab instead of the globally focused tab (0.966292ms)
✔ startup reconciliation chooses one non-SideRail pane per tab (0.304167ms)
✔ event reconciliation filters to the created tab (0.074333ms)
✔ legacy layout-staging tabs never trigger auto-open (0.051167ms)
✔ bounded sweep caps workers and preserves mixed partial results (0.826792ms)
✔ bounded sweep does not dequeue work after its global deadline (0.1155ms)
✔ bounded sweep cancels every target when the deadline has already expired (0.08475ms)
✔ bounded sweep reports both active and queued jobs as deadline-cancelled (0.140292ms)
✔ auto-open target gives its process group the remaining deadline and recovery grace (1.902666ms)
✔ the global auto-open deadline starts before Herdr discovery (4.109416ms)
✔ only user configuration can disable automatic Herdr opening (2.9055ms)
✔ non-Git legacy labels never authorize closing a user pane (197.241584ms)
✔ Herdr launch keeps plugin code rooted while passing the selected repository explicitly (285.798333ms)
✔ help and version need no host (6.099375ms)
✔ unknown commands and hosts fail with usage (2.221125ms)
✔ setup with no host registers every detected host (3.774459ms)
✔ setup skips missing hosts, and fails when none is found (3.651666ms)
✔ cmux is detected from PATH or the macOS application (3.931917ms)
✔ setup reports a moved Herdr link and an updated Dock control (1.704042ms)
✔ status reports each host, including stale and missing registrations (5.197291ms)
✔ uninstall removes only registrations that belong to this install (4.006875ms)
✔ explicit cmux uninstall removes a control from another install (1.549292ms)
✔ Herdr failures other than a missing executable propagate (0.770417ms)
✔ the installed bin runs through a symlink and reports errors on stderr (111.68975ms)
✔ the bin exits cleanly when its reader closes the pipe early (210.953708ms)
✔ uninstall unlinks only the plugin id it verified, whatever HERDR_PLUGIN_ID says (1.493333ms)
✔ default uninstall recognizes this install's control at a quoted path and leaves a quoted foreign one (3.856ms)
✔ target pins the caller's tab to an open worktree and --follow releases it (3.935875ms)
✔ target lists worktrees as JSON for agents (1.613917ms)
✔ target rejects unknown worktrees, tabs, and ambiguous arguments (1.724917ms)
✔ cmux context events are scoped to the Dock owner window (0.562542ms)
✔ cmux context watcher decodes chunked events and closes its child (1.435375ms)
✔ cmux context watcher tolerates an unavailable stream without an error observer (0.358959ms)
✔ an unscoped watcher accepts every window while events without a window are never dropped (0.058458ms)
✔ an event payload window overrides nothing when the frame already names another window (0.052ms)
✔ closing a cmux context watcher twice kills its child exactly once (0.28475ms)
✔ a clean cmux event stream exit is not an error but still reports the lost stream (0.682ms)
✔ an unrequested cmux event stream failure reports both the error and the lost stream (0.292417ms)
✔ closing a cmux context watcher deliberately reports neither an error nor a lost stream (0.260625ms)
✔ a cmux context watcher without a close observer still tolerates an exit (0.225042ms)
✔ cmux executable selection prefers an explicit override and then the bundled CLI (0.648167ms)
✔ cmux Dock control ownership is keyed by its own surface, not the workspace it follows (7.596125ms)
✔ cmux Dock control registration rejects incomplete, missing, malformed, and mismatched ownership (4.982208ms)
✔ cmux Dock control registration follows a live surface across workspace changes (1.71025ms)
✔ cmux Dock registration liveness requires the recorded process (0.170375ms)
✔ a reused process id cannot revive a version 3 registration (0.090458ms)
✔ a markerless version 3 record is invalid rather than silently process-id only (1.683709ms)
✔ registration fails rather than writing a version 3 record without a start marker (0.634ms)
✔ the process start marker is read in a fixed locale and zone (0.227916ms)
✔ the process start marker rejects a row that belongs to another process (0.349875ms)
✔ main workspace selection never treats the SideRail Dock surface as its source surface (0.087834ms)
✔ cmux context resolves live main-area cwd while preserving every Dock identity (0.903375ms)
✔ cmux context falls back to the configured project cwd when discovery fails (0.172708ms)
✔ cmux context can resolve an older caller-scoped workspace without a window id (0.763791ms)
✔ cmux context remains anchored to its owner window when global focus moves (0.246083ms)
✔ cmux context recovers the selected project from the focused surface when workspace cwd is stale (0.343417ms)
✔ cmux context pins a valid main-surface launch folder when Dock activity contaminates workspace cwd (0.310917ms)
✔ cmux context never substitutes the SideRail Dock cwd for a missing selected project (0.176416ms)
✔ Dock owner window is discovered from the Dock's own surface when cmux reports no caller (0.129166ms)
✔ Dock owner window discovery is skipped without a surface of its own (0.041834ms)
✔ Dock owner window falls back to a live window hint before the global-Dock workspace convention (0.094416ms)
✔ cmux context resolves the Dock-owning window when identify has no caller and focus is elsewhere (0.625125ms)
✔ cmux context never resolves the focused window's project for a Dock owned by another window (0.31425ms)
✔ cmux context reuses a cached owner window without repeating Dock discovery (0.259875ms)
✔ cmux context still resolves a project when Dock owner discovery fails outright (0.256458ms)
✔ a checked-out candidate outranks an existing but unversioned directory (0.131834ms)
✔ no checked-out candidate keeps the first existing directory rather than an unusable path (0.091209ms)
✔ repository detection accepts a linked worktree whose .git is a file (2.034334ms)
✔ cmux Dock control state paths cannot escape the SideRail cache directory (1.562416ms)
✔ cmux Dock control lookup ignores another control's record for the same surface (2.361458ms)
✔ cmux Dock control lookup prefers the current workspace and then the newest record (2.112917ms)
✔ a main surface launched from home does not outrank the workspace's checked-out project (0.186625ms)
✔ a legacy record is migrated forward and its duplicates for the same surface are removed (3.54275ms)
✔ a version 3 record is preferred without ever scanning legacy records (1.437125ms)
✔ a failed migration still returns the legacy record rather than losing the control (1.144417ms)
✔ legacy selection prefers the current workspace and then the newest record (9.171459ms)
✔ a dead process never causes a record to be pruned, so relaunch can still find its Dock (1.543542ms)
✔ a registration landing mid-migration is never clobbered by the legacy record (2.444375ms)
✔ concurrent migrations of one legacy record agree on a single canonical winner (6.15775ms)
✔ manual launch creates one unfocused Dock terminal and reveals Dock without stealing focus (2.939791ms)
✔ manual launch adopts an existing SideRail Dock surface instead of duplicating it (0.886417ms)
✔ manual launch recognizes its configured Dock caller identity even with cmux's startup wrapper (0.437333ms)
✔ manual launch can coexist with an unrelated configured Dock control (0.315417ms)
✔ manual launch adopts a registered configured SideRail control (0.386292ms)
✔ manual launch finds an active configured control after the main workspace changes (0.311ms)
✔ manual launch reuses a registered post-q login shell (0.399833ms)
✔ manual launch waits for a starting configured control to register (0.319375ms)
✔ manual launch adopts a Dock surface with an exposed SideRail control id (0.29875ms)
✔ manual launch fails closed without a selected main workspace or Dock response (0.528333ms)
✔ Dock relaunch command restates variables and quotes shell metacharacters (0.159875ms)
✔ relaunching an existing Dock surface restores the owner window and project directory (1.027167ms)
✔ a relaunched Dock surface receives exactly the environment a created one does (0.456ms)
✔ a Dock launch without a resolvable owner window omits the window variable rather than guessing (0.301125ms)
✔ a relaunch decision awaits an asynchronous liveness verdict (0.269458ms)
✔ an active registration is still adopted rather than relaunched (0.260292ms)
✔ clean rows open an exact read-only materialization in cmux's native file viewer (8.728834ms)
✔ changed rows open their exact selected revision in cmux's native file viewer (2.395ms)
✔ missing main surface falls back within the explicit workspace without inheriting the Dock surface (2.431583ms)
✔ Dock surface is never closed from stale cmux native-preview state (2.019417ms)
✔ foreign type is never closed from stale cmux native-preview state (1.76825ms)
✔ foreign id is never closed from stale cmux native-preview state (2.039417ms)
✔ a missing stale surface releases its retained native-file materialization (2.676417ms)
✔ each open adds a new native tab and stable ownership survives Dock surface rotation (3.125958ms)
✔ stable control ownership migrates legacy surface-keyed preview state (2.538333ms)
✔ replacement-era ownership migrates without closing its native tabs (2.143167ms)
✔ unreadable legacy ownership is reported without blocking a new preview (1.831166ms)
▶ native identity names the actual bytes for clean and deletion fallbacks
  ✔ clean Files row (1.646667ms)
  ✔ staged deletion (1.56075ms)
  ✔ commit deletion (2.324834ms)
  ✔ unstaged worktree (2.017208ms)
  ✔ untracked worktree (1.473083ms)
  ✔ against-base revision (1.405ms)
  ✔ against-base worktree fallback (1.359292ms)
  ✔ selected commit revision (1.353667ms)
  ✔ filesystem worktree (1.320542ms)
✔ native identity names the actual bytes for clean and deletion fallbacks (15.078209ms)
✔ transient discovery failures retain open tabs and later prune only closed tabs (4.525833ms)
✔ malformed ownership is ignored while an unreadable ownership path fails before cmux mutation (2.217916ms)
✔ ownership write failure closes the new native surface and removes its materialization (1.438458ms)
✔ ownership failure reports failed compensation without hiding either error (1.281833ms)
✔ malformed native open responses fail and remove prepared files (1.692833ms)
✔ partial native open reports failed close compensation (1.405666ms)
✔ a failed native file-open command removes the prepared materialization (1.2465ms)
✔ direct file-open payloads and fallback filenames remain supported (2.106625ms)
✔ stale preview inspection failures are warnings and retain the old materialization (2.007167ms)
✔ a cleanup-state rewrite failure remains a warning after verified cleanup (1.561917ms)
✔ stale state can never remove a materialization outside SideRail's cache (2.266458ms)
✔ cmux preview requires a resolved main workspace (0.329792ms)
✔ surface ownership requires exact id, native panel type, and main-area scope (0.190709ms)
✔ a native open that returns no surface identity removes its materialization and fails (1.308583ms)
✔ an unreadable materialization target is cleaned up rather than left half written (0.748042ms)
✔ preview ownership survives a cache directory that does not exist yet (1.667333ms)
✔ a preview state path is confined to the SideRail cache for hostile identities (0.393125ms)
✔ cmux Dock restart command preserves absolute paths with shell metacharacters (0.553667ms)
✔ cmux Dock restart command restates the host environment a resume binding cannot store (0.10025ms)
✔ cmux Dock resume registration is scoped to its window and surface (0.66475ms)
✔ cmux Dock resume registration ignores foreign and incomplete controls (0.083375ms)
✔ cmux Dock resume registration survives a restore that dropped the owner window id (0.155292ms)
✔ cmux Dock resume registration reports a retained manual approval (0.084833ms)
✔ live pane owns the single product title (3.3585ms)
✔ Herdr opens SideRail for restored and newly created tabs (0.498292ms)
✔ Herdr exposes a current-tab SideRail toggle action (0.309833ms)
✔ file previews open in a dedicated Herdr tab (0.634792ms)
✔ cmux previews use native file tabs without changing the Herdr preview (0.719334ms)
✔ preview scrolling repaints in place without clearing the screen (0.517917ms)
✔ manual refresh confirmation is transient (0.342ms)
✔ configuration validates version, launch mode, and refresh bounds (0.928708ms)
✔ the shipped example is governed by runtime validation alone (0.701541ms)
✔ configuration requires a version and rejects nested unknown keys (0.2535ms)
✔ viewer actions resolve conditionally by selected filename (0.536667ms)
✔ viewer executable preflight detects commands without invoking them (2.032042ms)
✔ installed Markdown rules bypass the generic preview only when system open is directly usable (1.196ms)
✔ configuration rejects mistyped structured values (0.13925ms)
✔ user configuration merges by key and environment wins (2.481208ms)
✔ an explicit Glow TUI rule is preserved (1.521834ms)
✔ environment overrides do not mutate built-in defaults (0.911166ms)
✔ editor integration is optional and EDITOR remains a fallback (0.918625ms)
✔ invalid environment overrides report errors without replacing valid defaults (0.958666ms)
✔ out-of-range polling overrides preserve a user interval (1.710709ms)
✔ structured file diff removes Git plumbing and tracks both line numbers (1.357667ms)
✔ structured file diff preserves meaningful file metadata (0.09675ms)
✔ structured file diff parses combined conflict hunks (0.216166ms)
✔ diff rows neutralize repository-controlled terminal sequences (0.25275ms)
✔ structured diff parsing strips Git color without losing hunk semantics (0.080208ms)
✔ clean Markdown opens its worktree path directly with the system application (4.356542ms)
✔ historical Markdown opens an exact read-only copy and schedules its cleanup (123.769917ms)
✔ a failed system open removes its temporary copy (2.049333ms)
✔ security policy directs reports to the repository's private reporting channel (3.721584ms)
✔ documentation states the eventual refresh and user-only configuration contracts (1.514125ms)
✔ public installation and release evidence instructions enforce the candidate gates (1.003291ms)
✔ the default local check enforces coverage (0.30325ms)
✔ cmux documentation and project Dock config describe the supported right-sidebar host (1.709708ms)
✔ live release cleanup is isolated from the operator's Herdr installation (0.227792ms)
✔ sealed release logs are not hidden by the general log ignore (0.206584ms)
✔ sealed evidence is excluded from later archives and preserves terminal bytes (0.387ms)
✔ the Docker Linux worker pins a checksummed Herdr and is part of the release runbook (0.758667ms)
✔ search folder state uses one bounded scope and row signatures reflect content (1.057542ms)
✔ folder collapse keys cover every tree ancestor and grouped folder (0.548125ms)
✔ folder expansion survives an ancestor collapse while newly discovered descendants start collapsed (0.093209ms)
✔ tree rows retain enough ancestry to distinguish siblings from nested children (7.278542ms)
✔ 20k-path files model materializes only the viewport at supported widths (173.839875ms)
✔ metadata filtering is dependency-specific and conservative when unhealthy (0.767334ms)
✔ ignored noise uses one NUL-safe batch and caches exact paths (3.287125ms)
✔ tracked paths, tracked directory renames, and submodule children bypass ignores (0.359666ms)
✔ own and sibling indexes are distinct for primary and linked worktrees (0.244542ms)
✔ ignore/index/config changes invalidate classification without discarding tracked ignores (0.692958ms)
✔ unknown names, external paths, directory mode, and provider errors recover conservatively (0.319125ms)
✔ classification failure and a generation change during classification never drop work (0.364042ms)
✔ close cancels pending work and drops in-flight classifier completions (0.532667ms)
✔ bounded ignore LRU promotes true and false hits and conservatively reclassifies evicted paths (0.561209ms)
✔ ignore cache rejects invalid capacities and bounds a batch larger than its capacity (0.916709ms)
✔ ls-files stage parser retains hidden worktree-presence flags (1.514625ms)
✔ commit machine formats preserve control characters and unambiguous paths (0.344875ms)
✔ porcelain v2 parser preserves spaces, tabs, unicode, renames, and conflicts (0.152375ms)
✔ combined raw and numstat output preserves metadata, stats, and unusual paths (0.255542ms)
✔ a silent handshake expires and close settles without an abandoned connection (52.283042ms)
✔ initial connection sends exactly one repository subscription (1.638209ms)
✔ blocked client controls wait for drain and then flush in order (7.792167ms)
✔ blocked client controls enforce the count bound and release pending requests (11.809625ms)
✔ blocked client controls enforce the bytes bound and release pending requests (13.88525ms)
✔ disconnect retains stale state and retries beyond a failed connection window (104.419833ms)
✔ a coordinator that never drains is disconnected at the blocked-write deadline (22.446ms)
✔ unanswered requests time out and do not make unsubscribe or client close hang (43.167541ms)
✔ closing before connect finishes destroys the arriving socket and suppresses state (0.418917ms)
✔ an initial retry keeps a standalone process alive until ready settles (89.943041ms)
✔ an independent Node client connects successfully after its initial refusal (74.908791ms)
✔ coordinator transport drains controls in order and enforces blocked-write bounds (7.362ms)
✔ eight socket clients share one engine build and one edit build (30.859333ms)
✔ a disconnected client resubscribes and maps a restarted engine to a fresh local generation (13.847417ms)
✔ host refresh suppresses unchanged context and reconnect follows a moved rail terminal (46.526875ms)
✔ a non-repository engine migrates to the Git identity when a late client joins (269.713542ms)
✔ relocated Git metadata gets a distinct engine instead of relabeling an active context (653.569125ms)
✔ an unencodable snapshot is typed and remains non-shareable for that engine key (2.044917ms)
✔ atomic launch claims allow one child and reclaim a dead owner (38.656792ms)
✔ the thin launcher starts one real daemon and records its complete lifecycle (3025.227708ms)
✔ a client that disconnects while its repository identity resolves leaves the coordinator idle (12.717375ms)
✔ a repository subscription closed while it starts is never registered (23.919583ms)
✔ effective Git environment is deterministic, conservative, and excludes resolved SideRail inputs (0.997708ms)
✔ Git executable identity resolves PATH to canonical file identity (5.019ms)
✔ code fingerprint covers canonical checkout path, runtime paths, and bytes (10.960667ms)
✔ coordinator namespace separates user, host session, code, and Git-impact environment (1.478542ms)
✔ effective runtime semantics include immutable environment overrides only (0.205167ms)
✔ private runtime paths are mode 0700, short, stable, and do not claim the lease (2.629917ms)
✔ unsafe configured runtime directories and symlinks are never used (1.33525ms)
✔ repository identity shares subdirectories and resolves a relative alternate index from worktree root (158.726667ms)
✔ linked worktrees have distinct per-worktree Git dirs and one common Git dir (154.045584ms)
✔ ordinary non-repositories use canonical filesystem identity (29.505167ms)
✔ missing executables and ambiguous environment values fail explicitly (0.325541ms)
✔ malformed namespace inputs cannot collapse incompatible coordinators (0.364125ms)
✔ runtime paths reject wrong ownership, inaccessible filesystems, and excessive socket lengths (0.2435ms)
✔ executable and code identity failures are typed instead of borrowing another context (0.314ms)
✔ ambiguous repository responses fail before a potentially incorrect shared snapshot (0.275791ms)
✔ only Git's own exit marks a directory as outside Git (2.488042ms)
✔ snapshot codec preserves only the schema-declared Map and own-property presence (1.743583ms)
✔ snapshot codec preserves an empty commit path Map (0.107084ms)
✔ snapshot codec rejects arbitrary Maps, cycles, tags, and forged undefined paths (0.39275ms)
✔ four-byte framing handles split headers, split payloads, and multiple frames (0.368084ms)
✔ frame decoder rejects oversize, malformed, and truncated frames and can reset (0.149667ms)
✔ frame encoder enforces the caller-selected bound (0.092167ms)
✔ client validator accepts typed repository and host requests (0.298833ms)
✔ validators reject unknown fields and command or environment injection (0.125583ms)
✔ server validator accepts encoded repository and exact host deliveries (0.268833ms)
✔ typed wire messages reject malformed scalar fields and contradictory responses (0.821542ms)
✔ snapshot schema rejects forged Maps and restores nested undefined without prototype mutation (0.511833ms)
✔ framing rejects invalid limits, unserializable messages, and zero-length frames (0.303708ms)
✔ runtime namespace follows immutable env overrides while config-file edits stay in one namespace (33.31925ms)
✔ process start identity uses an absolute system command independent of PATH (0.758875ms)
✔ runtime rejects mismatched identity and lost launch leases before binding (1.089917ms)
✔ runtime owns signal, coordinator, socket, owner, and lease cleanup (6.686208ms)
✔ process identity rejects unsupported and empty results (0.141625ms)
✔ idle shutdown rechecks new clients, and listen failures release owned resources (8.8895ms)
✔ shutdown errors reject completion and a changed lease is never removed (10.341417ms)
✔ cwd-dependent executable and config environments explicitly remain in process (0.2665ms)
✔ an asynchronous watcher error closes only that watcher and reaches recovery (0.51825ms)
✔ the release witness can isolate the recovery poll from filesystem watchers (0.087459ms)
✔ git watcher resolves and deduplicates per-worktree and common git directories (2.067542ms)
✔ git watcher never runs Git for an empty repository root (0.091791ms)
✔ session snapshot uses one documented socket request (1.231541ms)
✔ one source shares its initial snapshot and publishes semantic changes only (0.697375ms)
✔ concurrent refresh requests queue one follow-up without overlapping snapshots (2.450208ms)
✔ fallback cadence is one snapshot per completed interval and stops without subscribers (1.531625ms)
✔ snapshot failure is explicit, retains no false context, and schedules retry (0.25175ms)
✔ a listener failure is isolated from other subscribers and future polling (0.144666ms)
✔ default host source uses the socket and its timer without launching a CLI (58.916375ms)
✔ host response validation fails explicitly and inactive queued refreshes settle (0.317ms)
✔ content selection follows each tab's focused pane and ignores SideRail panes (0.910083ms)
✔ live cwd resolution is scoped to the rail's own tab (0.630375ms)
✔ a focused SideRail Demo never becomes the main rail's content source (0.062083ms)
✔ a stored SideRail Demo source is discarded in favor of real tab content (0.110625ms)
✔ a moved rail resolves cwd from its current workspace instead of its launch workspace (0.150125ms)
✔ snapshot context follows a moved rail by terminal identity and reports visibility (0.149792ms)
✔ snapshot context distinguishes hidden and no-content rails (0.086792ms)
✔ configured sidebar width shrinks a new right split to exact columns (0.585375ms)
✔ configured width never takes more than half a narrow split (0.087417ms)
✔ configured width respects Herdr's minimum split ratio (0.04625ms)
✔ sidebar resize uses Herdr layout and pane APIs without changing focus (0.561833ms)
✔ orphaned pane locks are recovered instead of suppressing auto-open (8.0515ms)
✔ a live lock cannot be age-evicted or released by an earlier owner (105.697458ms)
✔ an orphaned reclaimer cannot permanently wedge a pane lock (4.789833ms)
✔ current and older-spelling rails are adopted, deduplicated, and never reopened from themselves (4.63025ms)
✔ toggle closes only the verified SideRail rail and clears its tab state (2.161333ms)
✔ toggle opens a rail when the current tab has none (2.085375ms)
✔ automatic ensure uses a safe outer-right split without layout staging (2.518584ms)
✔ legacy rails are replaced at the right edge using the tab-focused source cwd (2.059ms)
✔ legacy migration open failure retains the verified legacy rail (1.476167ms)
✔ automatic ensure adopts a middle rail without rearranging user panes (1.95875ms)
✔ rightmost placement is independent of pane listing order (0.1205ms)
SideRail open skipped tab w1:t1 because an outer-right split is not safe
✔ automatic ensure skips an unsafe vertical layout without staging or opening (1.904208ms)
SideRail open skipped tab w1:t1 because an outer-right split is not safe
✔ manual open also skips an unsafe vertical layout without rearranging user panes (1.475834ms)
SideRail open skipped tab w1:t1 because an outer-right split is not safe
✔ manual open retains an existing verified rail when replacement is unsafe (1.352958ms)
✔ manual replace retargets an existing rail while ensure adopts it (2.148667ms)
✔ replacement open failure retains the existing verified rail (1.478083ms)
✔ replace compensates the new pane when the owned rail cannot close (1.5815ms)
✔ zoomed tabs are unzoomed for replacement and restored afterward (2.099958ms)
✔ SideRail Demo panes use entrypoint-specific identity instead of accumulating (1.911791ms)
✔ a SideRail Demo pane cannot become the main rail's content source (1.5405ms)
✔ a user pane renamed like SideRail is never treated as plugin-owned (2.47575ms)
✔ ownership inspection failure aborts instead of opening a duplicate rail (1.431ms)
✔ an invalid plugin-open pane id is never moved into the target tab (1.843167ms)
✔ closed-tab cleanup removes state and orphan locks only for that tab (2.134542ms)
✔ verified orphan plugin panes fall back to generic close only for plugin_pane_not_found (1.006ms)
✔ other plugin close failures never broaden into generic pane closure (0.795958ms)
✔ requestHerdr sends NDJSON and returns the matching result (4.978792ms)
✔ subscribeHerdr preserves pushed event order after its acknowledgement (1.772167ms)
✔ event names normalize from emitted snake_case to subscription dot notation (0.104083ms)
✔ requestHerdr surfaces structured server errors (1.331042ms)
✔ a timed-out event wait does not consume the next event (12.389667ms)
▶ invalid and oversized response lines reject without crashing the process
  ✔ invalid JSON (1.322541ms)
  ✔ oversized complete line (0.981459ms)
✔ invalid and oversized response lines reject without crashing the process (2.568333ms)
✔ a cmux Dock never inherits Herdr workspace, pane, or tab identity (1.3045ms)
✔ a cmux Dock without a project cwd falls back to its own directory, never a Herdr one (0.0865ms)
✔ a Herdr pane never inherits cmux Dock identity (0.105708ms)
✔ Herdr identity prefers explicit overrides, then plugin context, then ambient variables (0.072042ms)
✔ an explicit repo root still overrides a cmux Dock project directory (0.048042ms)
✔ a malformed or non-object Herdr plugin context degrades to no context (0.081916ms)
✔ blank and whitespace-only host variables are treated as absent (0.056709ms)
✔ an unknown host is treated as Herdr rather than granting Dock identity (0.048ms)
✔ package info comes from the install's own package.json (0.765417ms)
✔ Herdr setup links once, is idempotent, and moves a stale local link (0.762709ms)
✔ Herdr setup refuses to replace a GitHub-managed install and rejects malformed listings (0.374ms)
✔ Herdr plugin lookup normalizes unexpected field types (0.099625ms)
✔ Herdr ownership check only accepts a local link at this install (0.171625ms)
✔ the Dock control quotes install paths for cmux's login shell (0.657709ms)
✔ the global Dock config lives under HOME (0.129833ms)
✔ cmux setup creates, preserves, updates, and removes only its own control (3.592042ms)
✔ cmux setup never overwrites an unrelated control or malformed config (2.187875ms)
✔ cmux config read errors other than a missing file surface (1.438917ms)
✔ only the exact generated command is recognized as a SideRail control (2.5835ms)
✔ an install path containing a quote round-trips through setup and uninstall (2.623458ms)
✔ a swapped install is reported only after its tree settles across two ticks (4.666708ms)
✔ the cmux launch waits for its own bootstrap, not only the rail it imports (3.239625ms)
✔ an empty source tree or a directory in place of an entrypoint is not ready (3.674333ms)
✔ files changing inside a stable checkout never trigger a restart (1.754292ms)
✔ a rail whose launcher died is reported orphaned instead of lingering (1.512042ms)
✔ an explicit launch identity is the baseline, so an early swap is still detected (1.722125ms)
✔ launch entrypoints include the launched script inside the install and always the rail (0.564541ms)
✔ the launch context is captured from this package when the module loads (0.137ms)
✔ the default timer is real and unreferenced (1.599458ms)
✔ worktree presence validation checks only candidates and stops at its budget (1.4255ms)
✔ fixture state is derived by the production provider (426.57775ms)
✔ linked worktrees report the common repository name separately from the branch (297.635041ms)
✔ provider resolves branch Git config after explicit bases and validates it as a commit (1820.805167ms)
✔ live branch switches reload configured bases and keep stale local main clean (1963.050667ms)
✔ Files projection follows real committed, staged, unstaged, untracked, and recreated paths (1408.366416ms)
✔ inspection leaves HEAD, refs, index, status, and worktree bytes unchanged (1335.400042ms)
✔ refresh and commit details use one exact-copy diff scan per comparison (1165.821792ms)
✔ non-repository directories provide a bounded filesystem Files state (150.691875ms)
✔ configured bases must resolve to commits and never silently fall back (976.761ms)
✔ a configured base with unrelated history never masquerades as a merge base (618.14575ms)
✔ invalid UTF-8 in display-only commit metadata does not hide repository state (774.31075ms)
﹣ non-UTF-8 Git paths fail visibly instead of collapsing identities (0.106875ms) # SKIP
✔ Against Raw uses the same merge base as its diff after branches diverge (1262.242458ms)
✔ staged copy identity and colon-prefixed index paths remain exact (367.2705ms)
✔ exact-revision materialization preserves bounded binary bytes for viewers (81.577958ms)
✔ staged, unstaged, against, commit, untracked, and clean descriptors are independent (529.866ms)
✔ raw preview identifies revisions and rejects escaping symlinks (174.738458ms)
✔ missing worktree content never falls back unless the selected state is deleted (100.170459ms)
✔ provider handles unborn and detached repositories plus unusual renamed paths (1002.780041ms)
✔ rename pathspecs preserve identity in every diff scope (0.222584ms)
✔ rename and copy previews retain Git identity across against, workspace, commit, and staged views (562.785667ms)
✔ commit history and file details use one explicit first-parent comparison (595.507625ms)
✔ untracked text line counts match Git numstat semantics (342.698333ms)
✔ untracked statistics stop at an aggregate inspection budget (381.702625ms)
✔ clean tracked files retain symlink and executable metadata (323.161ms)
✔ unstaged type changes use worktree mode rather than index mode (287.353833ms)
✔ against-base model retains deletion, rename, copy, executable, and symlink metadata (370.405667ms)
✔ unmerged porcelain state remains an explicit conflict in both scopes (463.364417ms)
✔ raw content limits fail safely before reading unbounded data (162.641208ms)
✔ historical and index blobs receive bounded binary and UTF-8 validation without fallback (462.084708ms)
✔ non-regular worktree entries are rejected without opening a blocking stream (26.112666ms)
✔ commit history is bounded while retaining an exact total (8699.312542ms)
✔ submodule gitlinks remain first-class canonical metadata (2899.321625ms)
✔ selection follows the same path when a refresh changes its descriptor (2.694375ms)
✔ Files view combines base-branch diffs with grey unchanged files (7.867541ms)
✔ Files view omits deleted paths but keeps files recreated at the same path (0.142959ms)
✔ Files view omits deleted paths when no base comparison is available (0.06825ms)
✔ Files view omits an indexed addition deleted before its first commit (0.055625ms)
✔ canonical clean files preserve tracked mode metadata (0.111ms)
✔ manifest routes every runtime entrypoint through an absolute shell and launcher (6.650334ms)
✔ launcher accepts an absolute Node executable whose path contains spaces (345.324792ms)
✔ cmux bootstrap preserves an explicit Node executable through a restricted Dock PATH (186.648083ms)
✔ direct cmux bootstrap enters a login shell after SideRail exits (535.566333ms)
✔ launcher rejects missing and unsupported Node before running the target (180.475292ms)
✔ in-process Node version guard rejects unsupported majors (0.38175ms)
✔ launcher reruns a rail from its launch directory after an install-swap restart (243.737083ms)
✔ a restart that fails while the new install settles is retried until it starts (2502.546375ms)
✔ a restart that keeps failing stops after five restarted launches with its own status (4311.281708ms)
✔ a first-run failure and a signal after a restart are never retried (206.630708ms)
✔ launcher does not rerun non-rail entrypoints that exit with the restart status (84.562708ms)
✔ preview state is scoped by workspace, source tab, and entrypoint (2.991833ms)
✔ opening a preview records it, renames its tab, and closes only a verified stale preview (3.980875ms)
✔ reused user pane id is never closed from stale preview state (1.824125ms)
✔ wrong workspace is never closed from stale preview state (1.517041ms)
✔ unrelated process is never closed from stale preview state (1.618833ms)
✔ same-named script from another checkout is never closed from stale preview state (2.01575ms)
✔ inspection failure leaves the old pane open without hiding the successful new preview (1.881458ms)
✔ malformed open response does not overwrite existing preview ownership (1.906167ms)
✔ missing stale panes are discarded without a destructive close (1.531166ms)
✔ open failure preserves stale ownership and rename failure is only a warning (1.876792ms)
✔ post-open state failure closes the new pane and preserves old ownership (1.623916ms)
✔ post-open state failure never closes a foreign pane from a malformed open response (2.385125ms)
✔ an unwritable preview state root fails inside the guarded lifecycle before opening a pane (0.916333ms)
✔ preview search normalizes content once and narrows prior candidates (1.4465ms)
✔ cached search results retain display columns without another position pass (0.323083ms)
✔ preview search restores cached prefixes, handles Unicode, and resets by content (0.142375ms)
✔ preview search bounds query and retained candidate memory (1066.959792ms)
✔ Git status never refreshes the index even when caller options enable optional locks (83.919083ms)
✔ concurrent Git process contexts keep config and index environments isolated (68.785209ms)
✔ process stdout remains text by default and can preserve exact bytes (77.7105ms)
✔ strict process decoding rejects invalid UTF-8 instead of merging byte identities (35.878833ms)
✔ process input can be supplied as exact bytes (38.143625ms)
✔ timeouts settle without waiting for descendants that inherited output pipes (51.47375ms)
✔ timeouts terminate descendants in the command process group (554.11325ms)
✔ abort signals terminate and await the command process group (553.975667ms)
✔ hidden rails retain new snapshots without redraw; showing uses cached state without Git (1.270709ms)
✔ context switches drop late results and no-content state releases the subscription (0.630833ms)
✔ visible age timer is local only and hidden/closed rails cancel it (0.156333ms)
✔ startup failure is visible and closing a pending subscription discards completion (0.132583ms)
✔ commit ages advance from absolute author times without another provider read (0.239958ms)
✔ optional UI hooks can be omitted without breaking the subscription lifecycle (0.234625ms)
✔ sibling worktrees share the workspace's repository, main checkout first (3.338417ms)
✔ a worktree resolves by label, workspace id, or checkout path (1.605917ms)
✔ a pinned target replaces the followed cwd until its checkout disappears (0.246791ms)
✔ target files round-trip per tab and are removed with their tab or workspace (5.33725ms)
✔ a rail sees its target file written and removed (69.787459ms)
✔ a pane's checkout is its root and branch, or says why it is unknown (1.944791ms)
✔ checkouts compare by real path, not spelling (1.900834ms)
✔ dirty bursts coalesce and retain the two-second start cadence (1.844042ms)
✔ a dirty event during a read queues exactly one throttled follow-up (0.325417ms)
✔ a manual request during a read receives one immediate follow-up (0.187125ms)
✔ a due reconciliation covers an already pending dirty event without another read (0.251333ms)
✔ healthy reconciliation and degraded fallback honor maximum jitter bounds (0.721417ms)
✔ runtime interval updates reschedule only when a value changes (0.170875ms)
✔ provider failure retains bounded retry and close aborts owned work (0.474375ms)
✔ a 200,000-event dirty burst retains one deferred, deadline, timer and status update (22.108667ms)
✔ a large mid-read burst captures a newer generation and settles against the follow-up, never the active dirty read (16.725708ms)
✔ coalesced dirty callers share rejection on provider failure and pending close (0.169125ms)
✔ archive member verification rejects local-only and removed artifacts (1.081167ms)
✔ release evidence binds nine hashed local logs to one candidate (13.929375ms)
✔ release evidence rejects failed, stale, mismatched, and malformed local records (8.595542ms)
✔ repository client stamps immutable tokens and drops closed-context deliveries (1.13375ms)
✔ in-process subscription preserves one engine owner and closes it only when requested (1.718459ms)
✔ client close invalidates a subscription whose ready result arrives later (0.716125ms)
✔ real ignored noise and a sibling index do not rebuild the primary worktree (2701.166541ms)
✔ real worktree, index, ref, and configuration mutations match the full provider oracle (18342.803417ms)
✔ real merge, rebase, cherry-pick, revert, bisect, and sibling-ref transitions stay on the oracle (10625.682ms)
✔ quiet reads preserve index bytes and reconciliation repairs failed or replaced watch roots (503.040834ms)
✔ an unborn repository becomes a committed repository through native invalidation (2382.513792ms)
✔ a missing-object provider error retains state and bounded fallback recovers it (2224.018541ms)
✔ reconciliation repairs a silently lost event and a replaced real watch root (3705.070167ms)
✔ an eligible native event meets the production 125 ms / 2 second latency contract (2790.677417ms)
✔ repository engine owns startup, subscriptions, manual refresh, and watcher snapshots (2.941583ms)
✔ watcher-reported degraded health is preserved and reconciliation checks roots first (0.713833ms)
✔ refresh failure retains the last snapshot and later success clears the error (0.776125ms)
✔ provider config changes update the engine reconciliation interval (0.32775ms)
✔ watch invalidation refreshes once and a watcher update failure degrades the delivery (0.287041ms)
✔ watch factory failure degrades state and an initial provider failure rejects ready (0.288958ms)
✔ late subscribers replay current state and close disposes a watcher still starting (0.362834ms)
✔ opt-in engine evidence counts provider builds without logging context paths (5.827625ms)
✔ real provider engines keep simultaneous alternate-index environments isolated (289.294416ms)
✔ watcher bursts attach one rejection handler per dirty batch, including an active-read follow-up (128.382583ms)
✔ release screenshots have the declared dimensions and resolvable source commits (2.772542ms)
✔ state mode is explicit and rejects unknown rollback values (0.754542ms)
✔ only typed identity and snapshot-size failures select explicit fallback (0.072458ms)
✔ namespace semantics follow immutable environment overrides, not mutable config contents (0.5485ms)
✔ delivery localization preserves provider errors and never mutates a shared snapshot (0.557333ms)
✔ bootstrap stays dormant and exposes repository and host subscription seams (1.212833ms)
✔ local config is reloaded for every shared delivery (0.302584ms)
✔ different immutable semantics cannot borrow the first runtime (0.233958ms)
✔ typed identity failure switches one subscription to explicit in-process fallback (0.450666ms)
✔ post-initial oversize signal switches automatically and ignores the old epoch (3.059667ms)
✔ normal shared connection errors remain visible and do not silently fall back (0.331792ms)
✔ close does not wait on a blocked ready or unbounded remote close (10.81425ms)
✔ switching context closes the old subscription before opening the next (0.495167ms)
✔ explicit in-process mode is selected before shared runtime construction (0.097792ms)
✔ real facade and daemon derive one namespace and deliver repository state (1515.76ms)
✔ real in-process fallback remains refreshable and closes its engine (112.278625ms)
✔ manual refresh switches on a typed size failure but preserves ordinary errors (0.642416ms)
✔ facade rejects malformed identities and invalid subscription contracts (0.346916ms)
✔ a wide-ambiguous terminal keeps every row inside the rail width (1921.887ms)
✔ demo snapshot is coherent at 25 columns (494.284625ms)
✔ demo snapshot is coherent at 36 columns (491.115625ms)
✔ demo snapshot is coherent at 52 columns (504.357542ms)
✔ demo snapshot is coherent at 100 columns (506.888125ms)
✔ demo snapshot ignores ambient user configuration and SideRail overrides (482.926917ms)
✔ Files view starts with folders collapsed at 25 columns (890.628166ms)
✔ Files view starts with folders collapsed at 100 columns (1009.743792ms)
✔ production Files repaint materializes only the 20k-path viewport (1879.833125ms)
✔ Files search expands matching paths from collapsed folders for keyboard access (599.240666ms)
✔ a selected folder row is legible instead of muted against the selection (515.5335ms)
✔ keyboard navigation expands an initially collapsed Files folder (843.282375ms)
✔ Changes search includes commit history summaries (595.29525ms)
✔ commit-history search filters expanded commit children (574.967709ms)
✔ loaded commit search rows replace preview glyphs with real status and stats (636.027666ms)
✔ Changes and Files default to Tree at narrow and wide widths (2360.239166ms)
✔ Tree and Folders layouts render identical file status and stats (1110.424333ms)
✔ rendered status matrix includes Git glyphs, numeric stats, and binary labels (702.988292ms)
✔ conflicted files render their dedicated on-screen glyph (565.624ms)
✔ large repositories fully render Changes and Files without continuation controls (778.899708ms)
✔ Files render includes current untracked paths and excludes every deleted path (448.074875ms)
✔ sidebar rows stay within terminal width for wide filenames (359.078125ms)
✔ clean Changes view states that the worktree is clean (355.280416ms)
✔ non-repository Files stays browsable with one neutral file icon (309.310875ms)
✔ keyboard can expand a commit-summary search result (492.1215ms)
✔ help overlay explains keys and icons, scrolls, and returns to a highlighted selection (728.294833ms)
✔ Escape clears a keyboard selection before a second press closes the rail (505.988917ms)
✔ fatal rail errors restore terminal modes before exiting nonzero (432.598459ms)
✔ selection survives edit, stage, and commit refreshes while Files drops a later deletion (6636.642584ms)
✔ the live rail clears main history when branches change (4517.926ms)
✔ terminal editor return and manual reload both re-read preview content (719.503792ms)
✔ preview processes coalesced search input, advances matches, and exposes horizontal navigation (219.181958ms)
✔ embedded Markdown rendering stays inside the pageable preview viewport (491.041375ms)
✔ a hostile repository config cannot auto-launch a preview executable (85.650709ms)
✔ embedded Glow renders the selected Markdown bytes through stdin (313.513ms)
✔ a configured Markdown action auto-opens embedded Glow and action 3 renders it again (288.134042ms)
✔ preview reports repaint latency for a large allowed line count (1689.328417ms)
ℹ 75,000-line preview repaint: 20ms
✔ preview avoids wrapped-row amplification for a pathological single line (138.414625ms)
✔ preview rejects pathological line counts before rendered-memory amplification (195.036041ms)
✔ one shared worker retains then removes many owner-only preview directories (1066.676875ms)
✔ shared cleanup refuses arbitrary temporary directories (2.400334ms)
✔ cleanup-worker spawn errors are contained and reported (2.21125ms)
✔ the shared worker directly expires markers and releases its ownership lock (27.020708ms)
✔ Files notices disclose independent scan and presence truncation (4.2665ms)
✔ cmux file clicks open one native preview while Herdr keeps double-click open (0.216083ms)
✔ selection reconciliation preserves errors and active transient status (0.099375ms)
✔ terminal text blocks OSC52 and every terminal control family (0.281791ms)
✔ clean Files metadata opens Raw even with a workspace descriptor (0.064625ms)
✔ successful asynchronous actions restore the pre-busy status (0.050458ms)
✔ commit preview context distinguishes first-parent and root comparisons (0.047833ms)
✔ preview tab names use a safe capped basename (0.638125ms)
✔ ambiguous-width characters follow the configured terminal setting (0.131958ms)
✔ terminal layout helpers measure, truncate, pad, and compact by display columns (0.399125ms)
✔ preview wrapping preserves gutters, ANSI styles, Unicode width, and source rows (0.566667ms)
✔ embedded renderer output keeps only SGR styling (0.114625ms)
✔ terminal input decoder preserves ordered coalesced keyboard, CSI, and mouse events (11.113542ms)
✔ pointer clicks recognize a cmux-paced double click and reset after opening (0.140875ms)
✔ an intervening non-file click cancels a pending file double click (0.082708ms)
✔ an intervening blank click cancels a pending file double click (0.069583ms)
✔ wheel and keyboard input cancel a pending file double click without treating mouse release as input (0.076709ms)
✔ summary-only commit matches can expand to meaningful file content (0.080625ms)
✔ poll timers reject corrupted intervals independently of configuration (0.09625ms)
✔ filesystem invalidations coalesce and enforce a minimum refresh cadence (0.115042ms)
✔ a successful refresh clears only refresh failures (0.045ms)
✔ SGR mouse reports can be removed without leaking bytes into search text (0.0945ms)
✔ startup provider failures become an actionable render state (0.097583ms)
✔ sidebar snapshots cannot emit OSC52 from repository and filename data (432.280333ms)
✔ preview requests serialize and skip superseded queued selections (0.356209ms)
✔ keyboard selection reveal uses rendered row position (0.082958ms)
✔ the fallback palette is indexed so it inherits the terminal theme (0.635042ms)
✔ color values accept every documented Herdr spelling (0.318584ms)
✔ token reading keeps hash colors and ignores unrelated sections (0.691125ms)
✔ scalar reading handles bare, escaped, and unterminated values (0.0735ms)
✔ [ui] accent applies only when [theme.custom] omits one (0.057833ms)
✔ only the four documented tokens override the fallback palette (0.126583ms)
✔ the config path honours HERDR_CONFIG_PATH ahead of XDG and HOME (0.09875ms)
✔ a missing, unreadable, or cmux-hosted config leaves the fallback palette (1.770875ms)
✔ compact commit ages preserve value and unit (0.672459ms)
✔ root files sort after every folder group (7.580042ms)
✔ uninstall closes only live pane instances owned by this checkout before unlinking (1.357ms)
✔ uninstall fails closed on a reused or spoofed SideRail pane (0.489167ms)
✔ the rail shows a chosen Herdr worktree and follows its pane again when released (shared) (1057.94875ms)
✔ the rail shows a chosen Herdr worktree and follows its pane again when released (in-process) (911.360208ms)
ℹ tests 563
ℹ suites 0
ℹ pass 562
ℹ fail 0
ℹ cancelled 0
ℹ skipped 1
ℹ todo 0
ℹ duration_ms 146086.85025
ℹ start of coverage report
ℹ --------------------------------------------------------------------------------------------------------------------------------------------------------------------------------------
ℹ file                          | line % | branch % | funcs % | uncovered lines
ℹ --------------------------------------------------------------------------------------------------------------------------------------------------------------------------------------
ℹ src                           |        |          |         | 
ℹ  cmux-context-watch.mjs       | 100.00 |    96.77 |  100.00 | 
ℹ  cmux-context.mjs             |  98.40 |    88.14 |   97.87 | 106-107 115-116 255-257 308-309
ℹ  cmux-preview-lifecycle.mjs   |  98.07 |    86.98 |  100.00 | 172-174 215-217 381-382
ℹ  cmux-resume.mjs              | 100.00 |    90.00 |  100.00 | 
ℹ  config.mjs                   |  97.24 |    92.86 |   96.67 | 65-66 69-70 144-145 159-160
ℹ  debug-log.mjs                |  86.67 |    83.33 |  100.00 | 13-14
ℹ  diff-view.mjs                |  86.67 |    82.35 |  100.00 | 45-48 67-72
ℹ  direct-file-open.mjs         | 100.00 |    73.33 |  100.00 | 
ℹ  files-view-model.mjs         |  98.36 |    91.76 |   95.65 | 145-147
ℹ  fixture.mjs                  | 100.00 |   100.00 |  100.00 | 
ℹ  git-invalidation.mjs         |  98.63 |    89.30 |   97.87 | 337-341
ℹ  git-parsers.mjs              | 100.00 |    95.06 |  100.00 | 
ℹ  git-provider.mjs             |  98.56 |    91.86 |  100.00 | 85-86 227-229 327-328 455-456
ℹ  git-state-client.mjs         |  92.30 |    80.89 |   93.51 | 57-60 96-97 107-108 154-157 184-186 246-250 263-269 342-343 405-409 428-431 468 531-536 620-623 666-669 693-694 702-703
ℹ  git-state-coordinator.mjs    |  92.05 |    77.63 |   90.38 | 90-92 104-106 156-157 215-217 281-283 289-292 315-317 329-330 339-340 342-345 369-370 372-375 409-411
ℹ  git-state-identity.mjs       |  99.61 |    93.24 |  100.00 | 146-147
ℹ  git-state-protocol.mjs       | 100.00 |    97.69 |  100.00 | 
ℹ  git-state-runtime.mjs        |  97.97 |    92.50 |   90.48 | 176-180
ℹ  git-watch.mjs                | 100.00 |    92.31 |  100.00 | 
ℹ  herdr-context-watch.mjs      | 100.00 |    93.51 |   96.00 | 
ℹ  herdr-context.mjs            |  89.26 |    69.81 |  100.00 | 35-45 119-120
ℹ  herdr-layout.mjs             | 100.00 |    71.43 |   83.33 | 
ℹ  herdr-pane-state.mjs         |  94.15 |    72.22 |   90.91 | 73-74 82-83 114 116 183-187
ℹ  herdr-plugin-pane.mjs        | 100.00 |   100.00 |  100.00 | 
ℹ  herdr-socket.mjs             |  94.15 |    85.11 |   92.31 | 37-41 115-116 150-152
ℹ  host-identity.mjs            | 100.00 |   100.00 |  100.00 | 
ℹ  host-setup.mjs               | 100.00 |    99.15 |  100.00 | 
ℹ  install-watch.mjs            | 100.00 |    92.50 |   90.91 | 
ℹ  model.mjs                    |  84.44 |    90.48 |   82.35 | 64-74 85-87
ℹ  node-version.mjs             | 100.00 |   100.00 |  100.00 | 
ℹ  preview-pane-lifecycle.mjs   |  89.82 |    76.56 |  100.00 | 86-97 123-127
ℹ  preview-provider.mjs         |  98.31 |    85.81 |  100.00 | 62 94 160 223
ℹ  preview-search.mjs           | 100.00 |    87.50 |  100.00 | 
ℹ  process.mjs                  |  93.85 |    89.71 |   85.00 | 81 91-94 119-120 156 184-185 187-188
ℹ  rail-state-client.mjs        | 100.00 |   100.00 |   88.89 | 
ℹ  rail-target.mjs              |  97.79 |    87.36 |   96.88 | 30-31 137-138
ℹ  refresh-scheduler.mjs        |  98.98 |    86.87 |   93.94 | 234-235 264
ℹ  repository-client.mjs        |  94.02 |    61.11 |   93.75 | 58-59 84-88
ℹ  repository-engine.mjs        | 100.00 |    84.25 |  100.00 | 
ℹ  shared-rail-runtime.mjs      |  97.96 |    86.55 |   86.36 | 202-204 227-229 258-259
ℹ  temporary-copy-retention.mjs |  94.81 |    75.44 |  100.00 | 65-66 68-69 72 151-153
ℹ  terminal-ui.mjs              |  98.54 |    90.84 |   94.34 | 194-196 247-249 362-363
ℹ  theme.mjs                    | 100.00 |    97.14 |  100.00 | 
ℹ  tui-format.mjs               | 100.00 |    77.78 |  100.00 | 
ℹ --------------------------------------------------------------------------------------------------------------------------------------------------------------------------------------
ℹ all files                     |  97.15 |    88.39 |   95.38 | 
ℹ --------------------------------------------------------------------------------------------------------------------------------------------------------------------------------------
ℹ end of coverage report
